[    0.000000] Initializing cgroup subsys cpuset
[    0.000000] Initializing cgroup subsys cpu
[    0.000000] Linux version 3.5.0-23-generic (buildd@komainu) (gcc version 4.6.3 (Ubuntu/Linaro 4.6.3-1ubuntu5) ) #35~precise1-Ubuntu SMP Fri Jan 25 17:13:26 UTC 2013 (Ubuntu 3.5.0-23.35~precise1-generic 3.5.7.2)
[    0.000000] Command line: BOOT_IMAGE=/boot/vmlinuz-3.5.0-23-generic root=UUID=7e3808ff-9bc4-4333-bc86-aacb23dc28e0 ro quiet splash vt.handoff=7
[    0.000000] KERNEL supported cpus:
[    0.000000]   Intel GenuineIntel
[    0.000000]   AMD AuthenticAMD
[    0.000000]   Centaur CentaurHauls
[    0.000000] e820: BIOS-provided physical RAM map:
[    0.000000] BIOS-e820: [mem 0x0000000000000000-0x000000000009ffff] usable
[    0.000000] BIOS-e820: [mem 0x0000000000100000-0x00000000c8ed2fff] usable
[    0.000000] BIOS-e820: [mem 0x00000000c8ed3000-0x00000000c9ed2fff] reserved
[    0.000000] BIOS-e820: [mem 0x00000000c9ed3000-0x00000000db573fff] usable
[    0.000000] BIOS-e820: [mem 0x00000000db574000-0x00000000db870fff] reserved
[    0.000000] BIOS-e820: [mem 0x00000000db871000-0x00000000db90cfff] ACPI data
[    0.000000] BIOS-e820: [mem 0x00000000db90d000-0x00000000dba81fff] ACPI NVS
[    0.000000] BIOS-e820: [mem 0x00000000dba82000-0x00000000dbb72fff] reserved
[    0.000000] BIOS-e820: [mem 0x00000000dbb73000-0x00000000dbb73fff] usable
[    0.000000] BIOS-e820: [mem 0x00000000dbb74000-0x00000000dbbf6fff] ACPI NVS
[    0.000000] BIOS-e820: [mem 0x00000000dbbf7000-0x00000000dbffffff] usable
[    0.000000] BIOS-e820: [mem 0x00000000f0000000-0x00000000f7ffffff] reserved
[    0.000000] BIOS-e820: [mem 0x00000000fed1c000-0x00000000fed1ffff] reserved
[    0.000000] BIOS-e820: [mem 0x00000000ff000000-0x00000000ffffffff] reserved
[    0.000000] BIOS-e820: [mem 0x0000000100000000-0x000000011fffffff] usable
[    0.000000] NX (Execute Disable) protection: active
[    0.000000] efi: EFI v2.31 by American Megatrends
[    0.000000] efi:  ACPI 2.0=0xdb890000  SMBIOS=0xdbb44b98  ACPI=0xdb890000  MPS=0xf4bd0 
[    0.000000] efi: mem00: type=3, attr=0xf, range=[0x0000000000000000-0x0000000000008000) (0MB)
[    0.000000] efi: mem01: type=7, attr=0xf, range=[0x0000000000008000-0x000000000003f000) (0MB)
[    0.000000] efi: mem02: type=4, attr=0xf, range=[0x000000000003f000-0x0000000000050000) (0MB)
[    0.000000] efi: mem03: type=3, attr=0xf, range=[0x0000000000050000-0x00000000000a0000) (0MB)
[    0.000000] efi: mem04: type=3, attr=0xf, range=[0x0000000000100000-0x0000000000110000) (0MB)
[    0.000000] efi: mem05: type=2, attr=0xf, range=[0x0000000000110000-0x00000000005ff000) (4MB)
[    0.000000] efi: mem06: type=7, attr=0xf, range=[0x00000000005ff000-0x0000000001000000) (10MB)
[    0.000000] efi: mem07: type=2, attr=0xf, range=[0x0000000001000000-0x0000000001100000) (1MB)
[    0.000000] efi: mem08: type=7, attr=0xf, range=[0x0000000001100000-0x0000000036242000) (849MB)
[    0.000000] efi: mem09: type=2, attr=0xf, range=[0x0000000036242000-0x0000000036245000) (0MB)
[    0.000000] efi: mem10: type=7, attr=0xf, range=[0x0000000036245000-0x0000000036248000) (0MB)
[    0.000000] efi: mem11: type=2, attr=0xf, range=[0x0000000036248000-0x000000003711c000) (14MB)
[    0.000000] efi: mem12: type=7, attr=0xf, range=[0x000000003711c000-0x0000000095c91000) (1515MB)
[    0.000000] efi: mem13: type=2, attr=0xf, range=[0x0000000095c91000-0x00000000c8ecd000) (818MB)
[    0.000000] efi: mem14: type=7, attr=0xf, range=[0x00000000c8ecd000-0x00000000c8ed3000) (0MB)
[    0.000000] efi: mem15: type=14, attr=0xf, range=[0x00000000c8ed3000-0x00000000c9ed3000) (16MB)
[    0.000000] efi: mem16: type=1, attr=0xf, range=[0x00000000c9ed3000-0x00000000c9ef1000) (0MB)
[    0.000000] efi: mem17: type=7, attr=0xf, range=[0x00000000c9ef1000-0x00000000cc647000) (39MB)
[    0.000000] efi: mem18: type=4, attr=0xf, range=[0x00000000cc647000-0x00000000cc73e000) (0MB)
[    0.000000] efi: mem19: type=7, attr=0xf, range=[0x00000000cc73e000-0x00000000cc753000) (0MB)
[    0.000000] efi: mem20: type=4, attr=0xf, range=[0x00000000cc753000-0x00000000cc7fb000) (0MB)
[    0.000000] efi: mem21: type=7, attr=0xf, range=[0x00000000cc7fb000-0x00000000cc863000) (0MB)
[    0.000000] efi: mem22: type=4, attr=0xf, range=[0x00000000cc863000-0x00000000cd18e000) (9MB)
[    0.000000] efi: mem23: type=7, attr=0xf, range=[0x00000000cd18e000-0x00000000cd18f000) (0MB)
[    0.000000] efi: mem24: type=4, attr=0xf, range=[0x00000000cd18f000-0x00000000cd190000) (0MB)
[    0.000000] efi: mem25: type=7, attr=0xf, range=[0x00000000cd190000-0x00000000cd196000) (0MB)
[    0.000000] efi: mem26: type=4, attr=0xf, range=[0x00000000cd196000-0x00000000cd197000) (0MB)
[    0.000000] efi: mem27: type=7, attr=0xf, range=[0x00000000cd197000-0x00000000cd1c1000) (0MB)
[    0.000000] efi: mem28: type=4, attr=0xf, range=[0x00000000cd1c1000-0x00000000cd1c2000) (0MB)
[    0.000000] efi: mem29: type=7, attr=0xf, range=[0x00000000cd1c2000-0x00000000cd1c4000) (0MB)
[    0.000000] efi: mem30: type=4, attr=0xf, range=[0x00000000cd1c4000-0x00000000cd1c5000) (0MB)
[    0.000000] efi: mem31: type=7, attr=0xf, range=[0x00000000cd1c5000-0x00000000cd280000) (0MB)
[    0.000000] efi: mem32: type=4, attr=0xf, range=[0x00000000cd280000-0x00000000cd295000) (0MB)
[    0.000000] efi: mem33: type=7, attr=0xf, range=[0x00000000cd295000-0x00000000cd2e1000) (0MB)
[    0.000000] efi: mem34: type=4, attr=0xf, range=[0x00000000cd2e1000-0x00000000cd2e2000) (0MB)
[    0.000000] efi: mem35: type=7, attr=0xf, range=[0x00000000cd2e2000-0x00000000cd33d000) (0MB)
[    0.000000] efi: mem36: type=4, attr=0xf, range=[0x00000000cd33d000-0x00000000cd3a2000) (0MB)
[    0.000000] efi: mem37: type=7, attr=0xf, range=[0x00000000cd3a2000-0x00000000cd3a3000) (0MB)
[    0.000000] efi: mem38: type=4, attr=0xf, range=[0x00000000cd3a3000-0x00000000cd3cc000) (0MB)
[    0.000000] efi: mem39: type=7, attr=0xf, range=[0x00000000cd3cc000-0x00000000cd3cd000) (0MB)
[    0.000000] efi: mem40: type=4, attr=0xf, range=[0x00000000cd3cd000-0x00000000cd3cf000) (0MB)
[    0.000000] efi: mem41: type=7, attr=0xf, range=[0x00000000cd3cf000-0x00000000cd3d0000) (0MB)
[    0.000000] efi: mem42: type=4, attr=0xf, range=[0x00000000cd3d0000-0x00000000cd3d1000) (0MB)
[    0.000000] efi: mem43: type=7, attr=0xf, range=[0x00000000cd3d1000-0x00000000cd581000) (1MB)
[    0.000000] efi: mem44: type=4, attr=0xf, range=[0x00000000cd581000-0x00000000cd582000) (0MB)
[    0.000000] efi: mem45: type=7, attr=0xf, range=[0x00000000cd582000-0x00000000cd5e0000) (0MB)
[    0.000000] efi: mem46: type=4, attr=0xf, range=[0x00000000cd5e0000-0x00000000cd5e1000) (0MB)
[    0.000000] efi: mem47: type=7, attr=0xf, range=[0x00000000cd5e1000-0x00000000cd5e3000) (0MB)
[    0.000000] efi: mem48: type=4, attr=0xf, range=[0x00000000cd5e3000-0x00000000cd60c000) (0MB)
[    0.000000] efi: mem49: type=7, attr=0xf, range=[0x00000000cd60c000-0x00000000cd60e000) (0MB)
[    0.000000] efi: mem50: type=4, attr=0xf, range=[0x00000000cd60e000-0x00000000cd60f000) (0MB)
[    0.000000] efi: mem51: type=7, attr=0xf, range=[0x00000000cd60f000-0x00000000cd81c000) (2MB)
[    0.000000] efi: mem52: type=4, attr=0xf, range=[0x00000000cd81c000-0x00000000cd81e000) (0MB)
[    0.000000] efi: mem53: type=7, attr=0xf, range=[0x00000000cd81e000-0x00000000cd81f000) (0MB)
[    0.000000] efi: mem54: type=4, attr=0xf, range=[0x00000000cd81f000-0x00000000cd848000) (0MB)
[    0.000000] efi: mem55: type=7, attr=0xf, range=[0x00000000cd848000-0x00000000cd84c000) (0MB)
[    0.000000] efi: mem56: type=4, attr=0xf, range=[0x00000000cd84c000-0x00000000cd84d000) (0MB)
[    0.000000] efi: mem57: type=7, attr=0xf, range=[0x00000000cd84d000-0x00000000cd84e000) (0MB)
[    0.000000] efi: mem58: type=4, attr=0xf, range=[0x00000000cd84e000-0x00000000cd84f000) (0MB)
[    0.000000] efi: mem59: type=7, attr=0xf, range=[0x00000000cd84f000-0x00000000cda60000) (2MB)
[    0.000000] efi: mem60: type=4, attr=0xf, range=[0x00000000cda60000-0x00000000cda61000) (0MB)
[    0.000000] efi: mem61: type=7, attr=0xf, range=[0x00000000cda61000-0x00000000cda62000) (0MB)
[    0.000000] efi: mem62: type=4, attr=0xf, range=[0x00000000cda62000-0x00000000cda8b000) (0MB)
[    0.000000] efi: mem63: type=7, attr=0xf, range=[0x00000000cda8b000-0x00000000cda90000) (0MB)
[    0.000000] efi: mem64: type=4, attr=0xf, range=[0x00000000cda90000-0x00000000cda91000) (0MB)
[    0.000000] efi: mem65: type=7, attr=0xf, range=[0x00000000cda91000-0x00000000cdad7000) (0MB)
[    0.000000] efi: mem66: type=4, attr=0xf, range=[0x00000000cdad7000-0x00000000cdad8000) (0MB)
[    0.000000] efi: mem67: type=7, attr=0xf, range=[0x00000000cdad8000-0x00000000cdca0000) (1MB)
[    0.000000] efi: mem68: type=4, attr=0xf, range=[0x00000000cdca0000-0x00000000cdca1000) (0MB)
[    0.000000] efi: mem69: type=7, attr=0xf, range=[0x00000000cdca1000-0x00000000cdca4000) (0MB)
[    0.000000] efi: mem70: type=4, attr=0xf, range=[0x00000000cdca4000-0x00000000cdccd000) (0MB)
[    0.000000] efi: mem71: type=7, attr=0xf, range=[0x00000000cdccd000-0x00000000cdcce000) (0MB)
[    0.000000] efi: mem72: type=4, attr=0xf, range=[0x00000000cdcce000-0x00000000cdccf000) (0MB)
[    0.000000] efi: mem73: type=7, attr=0xf, range=[0x00000000cdccf000-0x00000000cdcd2000) (0MB)
[    0.000000] efi: mem74: type=4, attr=0xf, range=[0x00000000cdcd2000-0x00000000cdcd3000) (0MB)
[    0.000000] efi: mem75: type=7, attr=0xf, range=[0x00000000cdcd3000-0x00000000cdcd4000) (0MB)
[    0.000000] efi: mem76: type=4, attr=0xf, range=[0x00000000cdcd4000-0x00000000cdcd5000) (0MB)
[    0.000000] efi: mem77: type=7, attr=0xf, range=[0x00000000cdcd5000-0x00000000cdef4000) (2MB)
[    0.000000] efi: mem78: type=4, attr=0xf, range=[0x00000000cdef4000-0x00000000cdef5000) (0MB)
[    0.000000] efi: mem79: type=7, attr=0xf, range=[0x00000000cdef5000-0x00000000cdef8000) (0MB)
[    0.000000] efi: mem80: type=4, attr=0xf, range=[0x00000000cdef8000-0x00000000cdf21000) (0MB)
[    0.000000] efi: mem81: type=7, attr=0xf, range=[0x00000000cdf21000-0x00000000cdfc6000) (0MB)
[    0.000000] efi: mem82: type=4, attr=0xf, range=[0x00000000cdfc6000-0x00000000ce077000) (0MB)
[    0.000000] efi: mem83: type=7, attr=0xf, range=[0x00000000ce077000-0x00000000ce099000) (0MB)
[    0.000000] efi: mem84: type=4, attr=0xf, range=[0x00000000ce099000-0x00000000ce20a000) (1MB)
[    0.000000] efi: mem85: type=7, attr=0xf, range=[0x00000000ce20a000-0x00000000ce22a000) (0MB)
[    0.000000] efi: mem86: type=4, attr=0xf, range=[0x00000000ce22a000-0x00000000ce27c000) (0MB)
[    0.000000] efi: mem87: type=7, attr=0xf, range=[0x00000000ce27c000-0x00000000ce29a000) (0MB)
[    0.000000] efi: mem88: type=4, attr=0xf, range=[0x00000000ce29a000-0x00000000ce2aa000) (0MB)
[    0.000000] efi: mem89: type=7, attr=0xf, range=[0x00000000ce2aa000-0x00000000ce2b0000) (0MB)
[    0.000000] efi: mem90: type=4, attr=0xf, range=[0x00000000ce2b0000-0x00000000ce545000) (2MB)
[    0.000000] efi: mem91: type=7, attr=0xf, range=[0x00000000ce545000-0x00000000ce549000) (0MB)
[    0.000000] efi: mem92: type=4, attr=0xf, range=[0x00000000ce549000-0x00000000da029000) (186MB)
[    0.000000] efi: mem93: type=7, attr=0xf, range=[0x00000000da029000-0x00000000da76d000) (7MB)
[    0.000000] efi: mem94: type=2, attr=0xf, range=[0x00000000da76d000-0x00000000da771000) (0MB)
[    0.000000] efi: mem95: type=3, attr=0xf, range=[0x00000000da771000-0x00000000db574000) (14MB)
[    0.000000] efi: mem96: type=0, attr=0xf, range=[0x00000000db574000-0x00000000db60d000) (0MB)
[    0.000000] efi: mem97: type=0, attr=0xf, range=[0x00000000db60d000-0x00000000db871000) (2MB)
[    0.000000] efi: mem98: type=9, attr=0xf, range=[0x00000000db871000-0x00000000db890000) (0MB)
[    0.000000] efi: mem99: type=9, attr=0xf, range=[0x00000000db890000-0x00000000db90d000) (0MB)
[    0.000000] efi: mem100: type=10, attr=0xf, range=[0x00000000db90d000-0x00000000db9da000) (0MB)
[    0.000000] efi: mem101: type=10, attr=0xf, range=[0x00000000db9da000-0x00000000dba82000) (0MB)
[    0.000000] efi: mem102: type=6, attr=0x800000000000000f, range=[0x00000000dba82000-0x00000000dbaa6000) (0MB)
[    0.000000] efi: mem103: type=6, attr=0x800000000000000f, range=[0x00000000dbaa6000-0x00000000dbb38000) (0MB)
[    0.000000] efi: mem104: type=6, attr=0x800000000000000f, range=[0x00000000dbb38000-0x00000000dbb3b000) (0MB)
[    0.000000] efi: mem105: type=6, attr=0x800000000000000f, range=[0x00000000dbb3b000-0x00000000dbb46000) (0MB)
[    0.000000] efi: mem106: type=5, attr=0x800000000000000f, range=[0x00000000dbb46000-0x00000000dbb4f000) (0MB)
[    0.000000] efi: mem107: type=5, attr=0x800000000000000f, range=[0x00000000dbb4f000-0x00000000dbb73000) (0MB)
[    0.000000] efi: mem108: type=4, attr=0xf, range=[0x00000000dbb73000-0x00000000dbb74000) (0MB)
[    0.000000] efi: mem109: type=10, attr=0xf, range=[0x00000000dbb74000-0x00000000dbbf7000) (0MB)
[    0.000000] efi: mem110: type=4, attr=0xf, range=[0x00000000dbbf7000-0x00000000dbd42000) (1MB)
[    0.000000] efi: mem111: type=3, attr=0xf, range=[0x00000000dbd42000-0x00000000dbfda000) (2MB)
[    0.000000] efi: mem112: type=4, attr=0xf, range=[0x00000000dbfda000-0x00000000dbfdf000) (0MB)
[    0.000000] efi: mem113: type=3, attr=0xf, range=[0x00000000dbfdf000-0x00000000dbfe5000) (0MB)
[    0.000000] efi: mem114: type=4, attr=0xf, range=[0x00000000dbfe5000-0x00000000dc000000) (0MB)
[    0.000000] efi: mem115: type=7, attr=0xf, range=[0x0000000100000000-0x0000000120000000) (512MB)
[    0.000000] efi: mem116: type=11, attr=0x8000000000000001, range=[0x00000000f0000000-0x00000000f8000000) (128MB)
[    0.000000] efi: mem117: type=11, attr=0x8000000000000001, range=[0x00000000fed1c000-0x00000000fed20000) (0MB)
[    0.000000] efi: mem118: type=11, attr=0x8000000000000001, range=[0x00000000ff000000-0x0000000100000000) (16MB)
[    0.000000] DMI 2.7 present.
[    0.000000] DMI: Hewlett-Packard HP Z420 Workstation/1589, BIOS J61 v02.08 10/17/2012
[    0.000000] e820: update [mem 0x00000000-0x0000ffff] usable ==> reserved
[    0.000000] e820: remove [mem 0x000a0000-0x000fffff] usable
[    0.000000] No AGP bridge found
[    0.000000] e820: last_pfn = 0x120000 max_arch_pfn = 0x400000000
[    0.000000] MTRR default type: write-back
[    0.000000] MTRR fixed ranges enabled:
[    0.000000]   00000-9FFFF write-back
[    0.000000]   A0000-BFFFF uncachable
[    0.000000]   C0000-DBFFF write-protect
[    0.000000]   DC000-DFFFF uncachable
[    0.000000]   E0000-FFFFF write-protect
[    0.000000] MTRR variable ranges enabled:
[    0.000000]   0 base 0000DC000000 mask 3FFFFC000000 uncachable
[    0.000000]   1 base 0000E0000000 mask 3FFFE0000000 uncachable
[    0.000000]   2 base 000120000000 mask 3FFFE0000000 uncachable
[    0.000000]   3 disabled
[    0.000000]   4 disabled
[    0.000000]   5 disabled
[    0.000000]   6 disabled
[    0.000000]   7 disabled
[    0.000000]   8 disabled
[    0.000000]   9 disabled
[    0.000000] x86 PAT enabled: cpu 0, old 0x7040600070406, new 0x7010600070106
[    0.000000] e820: last_pfn = 0xdc000 max_arch_pfn = 0x400000000
[    0.000000] found SMP MP-table at [mem 0x000f4bc0-0x000f4bcf] mapped at [ffff8800000f4bc0]
[    0.000000] initial memory mapped: [mem 0x00000000-0x1fffffff]
[    0.000000] Base memory trampoline at [ffff880000090000] 90000 size 24576
[    0.000000] Using GB pages for direct mapping
[    0.000000] init_memory_mapping: [mem 0x00000000-0xdbffffff]
[    0.000000]  [mem 0x00000000-0xbfffffff] page 1G
[    0.000000]  [mem 0xc0000000-0xdbffffff] page 2M
[    0.000000] kernel direct mapping tables up to 0xdbffffff @ [mem 0x1fffe000-0x1fffffff]
[    0.000000] init_memory_mapping: [mem 0x100000000-0x11fffffff]
[    0.000000]  [mem 0x100000000-0x11fffffff] page 2M
[    0.000000] kernel direct mapping tables up to 0x11fffffff @ [mem 0xda76f000-0xda770fff]
[    0.000000] RAMDISK: [mem 0x36248000-0x3711bfff]
[    0.000000] ACPI: RSDP 00000000db890000 00024 (v02 HPQOEM)
[    0.000000] ACPI: XSDT 00000000db890078 0006C (v01 HPQOEM SLIC-WKS 01072009 AMI  00010013)
[    0.000000] ACPI: FACP 00000000db897048 000F4 (v04 HPQOEM SLIC-WKS 01072009 AMI  00010013)
[    0.000000] ACPI: DSDT 00000000db890170 06ED6 (v02 HPQOEM SLIC-WKS 00000208 INTL 20051117)
[    0.000000] ACPI: FACS 00000000dba7ff80 00040
[    0.000000] ACPI: APIC 00000000db897140 000C8 (v03 HPQOEM SLIC-WKS 01072009 AMI  00010013)
[    0.000000] ACPI: MCFG 00000000db897208 0003C (v01 HPQOEM OEMMCFG. 01072009 MSFT 00000097)
[    0.000000] ACPI: HPET 00000000db897248 00038 (v01 HPQOEM SLIC-WKS 01072009 AMI. 00000005)
[    0.000000] ACPI: SSDT 00000000db897280 05913 (v01 COMPAQ      WMI 00000001 MSFT 03000001)
[    0.000000] ACPI: SLIC 00000000db89cb98 00176 (v01 HPQOEM SLIC-WKS 00000001      00000000)
[    0.000000] ACPI: SSDT 00000000db89cd10 017C9 (v02 HPQOEM   CpuDef 00004000 INTL 20051117)
[    0.000000] ACPI: SSDT 00000000db89e4e0 6E284 (v02  INTEL    CpuPm 00004000 INTL 20051117)
[    0.000000] ACPI: ASF! 00000000db90c768 000A5 (v32 INTEL       HCG 00000001 TFSM 000F4240)
[    0.000000] ACPI: Local APIC address 0xfee00000
[    0.000000] No NUMA configuration found
[    0.000000] Faking a node at [mem 0x0000000000000000-0x000000011fffffff]
[    0.000000] Initmem setup node 0 [mem 0x00000000-0x11fffffff]
[    0.000000]   NODE_DATA [mem 0x11fffc000-0x11fffffff]
[    0.000000]  [ffffea0000000000-ffffea00047fffff] PMD -> [ffff88011b600000-ffff88011f5fffff] on node 0
[    0.000000] Zone ranges:
[    0.000000]   DMA      [mem 0x00010000-0x00ffffff]
[    0.000000]   DMA32    [mem 0x01000000-0xffffffff]
[    0.000000]   Normal   [mem 0x100000000-0x11fffffff]
[    0.000000] Movable zone start for each node
[    0.000000] Early memory node ranges
[    0.000000]   node   0: [mem 0x00010000-0x0009ffff]
[    0.000000]   node   0: [mem 0x00100000-0xc8ed2fff]
[    0.000000]   node   0: [mem 0xc9ed3000-0xdb573fff]
[    0.000000]   node   0: [mem 0xdbb73000-0xdbb73fff]
[    0.000000]   node   0: [mem 0xdbbf7000-0xdbffffff]
[    0.000000]   node   0: [mem 0x100000000-0x11fffffff]
[    0.000000] On node 0 totalpages: 1026318
[    0.000000]   DMA zone: 64 pages used for memmap
[    0.000000]   DMA zone: 49 pages reserved
[    0.000000]   DMA zone: 3871 pages, LIFO batch:0
[    0.000000]   DMA32 zone: 16320 pages used for memmap
[    0.000000]   DMA32 zone: 874942 pages, LIFO batch:31
[    0.000000]   Normal zone: 2048 pages used for memmap
[    0.000000]   Normal zone: 129024 pages, LIFO batch:31
[    0.000000] ACPI: PM-Timer IO Port: 0x408
[    0.000000] ACPI: Local APIC address 0xfee00000
[    0.000000] ACPI: LAPIC (acpi_id[0x00] lapic_id[0x00] enabled)
[    0.000000] ACPI: LAPIC (acpi_id[0x02] lapic_id[0x02] enabled)
[    0.000000] ACPI: LAPIC (acpi_id[0x04] lapic_id[0x04] enabled)
[    0.000000] ACPI: LAPIC (acpi_id[0x06] lapic_id[0x06] enabled)
[    0.000000] ACPI: LAPIC (acpi_id[0x01] lapic_id[0x01] enabled)
[    0.000000] ACPI: LAPIC (acpi_id[0x03] lapic_id[0x03] enabled)
[    0.000000] ACPI: LAPIC (acpi_id[0x05] lapic_id[0x05] enabled)
[    0.000000] ACPI: LAPIC (acpi_id[0x07] lapic_id[0x07] enabled)
[    0.000000] ACPI: LAPIC_NMI (acpi_id[0x00] high edge lint[0x1])
[    0.000000] ACPI: LAPIC_NMI (acpi_id[0x02] high edge lint[0x1])
[    0.000000] ACPI: LAPIC_NMI (acpi_id[0x04] high edge lint[0x1])
[    0.000000] ACPI: LAPIC_NMI (acpi_id[0x06] high edge lint[0x1])
[    0.000000] ACPI: LAPIC_NMI (acpi_id[0x01] high edge lint[0x1])
[    0.000000] ACPI: LAPIC_NMI (acpi_id[0x03] high edge lint[0x1])
[    0.000000] ACPI: LAPIC_NMI (acpi_id[0x05] high edge lint[0x1])
[    0.000000] ACPI: LAPIC_NMI (acpi_id[0x07] high edge lint[0x1])
[    0.000000] ACPI: IOAPIC (id[0x00] address[0xfec00000] gsi_base[0])
[    0.000000] IOAPIC[0]: apic_id 0, version 32, address 0xfec00000, GSI 0-23
[    0.000000] ACPI: IOAPIC (id[0x02] address[0xfec01000] gsi_base[24])
[    0.000000] IOAPIC[1]: apic_id 2, version 32, address 0xfec01000, GSI 24-47
[    0.000000] ACPI: INT_SRC_OVR (bus 0 bus_irq 0 global_irq 2 dfl dfl)
[    0.000000] ACPI: INT_SRC_OVR (bus 0 bus_irq 9 global_irq 9 high level)
[    0.000000] ACPI: IRQ0 used by override.
[    0.000000] ACPI: IRQ2 used by override.
[    0.000000] ACPI: IRQ9 used by override.
[    0.000000] Using ACPI (MADT) for SMP configuration information
[    0.000000] ACPI: HPET id: 0x8086a701 base: 0xfed00000
[    0.000000] SMP: Allowing 8 CPUs, 0 hotplug CPUs
[    0.000000] nr_irqs_gsi: 64
[    0.000000] PM: Registered nosave memory: 00000000000a0000 - 0000000000100000
[    0.000000] PM: Registered nosave memory: 00000000c8ed3000 - 00000000c9ed3000
[    0.000000] PM: Registered nosave memory: 00000000db574000 - 00000000db871000
[    0.000000] PM: Registered nosave memory: 00000000db871000 - 00000000db90d000
[    0.000000] PM: Registered nosave memory: 00000000db90d000 - 00000000dba82000
[    0.000000] PM: Registered nosave memory: 00000000dba82000 - 00000000dbb73000
[    0.000000] PM: Registered nosave memory: 00000000dbb74000 - 00000000dbbf7000
[    0.000000] PM: Registered nosave memory: 00000000dc000000 - 00000000f0000000
[    0.000000] PM: Registered nosave memory: 00000000f0000000 - 00000000f8000000
[    0.000000] PM: Registered nosave memory: 00000000f8000000 - 00000000fed1c000
[    0.000000] PM: Registered nosave memory: 00000000fed1c000 - 00000000fed20000
[    0.000000] PM: Registered nosave memory: 00000000fed20000 - 00000000ff000000
[    0.000000] PM: Registered nosave memory: 00000000ff000000 - 0000000100000000
[    0.000000] e820: [mem 0xdc000000-0xefffffff] available for PCI devices
[    0.000000] Booting paravirtualized kernel on bare hardware
[    0.000000] setup_percpu: NR_CPUS:256 nr_cpumask_bits:256 nr_cpu_ids:8 nr_node_ids:1
[    0.000000] PERCPU: Embedded 28 pages/cpu @ffff88011fc00000 s83584 r8192 d22912 u262144
[    0.000000] pcpu-alloc: s83584 r8192 d22912 u262144 alloc=1*2097152
[    0.000000] pcpu-alloc: [0] 0 1 2 3 4 5 6 7 
[    0.000000] Built 1 zonelists in Node order, mobility grouping on.  Total pages: 1007837
[    0.000000] Policy zone: Normal
[    0.000000] Kernel command line: BOOT_IMAGE=/boot/vmlinuz-3.5.0-23-generic root=UUID=7e3808ff-9bc4-4333-bc86-aacb23dc28e0 ro quiet splash vt.handoff=7
[    0.000000] PID hash table entries: 4096 (order: 3, 32768 bytes)
[    0.000000] __ex_table already sorted, skipping sort
[    0.000000] xsave/xrstor: enabled xstate_bv 0x7, cntxt size 0x340
[    0.000000] Checking aperture...
[    0.000000] No AGP bridge found
[    0.000000] Calgary: detecting Calgary via BIOS EBDA area
[    0.000000] Calgary: Unable to locate Rio Grande table in EBDA - bailing!
[    0.000000] Memory: 3713876k/4718592k available (6828k kernel code, 613320k absent, 391396k reserved, 6342k data, 948k init)
[    0.000000] SLUB: Genslabs=15, HWalign=64, Order=0-3, MinObjects=0, CPUs=8, Nodes=1
[    0.000000] Hierarchical RCU implementation.
[    0.000000] 	RCU dyntick-idle grace-period acceleration is enabled.
[    0.000000] NR_IRQS:16640 nr_irqs:1152 16
[    0.000000] Extended CMOS year: 2000
[    0.000000] vt handoff: transparent VT on vt#7
[    0.000000] Console: colour dummy device 80x25
[    0.000000] console [tty0] enabled
[    0.000000] allocated 16777216 bytes of page_cgroup
[    0.000000] please try 'cgroup_disable=memory' option if you don't want memory cgroups
[    0.000000] hpet clockevent registered
[    0.000000] Fast TSC calibration using PIT
[    0.004000] Detected 3591.134 MHz processor.
[    0.000002] Calibrating delay loop (skipped), value calculated using timer frequency.. 7182.26 BogoMIPS (lpj=14364536)
[    0.000004] pid_max: default: 32768 minimum: 301
[    0.011650] Security Framework initialized
[    0.011659] AppArmor: AppArmor initialized
[    0.011659] Yama: becoming mindful.
[    0.011850] Dentry cache hash table entries: 524288 (order: 10, 4194304 bytes)
[    0.012430] Inode-cache hash table entries: 262144 (order: 9, 2097152 bytes)
[    0.012676] Mount-cache hash table entries: 256
[    0.012785] Initializing cgroup subsys cpuacct
[    0.012787] Initializing cgroup subsys memory
[    0.012792] Initializing cgroup subsys devices
[    0.012792] Initializing cgroup subsys freezer
[    0.012793] Initializing cgroup subsys blkio
[    0.012794] Initializing cgroup subsys perf_event
[    0.012812] CPU: Physical Processor ID: 0
[    0.012812] CPU: Processor Core ID: 0
[    0.012816] ENERGY_PERF_BIAS: Set to 'normal', was 'performance'
[    0.012816] ENERGY_PERF_BIAS: View and update with x86_energy_perf_policy(8)
[    0.012818] mce: CPU supports 16 MCE banks
[    0.012835] CPU0: Thermal monitoring enabled (TM1)
[    0.012848] using mwait in idle threads.
[    0.014572] ACPI: Core revision 20120320
[    0.029248] ftrace: allocating 27653 entries in 109 pages
[    0.039271] ..TIMER: vector=0x30 apic1=0 pin1=2 apic2=-1 pin2=-1
[    0.078935] CPU0: Intel(R) Xeon(R) CPU E5-1620 0 @ 3.60GHz stepping 07
[    0.185130] Performance Events: PEBS fmt1+, 16-deep LBR, SandyBridge events, Intel PMU driver.
[    0.185134] PEBS disabled due to CPU errata.
[    0.185135] ... version:                3
[    0.185135] ... bit width:              48
[    0.185136] ... generic registers:      4
[    0.185137] ... value mask:             0000ffffffffffff
[    0.185137] ... max period:             000000007fffffff
[    0.185138] ... fixed-purpose events:   3
[    0.185139] ... event mask:             000000070000000f
[    0.185255] NMI watchdog: enabled on all CPUs, permanently consumes one hw-PMU counter.
[    0.185316] Booting Node   0, Processors  #1 #2 #3 #4 #5 #6 #7 Ok.
[    0.277602] Brought up 8 CPUs
[    0.277605] Total of 8 processors activated (57458.14 BogoMIPS).
[    0.285092] devtmpfs: initialized
[    0.285640] EVM: security.selinux
[    0.285641] EVM: security.SMACK64
[    0.285641] EVM: security.capability
[    0.285666] PM: Registering ACPI NVS region [mem 0xdb90d000-0xdba81fff] (1527808 bytes)
[    0.285682] PM: Registering ACPI NVS region [mem 0xdbb74000-0xdbbf6fff] (536576 bytes)
[    0.286145] dummy: 
[    0.286171] RTC time:  3:09:11, date: 07/08/13
[    0.286192] NET: Registered protocol family 16
[    0.286254] Trying to unpack rootfs image as initramfs...
[    0.286289] ACPI FADT declares the system doesn't support PCIe ASPM, so disable it
[    0.286291] ACPI: bus type pci registered
[    0.286323] PCI: MMCONFIG for domain 0000 [bus 00-7f] at [mem 0xf0000000-0xf7ffffff] (base 0xf0000000)
[    0.286325] PCI: MMCONFIG at [mem 0xf0000000-0xf7ffffff] reserved in E820
[    0.294151] PCI: Using configuration type 1 for base access
[    0.294723] bio: create slab <bio-0> at 0
[    0.294768] ACPI: Added _OSI(Module Device)
[    0.294770] ACPI: Added _OSI(Processor Device)
[    0.294771] ACPI: Added _OSI(3.0 _SCP Extensions)
[    0.294772] ACPI: Added _OSI(Processor Aggregator Device)
[    0.298018] ACPI: EC: Look up EC in DSDT
[    0.301306] ACPI: Executed 1 blocks of module-level executable AML code
[    0.349888] ACPI: Interpreter enabled
[    0.349892] ACPI: (supports S0 S3 S4 S5)
[    0.349903] ACPI: Using IOAPIC for interrupt routing
[    0.350376] [Firmware Bug]: ACPI: BIOS _OSI(Linux) query ignored
[    0.353125] ACPI: No dock devices found.
[    0.353128] PCI: Using host bridge windows from ACPI; if necessary, use "pci=nocrs" and report a bug
[    0.353271] ACPI: PCI Root Bridge [PCI0] (domain 0000 [bus 00-3f])
[    0.353437] pci_root PNP0A08:00: host bridge window [io  0x0000-0x03af]
[    0.353439] pci_root PNP0A08:00: host bridge window [io  0x03e0-0x0cf7]
[    0.353440] pci_root PNP0A08:00: host bridge window [io  0x03b0-0x03df]
[    0.353441] pci_root PNP0A08:00: host bridge window [io  0x0d00-0xffff]
[    0.353442] pci_root PNP0A08:00: host bridge window [mem 0x000a0000-0x000bffff]
[    0.353443] pci_root PNP0A08:00: host bridge window [mem 0x000c0000-0x000dffff]
[    0.353444] pci_root PNP0A08:00: host bridge window [mem 0xe0000000-0xefffffff]
[    0.353462] PCI host bridge to bus 0000:00
[    0.353464] pci_bus 0000:00: root bus resource [io  0x0000-0x03af]
[    0.353465] pci_bus 0000:00: root bus resource [io  0x03e0-0x0cf7]
[    0.353466] pci_bus 0000:00: root bus resource [io  0x03b0-0x03df]
[    0.353467] pci_bus 0000:00: root bus resource [io  0x0d00-0xffff]
[    0.353468] pci_bus 0000:00: root bus resource [mem 0x000a0000-0x000bffff]
[    0.353469] pci_bus 0000:00: root bus resource [mem 0x000c0000-0x000dffff]
[    0.353470] pci_bus 0000:00: root bus resource [mem 0xe0000000-0xefffffff]
[    0.353480] pci 0000:00:00.0: [8086:3c00] type 00 class 0x060000
[    0.353528] pci 0000:00:00.0: PME# supported from D0 D3hot D3cold
[    0.353550] pci 0000:00:01.0: [8086:3c02] type 01 class 0x060400
[    0.353605] pci 0000:00:01.0: PME# supported from D0 D3hot D3cold
[    0.353632] pci 0000:00:02.0: [8086:3c04] type 01 class 0x060400
[    0.353687] pci 0000:00:02.0: PME# supported from D0 D3hot D3cold
[    0.353713] pci 0000:00:03.0: [8086:3c08] type 01 class 0x060400
[    0.353767] pci 0000:00:03.0: PME# supported from D0 D3hot D3cold
[    0.353790] pci 0000:00:05.0: [8086:3c28] type 00 class 0x088000
[    0.353855] pci 0000:00:05.2: [8086:3c2a] type 00 class 0x088000
[    0.353918] pci 0000:00:05.4: [8086:3c2c] type 00 class 0x080020
[    0.353928] pci 0000:00:05.4: reg 10: [mem 0xef327000-0xef327fff]
[    0.353995] pci 0000:00:11.0: [8086:1d3e] type 01 class 0x060400
[    0.354090] pci 0000:00:11.0: PME# supported from D0 D3hot D3cold
[    0.354122] pci 0000:00:16.0: [8086:1d3a] type 00 class 0x078000
[    0.354142] pci 0000:00:16.0: reg 10: [mem 0xef326000-0xef32600f 64bit]
[    0.354210] pci 0000:00:16.0: PME# supported from D0 D3hot D3cold
[    0.354230] pci 0000:00:16.2: [8086:1d3c] type 00 class 0x010185
[    0.354245] pci 0000:00:16.2: reg 10: [io  0xe0b0-0xe0b7]
[    0.354253] pci 0000:00:16.2: reg 14: [io  0xe0a0-0xe0a3]
[    0.354261] pci 0000:00:16.2: reg 18: [io  0xe090-0xe097]
[    0.354269] pci 0000:00:16.2: reg 1c: [io  0xe080-0xe083]
[    0.354277] pci 0000:00:16.2: reg 20: [io  0xe070-0xe07f]
[    0.354339] pci 0000:00:16.3: [8086:1d3d] type 00 class 0x070002
[    0.354355] pci 0000:00:16.3: reg 10: [io  0xe060-0xe067]
[    0.354363] pci 0000:00:16.3: reg 14: [mem 0xef324000-0xef324fff]
[    0.354449] pci 0000:00:19.0: [8086:1502] type 00 class 0x020000
[    0.354464] pci 0000:00:19.0: reg 10: [mem 0xef300000-0xef31ffff]
[    0.354471] pci 0000:00:19.0: reg 14: [mem 0xef32a000-0xef32afff]
[    0.354478] pci 0000:00:19.0: reg 18: [io  0xe040-0xe05f]
[    0.354533] pci 0000:00:19.0: PME# supported from D0 D3hot D3cold
[    0.354554] pci 0000:00:1a.0: [8086:1d2d] type 00 class 0x0c0320
[    0.354572] pci 0000:00:1a.0: reg 10: [mem 0xef32c000-0xef32c3ff]
[    0.354653] pci 0000:00:1a.0: PME# supported from D0 D3hot D3cold
[    0.354675] pci 0000:00:1b.0: [8086:1d20] type 00 class 0x040300
[    0.354687] pci 0000:00:1b.0: reg 10: [mem 0xef320000-0xef323fff 64bit]
[    0.354746] pci 0000:00:1b.0: PME# supported from D0 D3hot D3cold
[    0.354766] pci 0000:00:1c.0: [8086:1d12] type 01 class 0x060400
[    0.354836] pci 0000:00:1c.0: PME# supported from D0 D3hot D3cold
[    0.354867] pci 0000:00:1c.5: [8086:1d18] type 01 class 0x060400
[    0.354994] pci 0000:00:1c.5: PME# supported from D0 D3hot D3cold
[    0.355022] pci 0000:00:1c.6: [8086:1d14] type 01 class 0x060400
[    0.355092] pci 0000:00:1c.6: PME# supported from D0 D3hot D3cold
[    0.355112] pci 0000:00:1c.7: [8086:1d16] type 01 class 0x060400
[    0.355183] pci 0000:00:1c.7: PME# supported from D0 D3hot D3cold
[    0.355207] pci 0000:00:1d.0: [8086:1d26] type 00 class 0x0c0320
[    0.355226] pci 0000:00:1d.0: reg 10: [mem 0xef32b000-0xef32b3ff]
[    0.355307] pci 0000:00:1d.0: PME# supported from D0 D3hot D3cold
[    0.355324] pci 0000:00:1e.0: [8086:244e] type 01 class 0x060401
[    0.355378] pci 0000:00:1f.0: [8086:1d41] type 00 class 0x060100
[    0.355490] pci 0000:00:1f.2: [8086:2826] type 00 class 0x010400
[    0.355505] pci 0000:00:1f.2: reg 10: [io  0xe0f0-0xe0f7]
[    0.355511] pci 0000:00:1f.2: reg 14: [io  0xe0e0-0xe0e3]
[    0.355518] pci 0000:00:1f.2: reg 18: [io  0xe0d0-0xe0d7]
[    0.355524] pci 0000:00:1f.2: reg 1c: [io  0xe0c0-0xe0c3]
[    0.355530] pci 0000:00:1f.2: reg 20: [io  0xe020-0xe03f]
[    0.355537] pci 0000:00:1f.2: reg 24: [mem 0xef329000-0xef3297ff]
[    0.355575] pci 0000:00:1f.2: PME# supported from D3hot
[    0.355590] pci 0000:00:1f.3: [8086:1d22] type 00 class 0x0c0500
[    0.355603] pci 0000:00:1f.3: reg 10: [mem 0xef328000-0xef3280ff 64bit]
[    0.355621] pci 0000:00:1f.3: reg 20: [io  0xe000-0xe01f]
[    0.355675] pci 0000:00:01.0: PCI bridge to [bus 03-03]
[    0.355720] pci 0000:05:00.0: [10de:0df8] type 00 class 0x030000
[    0.355727] pci 0000:05:00.0: reg 10: [mem 0xee000000-0xeeffffff]
[    0.355734] pci 0000:05:00.0: reg 14: [mem 0xe0000000-0xe7ffffff 64bit pref]
[    0.355741] pci 0000:05:00.0: reg 1c: [mem 0xe8000000-0xe9ffffff 64bit pref]
[    0.355746] pci 0000:05:00.0: reg 24: [io  0xc000-0xc07f]
[    0.355751] pci 0000:05:00.0: reg 30: [mem 0xef000000-0xef07ffff pref]
[    0.355790] pci 0000:05:00.1: [10de:0bea] type 00 class 0x040300
[    0.355797] pci 0000:05:00.1: reg 10: [mem 0xef080000-0xef083fff]
[    0.361047] pci 0000:00:02.0: PCI bridge to [bus 05-05]
[    0.361050] pci 0000:00:02.0:   bridge window [io  0xc000-0xcfff]
[    0.361052] pci 0000:00:02.0:   bridge window [mem 0xee000000-0xef0fffff]
[    0.361058] pci 0000:00:02.0:   bridge window [mem 0xe0000000-0xe9ffffff 64bit pref]
[    0.361091] pci 0000:00:03.0: PCI bridge to [bus 04-04]
[    0.361159] pci 0000:02:00.0: [8086:1d6b] type 00 class 0x010700
[    0.361177] pci 0000:02:00.0: reg 10: [mem 0xea87c000-0xea87ffff 64bit pref]
[    0.361191] pci 0000:02:00.0: reg 18: [mem 0xea400000-0xea7fffff 64bit pref]
[    0.361200] pci 0000:02:00.0: reg 20: [io  0xd000-0xd0ff]
[    0.361299] pci 0000:02:00.0: reg 164: [mem 0xea800000-0xea803fff 64bit pref]
[    0.361353] pci 0000:00:11.0: PCI bridge to [bus 02-02]
[    0.361357] pci 0000:00:11.0:   bridge window [io  0xd000-0xdfff]
[    0.361365] pci 0000:00:11.0:   bridge window [mem 0xea400000-0xea8fffff 64bit pref]
[    0.361404] pci 0000:00:1c.0: PCI bridge to [bus 01-01]
[    0.361481] pci 0000:00:1c.5: PCI bridge to [bus 06-06]
[    0.361533] pci 0000:00:1c.6: PCI bridge to [bus 07-07]
[    0.361598] pci 0000:08:00.0: [104c:8241] type 00 class 0x0c0330
[    0.361621] pci 0000:08:00.0: reg 10: [mem 0xef200000-0xef20ffff 64bit]
[    0.361640] pci 0000:08:00.0: reg 18: [mem 0xef210000-0xef211fff 64bit]
[    0.361739] pci 0000:08:00.0: supports D1 D2
[    0.361740] pci 0000:08:00.0: PME# supported from D0 D1 D2 D3hot D3cold
[    0.369046] pci 0000:00:1c.7: PCI bridge to [bus 08-08]
[    0.369052] pci 0000:00:1c.7:   bridge window [mem 0xef200000-0xef2fffff]
[    0.369087] pci 0000:09:05.0: [11c1:5811] type 00 class 0x0c0010
[    0.369101] pci 0000:09:05.0: reg 10: [mem 0xef100000-0xef100fff]
[    0.369168] pci 0000:09:05.0: supports D1 D2
[    0.369169] pci 0000:09:05.0: PME# supported from D0 D1 D2 D3hot
[    0.369205] pci 0000:00:1e.0: PCI bridge to [bus 09-09] (subtractive decode)
[    0.369209] pci 0000:00:1e.0:   bridge window [mem 0xef100000-0xef1fffff]
[    0.369213] pci 0000:00:1e.0:   bridge window [io  0x0000-0x03af] (subtractive decode)
[    0.369214] pci 0000:00:1e.0:   bridge window [io  0x03e0-0x0cf7] (subtractive decode)
[    0.369215] pci 0000:00:1e.0:   bridge window [io  0x03b0-0x03df] (subtractive decode)
[    0.369217] pci 0000:00:1e.0:   bridge window [io  0x0d00-0xffff] (subtractive decode)
[    0.369218] pci 0000:00:1e.0:   bridge window [mem 0x000a0000-0x000bffff] (subtractive decode)
[    0.369219] pci 0000:00:1e.0:   bridge window [mem 0x000c0000-0x000dffff] (subtractive decode)
[    0.369220] pci 0000:00:1e.0:   bridge window [mem 0xe0000000-0xefffffff] (subtractive decode)
[    0.369259] ACPI: PCI Interrupt Routing Table [\_SB_.PCI0._PRT]
[    0.369344] ACPI: PCI Interrupt Routing Table [\_SB_.PCI0.BR20._PRT]
[    0.369372] ACPI: PCI Interrupt Routing Table [\_SB_.PCI0.NPE1._PRT]
[    0.369388] ACPI: PCI Interrupt Routing Table [\_SB_.PCI0.NPE2._PRT]
[    0.369404] ACPI: PCI Interrupt Routing Table [\_SB_.PCI0.NPE3._PRT]
[    0.369422] ACPI: PCI Interrupt Routing Table [\_SB_.PCI0.PEX1._PRT]
[    0.369433] ACPI: PCI Interrupt Routing Table [\_SB_.PCI0.PEX2._PRT]
[    0.369449] ACPI: PCI Interrupt Routing Table [\_SB_.PCI0.PEX3._PRT]
[    0.369460] ACPI: PCI Interrupt Routing Table [\_SB_.PCI0.PEX4._PRT]
[    0.369476] ACPI: PCI Interrupt Routing Table [\_SB_.PCI0.PEX8._PRT]
[    0.369535]  pci0000:00: Requesting ACPI _OSC control (0x1d)
[    0.369611]  pci0000:00: ACPI _OSC request failed (AE_SUPPORT), returned control mask: 0x0d
[    0.369611] ACPI _OSC control for PCIe not granted, disabling ASPM
[    0.373013] ACPI: PCI Root Bridge [PCI1] (domain 0000 [bus 40-ff])
[    0.373132] pci_root PNP0A08:01: host bridge window [io  0x0000-0x03af]
[    0.373133] pci_root PNP0A08:01: host bridge window [io  0x03e0-0x0cf7]
[    0.373135] pci_root PNP0A08:01: host bridge window [mem 0x000c0000-0x000dffff]
[    0.373150] PCI host bridge to bus 0000:40
[    0.373151] pci_bus 0000:40: root bus resource [io  0x0000-0x03af]
[    0.373153] pci_bus 0000:40: root bus resource [io  0x03e0-0x0cf7]
[    0.373154] pci_bus 0000:40: root bus resource [mem 0x000c0000-0x000dffff]
[    0.373180] ACPI: PCI Interrupt Routing Table [\_SB_.PCI1._PRT]
[    0.373240]  pci0000:40: Requesting ACPI _OSC control (0x1d)
[    0.373314]  pci0000:40: ACPI _OSC request failed (AE_SUPPORT), returned control mask: 0x0d
[    0.373314] ACPI _OSC control for PCIe not granted, disabling ASPM
[    0.373341] ACPI: PCI Interrupt Link [LNKA] (IRQs 3 4 5 6 7 10 *11 12 14 15)
[    0.373367] ACPI: PCI Interrupt Link [LNKB] (IRQs 3 4 5 6 *7 10 11 12 14 15)
[    0.373391] ACPI: PCI Interrupt Link [LNKC] (IRQs 3 *4 5 6 10 11 12 14 15)
[    0.373415] ACPI: PCI Interrupt Link [LNKD] (IRQs *3 4 5 6 10 11 12 14 15)
[    0.373439] ACPI: PCI Interrupt Link [LNKE] (IRQs 3 4 *5 6 7 10 11 12 14 15)
[    0.373463] ACPI: PCI Interrupt Link [LNKF] (IRQs 3 4 5 6 7 10 11 12 14 15) *0
[    0.373487] ACPI: PCI Interrupt Link [LNKG] (IRQs 3 4 5 6 7 10 *11 12 14 15)
[    0.373510] ACPI: PCI Interrupt Link [LNKH] (IRQs 3 4 5 6 7 *10 11 12 14 15)
[    0.373577] vgaarb: device added: PCI:0000:05:00.0,decodes=io+mem,owns=io+mem,locks=none
[    0.373579] vgaarb: loaded
[    0.373580] vgaarb: bridge control possible 0000:05:00.0
[    0.373675] SCSI subsystem initialized
[    0.373705] libata version 3.00 loaded.
[    0.373718] ACPI: bus type usb registered
[    0.373728] usbcore: registered new interface driver usbfs
[    0.373733] usbcore: registered new interface driver hub
[    0.373744] usbcore: registered new device driver usb
[    0.373782] PCI: Using ACPI for IRQ routing
[    0.376419] PCI: Discovered peer bus 7f
[    0.376420] PCI: root bus 7f: using default resources
[    0.376422] PCI: Probing PCI hardware (bus 7f)
[    0.376437] PCI host bridge to bus 0000:7f
[    0.376438] pci_bus 0000:7f: root bus resource [io  0x0000-0xffff]
[    0.376439] pci_bus 0000:7f: root bus resource [mem 0x00000000-0x3fffffffffff]
[    0.376446] pci 0000:7f:08.0: [8086:3c80] type 00 class 0x088000
[    0.376477] pci 0000:7f:08.3: [8086:3c83] type 00 class 0x088000
[    0.376513] pci 0000:7f:08.4: [8086:3c84] type 00 class 0x088000
[    0.376555] pci 0000:7f:09.0: [8086:3c90] type 00 class 0x088000
[    0.376583] pci 0000:7f:09.3: [8086:3c93] type 00 class 0x088000
[    0.376618] pci 0000:7f:09.4: [8086:3c94] type 00 class 0x088000
[    0.376659] pci 0000:7f:0a.0: [8086:3cc0] type 00 class 0x088000
[    0.376680] pci 0000:7f:0a.1: [8086:3cc1] type 00 class 0x088000
[    0.376701] pci 0000:7f:0a.2: [8086:3cc2] type 00 class 0x088000
[    0.376721] pci 0000:7f:0a.3: [8086:3cd0] type 00 class 0x088000
[    0.376742] pci 0000:7f:0b.0: [8086:3ce0] type 00 class 0x088000
[    0.376760] pci 0000:7f:0b.3: [8086:3ce3] type 00 class 0x088000
[    0.376779] pci 0000:7f:0c.0: [8086:3ce8] type 00 class 0x088000
[    0.376797] pci 0000:7f:0c.1: [8086:3ce8] type 00 class 0x088000
[    0.376816] pci 0000:7f:0c.6: [8086:3cf4] type 00 class 0x088000
[    0.376834] pci 0000:7f:0c.7: [8086:3cf6] type 00 class 0x088000
[    0.376853] pci 0000:7f:0d.0: [8086:3ce8] type 00 class 0x088000
[    0.376871] pci 0000:7f:0d.1: [8086:3ce8] type 00 class 0x088000
[    0.376891] pci 0000:7f:0d.6: [8086:3cf5] type 00 class 0x088000
[    0.376909] pci 0000:7f:0e.0: [8086:3ca0] type 00 class 0x088000
[    0.376930] pci 0000:7f:0e.1: [8086:3c46] type 00 class 0x110100
[    0.376954] pci 0000:7f:0f.0: [8086:3ca8] type 00 class 0x088000
[    0.376983] pci 0000:7f:0f.1: [8086:3c71] type 00 class 0x088000
[    0.377012] pci 0000:7f:0f.2: [8086:3caa] type 00 class 0x088000
[    0.377045] pci 0000:7f:0f.3: [8086:3cab] type 00 class 0x088000
[    0.377074] pci 0000:7f:0f.4: [8086:3cac] type 00 class 0x088000
[    0.377102] pci 0000:7f:0f.5: [8086:3cad] type 00 class 0x088000
[    0.377131] pci 0000:7f:0f.6: [8086:3cae] type 00 class 0x088000
[    0.377155] pci 0000:7f:10.0: [8086:3cb0] type 00 class 0x088000
[    0.377185] pci 0000:7f:10.1: [8086:3cb1] type 00 class 0x088000
[    0.377214] pci 0000:7f:10.2: [8086:3cb2] type 00 class 0x088000
[    0.377243] pci 0000:7f:10.3: [8086:3cb3] type 00 class 0x088000
[    0.377273] pci 0000:7f:10.4: [8086:3cb4] type 00 class 0x088000
[    0.377302] pci 0000:7f:10.5: [8086:3cb5] type 00 class 0x088000
[    0.377332] pci 0000:7f:10.6: [8086:3cb6] type 00 class 0x088000
[    0.377361] pci 0000:7f:10.7: [8086:3cb7] type 00 class 0x088000
[    0.377388] pci 0000:7f:11.0: [8086:3cb8] type 00 class 0x088000
[    0.377414] pci 0000:7f:13.0: [8086:3ce4] type 00 class 0x088000
[    0.377432] pci 0000:7f:13.1: [8086:3c43] type 00 class 0x110100
[    0.377451] pci 0000:7f:13.4: [8086:3ce6] type 00 class 0x110100
[    0.377471] pci 0000:7f:13.5: [8086:3c44] type 00 class 0x110100
[    0.377489] pci 0000:7f:13.6: [8086:3c45] type 00 class 0x088000
[    0.377896] PCI: pci_cache_line_size set to 64 bytes
[    0.378009] e820: reserve RAM buffer [mem 0xc8ed3000-0xcbffffff]
[    0.378010] e820: reserve RAM buffer [mem 0xdb574000-0xdbffffff]
[    0.378012] e820: reserve RAM buffer [mem 0xdbb74000-0xdbffffff]
[    0.378069] NetLabel: Initializing
[    0.378070] NetLabel:  domain hash size = 128
[    0.378071] NetLabel:  protocols = UNLABELED CIPSOv4
[    0.378079] NetLabel:  unlabeled traffic allowed by default
[    0.378114] hpet0: at MMIO 0xfed00000, IRQs 2, 8, 0, 0, 0, 0, 0, 0
[    0.378118] hpet0: 8 comparators, 64-bit 14.318180 MHz counter
[    0.380136] Switching to clocksource hpet
[    0.383809] AppArmor: AppArmor Filesystem Enabled
[    0.383821] pnp: PnP ACPI init
[    0.383829] ACPI: bus type pnp registered
[    0.383946] pnp 00:00: [bus 00-3f]
[    0.383948] pnp 00:00: [io  0x0cf8-0x0cff]
[    0.383949] pnp 00:00: [io  0x0000-0x03af window]
[    0.383950] pnp 00:00: [io  0x03e0-0x0cf7 window]
[    0.383951] pnp 00:00: [io  0x03b0-0x03df window]
[    0.383952] pnp 00:00: [io  0x0d00-0xffff window]
[    0.383954] pnp 00:00: [mem 0x000a0000-0x000bffff window]
[    0.383955] pnp 00:00: [mem 0x000c0000-0x000dffff window]
[    0.383956] pnp 00:00: [mem 0xe0000000-0xefffffff window]
[    0.383957] pnp 00:00: [mem 0x00000000 window]
[    0.383958] pnp 00:00: [mem 0x00000000 window]
[    0.383999] pnp 00:00: Plug and Play ACPI device, IDs PNP0a08 PNP0a03 (active)
[    0.384020] pnp 00:01: [mem 0xfc000000-0xfcffffff window]
[    0.384022] pnp 00:01: [mem 0xfd000000-0xfdffffff window]
[    0.384023] pnp 00:01: [mem 0xfe000000-0xfeafffff window]
[    0.384024] pnp 00:01: [mem 0xfeb00000-0xfebfffff window]
[    0.384025] pnp 00:01: [mem 0xfed00400-0xfed3ffff window]
[    0.384027] pnp 00:01: [mem 0xfed45000-0xfedfffff window]
[    0.384028] pnp 00:01: [mem 0xeffff000-0xefffffff window]
[    0.384067] system 00:01: [mem 0xfc000000-0xfcffffff window] has been reserved
[    0.384069] system 00:01: [mem 0xfd000000-0xfdffffff window] has been reserved
[    0.384070] system 00:01: [mem 0xfe000000-0xfeafffff window] has been reserved
[    0.384071] system 00:01: [mem 0xfeb00000-0xfebfffff window] has been reserved
[    0.384073] system 00:01: [mem 0xfed00400-0xfed3ffff window] could not be reserved
[    0.384074] system 00:01: [mem 0xfed45000-0xfedfffff window] has been reserved
[    0.384075] system 00:01: [mem 0xeffff000-0xefffffff window] has been reserved
[    0.384077] system 00:01: Plug and Play ACPI device, IDs PNP0c01 (active)
[    0.384141] pnp 00:02: [io  0x0000-0xffffffffffffffff disabled]
[    0.384142] pnp 00:02: [io  0x0620-0x063f]
[    0.384143] pnp 00:02: [io  0x0800-0x07ff disabled]
[    0.384144] pnp 00:02: [io  0x0610-0x061f]
[    0.384172] system 00:02: [io  0x0620-0x063f] has been reserved
[    0.384173] system 00:02: [io  0x0610-0x061f] has been reserved
[    0.384175] system 00:02: Plug and Play ACPI device, IDs PNP0c02 (active)
[    0.384196] pnp 00:03: [io  0x0060]
[    0.384197] pnp 00:03: [io  0x0064]
[    0.384205] pnp 00:03: [irq 1]
[    0.384219] pnp 00:03: Plug and Play ACPI device, IDs PNP0303 PNP030b (active)
[    0.384238] pnp 00:04: [irq 12]
[    0.384249] pnp 00:04: Plug and Play ACPI device, IDs PNP0f03 PNP0f13 (active)
[    0.384255] pnp 00:05: [dma 4]
[    0.384256] pnp 00:05: [io  0x0000-0x000f]
[    0.384257] pnp 00:05: [io  0x0081-0x0083]
[    0.384258] pnp 00:05: [io  0x0087]
[    0.384259] pnp 00:05: [io  0x0089-0x008b]
[    0.384260] pnp 00:05: [io  0x008f]
[    0.384261] pnp 00:05: [io  0x00c0-0x00df]
[    0.384271] pnp 00:05: Plug and Play ACPI device, IDs PNP0200 (active)
[    0.384276] pnp 00:06: [io  0x0070-0x0071]
[    0.384279] pnp 00:06: [irq 8]
[    0.384289] pnp 00:06: Plug and Play ACPI device, IDs PNP0b00 (active)
[    0.384293] pnp 00:07: [io  0x0061]
[    0.384303] pnp 00:07: Plug and Play ACPI device, IDs PNP0800 (active)
[    0.384316] pnp 00:08: [io  0x0010-0x001f]
[    0.384317] pnp 00:08: [io  0x0022-0x003f]
[    0.384318] pnp 00:08: [io  0x0044-0x005f]
[    0.384319] pnp 00:08: [io  0x0062-0x0063]
[    0.384320] pnp 00:08: [io  0x0065-0x006f]
[    0.384321] pnp 00:08: [io  0x0072-0x007f]
[    0.384322] pnp 00:08: [io  0x0080]
[    0.384323] pnp 00:08: [io  0x0084-0x0086]
[    0.384324] pnp 00:08: [io  0x0088]
[    0.384325] pnp 00:08: [io  0x008c-0x008e]
[    0.384326] pnp 00:08: [io  0x0090-0x009f]
[    0.384327] pnp 00:08: [io  0x00a2-0x00bf]
[    0.384328] pnp 00:08: [io  0x00e0-0x00ef]
[    0.384329] pnp 00:08: [io  0x04d0-0x04d1]
[    0.384359] system 00:08: [io  0x04d0-0x04d1] has been reserved
[    0.384360] system 00:08: Plug and Play ACPI device, IDs PNP0c02 (active)
[    0.384365] pnp 00:09: [io  0x00f0-0x00ff]
[    0.384369] pnp 00:09: [irq 13]
[    0.384379] pnp 00:09: Plug and Play ACPI device, IDs PNP0c04 (active)
[    0.384531] pnp 00:0a: [io  0x0400-0x0453]
[    0.384532] pnp 00:0a: [io  0x0458-0x047f]
[    0.384533] pnp 00:0a: [io  0x1180-0x119f]
[    0.384534] pnp 00:0a: [io  0x0500-0x057f]
[    0.384535] pnp 00:0a: [mem 0xfed1c000-0xfed1ffff]
[    0.384536] pnp 00:0a: [mem 0xfec00000-0xfecfffff]
[    0.384538] pnp 00:0a: [mem 0xfed08000-0xfed08fff]
[    0.384539] pnp 00:0a: [mem 0xff000000-0xffffffff]
[    0.384572] system 00:0a: [io  0x0400-0x0453] has been reserved
[    0.384573] system 00:0a: [io  0x0458-0x047f] has been reserved
[    0.384574] system 00:0a: [io  0x1180-0x119f] has been reserved
[    0.384575] system 00:0a: [io  0x0500-0x057f] has been reserved
[    0.384577] system 00:0a: [mem 0xfed1c000-0xfed1ffff] has been reserved
[    0.384578] system 00:0a: [mem 0xfec00000-0xfecfffff] could not be reserved
[    0.384579] system 00:0a: [mem 0xfed08000-0xfed08fff] has been reserved
[    0.384581] system 00:0a: [mem 0xff000000-0xffffffff] has been reserved
[    0.384582] system 00:0a: Plug and Play ACPI device, IDs PNP0c01 (active)
[    0.384602] pnp 00:0b: [io  0x0454-0x0457]
[    0.384630] system 00:0b: [io  0x0454-0x0457] has been reserved
[    0.384631] system 00:0b: Plug and Play ACPI device, IDs INT3f0d PNP0c02 (active)
[    0.384693] pnp 00:0c: [mem 0xfed00000-0xfed003ff]
[    0.384712] pnp 00:0c: Plug and Play ACPI device, IDs PNP0103 (active)
[    0.384795] pnp 00:0d: [bus 40-ff]
[    0.384797] pnp 00:0d: [io  0x0cf8-0x0cff]
[    0.384798] pnp 00:0d: [io  0x0000-0x03af window]
[    0.384799] pnp 00:0d: [io  0x03e0-0x0cf7 window]
[    0.384800] pnp 00:0d: [io  0x0000 window]
[    0.384801] pnp 00:0d: [io  0x0000-0xffff window]
[    0.384802] pnp 00:0d: [mem 0x00000000 window]
[    0.384803] pnp 00:0d: [mem 0x000c0000-0x000dffff window]
[    0.384804] pnp 00:0d: [mem 0x00000000 window]
[    0.384805] pnp 00:0d: [mem 0x00000000 window]
[    0.384806] pnp 00:0d: [mem 0x00000000 window]
[    0.384827] pnp 00:0d: Plug and Play ACPI device, IDs PNP0a08 PNP0a03 (active)
[    0.384980] pnp 00:0e: [mem 0xfed40000-0xfed44fff]
[    0.385020] system 00:0e: [mem 0xfed40000-0xfed44fff] has been reserved
[    0.385022] system 00:0e: Plug and Play ACPI device, IDs PNP0c02 (active)
[    0.385023] pnp: PnP ACPI: found 15 devices
[    0.385024] ACPI: ACPI bus type pnp unregistered
[    0.390663] pci 0000:00:01.0: PCI bridge to [bus 03-03]
[    0.390671] pci 0000:00:02.0: PCI bridge to [bus 05-05]
[    0.390673] pci 0000:00:02.0:   bridge window [io  0xc000-0xcfff]
[    0.390677] pci 0000:00:02.0:   bridge window [mem 0xee000000-0xef0fffff]
[    0.390679] pci 0000:00:02.0:   bridge window [mem 0xe0000000-0xe9ffffff 64bit pref]
[    0.390683] pci 0000:00:03.0: PCI bridge to [bus 04-04]
[    0.390691] pci 0000:00:11.0: PCI bridge to [bus 02-02]
[    0.390693] pci 0000:00:11.0:   bridge window [io  0xd000-0xdfff]
[    0.390701] pci 0000:00:11.0:   bridge window [mem 0xea400000-0xea8fffff 64bit pref]
[    0.390707] pci 0000:00:1c.0: PCI bridge to [bus 01-01]
[    0.390716] pci 0000:00:1c.5: PCI bridge to [bus 06-06]
[    0.390732] pci 0000:00:1c.6: PCI bridge to [bus 07-07]
[    0.390742] pci 0000:00:1c.7: PCI bridge to [bus 08-08]
[    0.390745] pci 0000:00:1c.7:   bridge window [mem 0xef200000-0xef2fffff]
[    0.390752] pci 0000:00:1e.0: PCI bridge to [bus 09-09]
[    0.390756] pci 0000:00:1e.0:   bridge window [mem 0xef100000-0xef1fffff]
[    0.390815] pci 0000:00:1e.0: setting latency timer to 64
[    0.390818] pci_bus 0000:00: resource 4 [io  0x0000-0x03af]
[    0.390819] pci_bus 0000:00: resource 5 [io  0x03e0-0x0cf7]
[    0.390820] pci_bus 0000:00: resource 6 [io  0x03b0-0x03df]
[    0.390821] pci_bus 0000:00: resource 7 [io  0x0d00-0xffff]
[    0.390822] pci_bus 0000:00: resource 8 [mem 0x000a0000-0x000bffff]
[    0.390824] pci_bus 0000:00: resource 9 [mem 0x000c0000-0x000dffff]
[    0.390825] pci_bus 0000:00: resource 10 [mem 0xe0000000-0xefffffff]
[    0.390826] pci_bus 0000:05: resource 0 [io  0xc000-0xcfff]
[    0.390827] pci_bus 0000:05: resource 1 [mem 0xee000000-0xef0fffff]
[    0.390828] pci_bus 0000:05: resource 2 [mem 0xe0000000-0xe9ffffff 64bit pref]
[    0.390830] pci_bus 0000:02: resource 0 [io  0xd000-0xdfff]
[    0.390831] pci_bus 0000:02: resource 2 [mem 0xea400000-0xea8fffff 64bit pref]
[    0.390832] pci_bus 0000:08: resource 1 [mem 0xef200000-0xef2fffff]
[    0.390833] pci_bus 0000:09: resource 1 [mem 0xef100000-0xef1fffff]
[    0.390834] pci_bus 0000:09: resource 4 [io  0x0000-0x03af]
[    0.390836] pci_bus 0000:09: resource 5 [io  0x03e0-0x0cf7]
[    0.390837] pci_bus 0000:09: resource 6 [io  0x03b0-0x03df]
[    0.390838] pci_bus 0000:09: resource 7 [io  0x0d00-0xffff]
[    0.390839] pci_bus 0000:09: resource 8 [mem 0x000a0000-0x000bffff]
[    0.390840] pci_bus 0000:09: resource 9 [mem 0x000c0000-0x000dffff]
[    0.390841] pci_bus 0000:09: resource 10 [mem 0xe0000000-0xefffffff]
[    0.390842] pci_bus 0000:40: resource 4 [io  0x0000-0x03af]
[    0.390843] pci_bus 0000:40: resource 5 [io  0x03e0-0x0cf7]
[    0.390844] pci_bus 0000:40: resource 6 [mem 0x000c0000-0x000dffff]
[    0.390846] pci_bus 0000:7f: resource 4 [io  0x0000-0xffff]
[    0.390847] pci_bus 0000:7f: resource 5 [mem 0x00000000-0x3fffffffffff]
[    0.390866] NET: Registered protocol family 2
[    0.390941] IP route cache hash table entries: 131072 (order: 8, 1048576 bytes)
[    0.391354] TCP established hash table entries: 524288 (order: 11, 8388608 bytes)
[    0.392306] TCP bind hash table entries: 65536 (order: 8, 1048576 bytes)
[    0.392425] TCP: Hash tables configured (established 524288 bind 65536)
[    0.392426] TCP: reno registered
[    0.392432] UDP hash table entries: 2048 (order: 4, 65536 bytes)
[    0.392443] UDP-Lite hash table entries: 2048 (order: 4, 65536 bytes)
[    0.392492] NET: Registered protocol family 1
[    0.432197] pci 0000:05:00.0: Boot video device
[    0.432422] PCI: CLS 64 bytes, default 64
[    0.432424] PCI-DMA: Using software bounce buffering for IO (SWIOTLB)
[    0.432425] software IO TLB [mem 0xc4ed3000-0xc8ed2fff] (64MB) mapped at [ffff8800c4ed3000-ffff8800c8ed2fff]
[    0.432868] audit: initializing netlink socket (disabled)
[    0.432880] type=2000 audit(1373252951.324:1): initialized
[    0.447916] HugeTLB registered 2 MB page size, pre-allocated 0 pages
[    0.448875] VFS: Disk quotas dquot_6.5.2
[    0.448898] Dquot-cache hash table entries: 512 (order 0, 4096 bytes)
[    0.449155] fuse init (API version 7.19)
[    0.449197] msgmni has been set to 7698
[    0.449395] Block layer SCSI generic (bsg) driver version 0.4 loaded (major 252)
[    0.449411] io scheduler noop registered
[    0.449413] io scheduler deadline registered (default)
[    0.449426] io scheduler cfq registered
[    0.449845] ioapic: probe of 0000:00:05.4 failed with error -22
[    0.449851] pci_hotplug: PCI Hot Plug PCI Core version: 0.5
[    0.449861] pciehp: PCI Express Hot Plug Controller Driver version: 0.4
[    0.449915] efifb: probing for efifb
[    0.450082] efifb: framebuffer at 0xe9000000, mapped to 0xffffc90012280000, using 1920k, total 1920k
[    0.450083] efifb: mode is 800x600x32, linelength=3200, pages=1
[    0.450084] efifb: scrolling: redraw
[    0.450085] efifb: Truecolor: size=8:8:8:8, shift=24:16:8:0
[    0.450130] Console: switching to colour frame buffer device 100x37
[    0.450139] fb0: EFI VGA frame buffer device
[    0.450142] intel_idle: MWAIT substates: 0x21120
[    0.450143] intel_idle: v0.4 model 0x2D
[    0.450143] intel_idle: lapic_timer_reliable_states 0xffffffff
[    0.450196] input: Power Button as /devices/LNXSYSTM:00/device:00/PNP0C0C:00/input/input0
[    0.450199] ACPI: Power Button [PWRB]
[    0.450222] input: Power Button as /devices/LNXSYSTM:00/LNXPWRBN:00/input/input1
[    0.450224] ACPI: Power Button [PWRF]
[    0.450270] ACPI: Requesting acpi_cpufreq
[    0.453733] Freeing initrd memory: 15184k freed
[    0.467353] GHES: HEST is not enabled!
[    0.467411] Serial: 8250/16550 driver, 32 ports, IRQ sharing enabled
[    0.468025] serial 0000:00:16.3: enabling device (0000 -> 0003)
[    0.468054] serial8250: skipping TxEn test for device [8086:1d3d] subsystem [103c:1589]
[    0.488247] 0000:00:16.3: ttyS4 at I/O 0xe060 (irq = 17) is a 16550A
[    0.488385] Linux agpgart interface v0.103
[    0.489083] brd: module loaded
[    0.489425] loop: module loaded
[    0.489485] ahci 0000:00:1f.2: version 3.0
[    0.489527] ahci 0000:00:1f.2: irq 64 for MSI/MSI-X
[    0.504165] ahci 0000:00:1f.2: AHCI 0001.0300 32 slots 6 ports 6 Gbps 0x5 impl RAID mode
[    0.504167] ahci 0000:00:1f.2: flags: 64bit ncq sntf pm led clo pio slum part ems sxs apst 
[    0.504170] ahci 0000:00:1f.2: setting latency timer to 64
[    0.512373] scsi0 : ahci
[    0.512412] scsi1 : ahci
[    0.512444] scsi2 : ahci
[    0.512477] scsi3 : ahci
[    0.512509] scsi4 : ahci
[    0.512541] scsi5 : ahci
[    0.512609] ata1: SATA max UDMA/133 abar m2048@0xef329000 port 0xef329100 irq 64
[    0.512609] ata2: DUMMY
[    0.512611] ata3: SATA max UDMA/133 abar m2048@0xef329000 port 0xef329200 irq 64
[    0.512612] ata4: DUMMY
[    0.512612] ata5: DUMMY
[    0.512613] ata6: DUMMY
[    0.512679] pata_acpi 0000:00:16.2: setting latency timer to 64
[    0.512720] ata_generic 0000:00:16.2: setting latency timer to 64
[    0.512852] scsi6 : ata_generic
[    0.512885] scsi7 : ata_generic
[    0.512904] ata7: PATA max UDMA/100 cmd 0xe0b0 ctl 0xe0a0 bmdma 0xe070 irq 18
[    0.512905] ata8: PATA max UDMA/100 cmd 0xe090 ctl 0xe080 bmdma 0xe078 irq 18
[    0.513050] Fixed MDIO Bus: probed
[    0.513070] tun: Universal TUN/TAP device driver, 1.6
[    0.513071] tun: (C) 1999-2004 Max Krasnyansky <maxk@qualcomm.com>
[    0.513093] PPP generic driver version 2.4.2
[    0.513118] ehci_hcd: USB 2.0 'Enhanced' Host Controller (EHCI) Driver
[    0.513140] ehci_hcd 0000:00:1a.0: setting latency timer to 64
[    0.513142] ehci_hcd 0000:00:1a.0: EHCI Host Controller
[    0.513146] ehci_hcd 0000:00:1a.0: new USB bus registered, assigned bus number 1
[    0.513163] ehci_hcd 0000:00:1a.0: debug port 2
[    0.517039] ehci_hcd 0000:00:1a.0: cache line size of 64 is not supported
[    0.517048] ehci_hcd 0000:00:1a.0: irq 16, io mem 0xef32c000
[    0.528129] ehci_hcd 0000:00:1a.0: USB 2.0 started, EHCI 1.00
[    0.528160] usb usb1: New USB device found, idVendor=1d6b, idProduct=0002
[    0.528161] usb usb1: New USB device strings: Mfr=3, Product=2, SerialNumber=1
[    0.528162] usb usb1: Product: EHCI Host Controller
[    0.528163] usb usb1: Manufacturer: Linux 3.5.0-23-generic ehci_hcd
[    0.528164] usb usb1: SerialNumber: 0000:00:1a.0
[    0.528225] hub 1-0:1.0: USB hub found
[    0.528227] hub 1-0:1.0: 2 ports detected
[    0.528283] ehci_hcd 0000:00:1d.0: setting latency timer to 64
[    0.528285] ehci_hcd 0000:00:1d.0: EHCI Host Controller
[    0.528287] ehci_hcd 0000:00:1d.0: new USB bus registered, assigned bus number 2
[    0.528303] ehci_hcd 0000:00:1d.0: debug port 2
[    0.532198] ehci_hcd 0000:00:1d.0: cache line size of 64 is not supported
[    0.532208] ehci_hcd 0000:00:1d.0: irq 23, io mem 0xef32b000
[    0.544122] ehci_hcd 0000:00:1d.0: USB 2.0 started, EHCI 1.00
[    0.544146] usb usb2: New USB device found, idVendor=1d6b, idProduct=0002
[    0.544148] usb usb2: New USB device strings: Mfr=3, Product=2, SerialNumber=1
[    0.544149] usb usb2: Product: EHCI Host Controller
[    0.544150] usb usb2: Manufacturer: Linux 3.5.0-23-generic ehci_hcd
[    0.544151] usb usb2: SerialNumber: 0000:00:1d.0
[    0.544204] hub 2-0:1.0: USB hub found
[    0.544206] hub 2-0:1.0: 2 ports detected
[    0.544245] ohci_hcd: USB 1.1 'Open' Host Controller (OHCI) Driver
[    0.544256] uhci_hcd: USB Universal Host Controller Interface driver
[    0.544290] xhci_hcd 0000:08:00.0: xHCI Host Controller
[    0.544292] xhci_hcd 0000:08:00.0: new USB bus registered, assigned bus number 3
[    0.544452] xhci_hcd 0000:08:00.0: irq 19, io mem 0xef200000
[    0.544515] xhci_hcd 0000:08:00.0: irq 65 for MSI/MSI-X
[    0.544518] xhci_hcd 0000:08:00.0: irq 66 for MSI/MSI-X
[    0.544521] xhci_hcd 0000:08:00.0: irq 67 for MSI/MSI-X
[    0.544524] xhci_hcd 0000:08:00.0: irq 68 for MSI/MSI-X
[    0.544528] xhci_hcd 0000:08:00.0: irq 69 for MSI/MSI-X
[    0.544531] xhci_hcd 0000:08:00.0: irq 70 for MSI/MSI-X
[    0.544535] xhci_hcd 0000:08:00.0: irq 71 for MSI/MSI-X
[    0.544539] xhci_hcd 0000:08:00.0: irq 72 for MSI/MSI-X
[    0.544623] usb usb3: New USB device found, idVendor=1d6b, idProduct=0002
[    0.544625] usb usb3: New USB device strings: Mfr=3, Product=2, SerialNumber=1
[    0.544626] usb usb3: Product: xHCI Host Controller
[    0.544627] usb usb3: Manufacturer: Linux 3.5.0-23-generic xhci_hcd
[    0.544628] usb usb3: SerialNumber: 0000:08:00.0
[    0.544664] xHCI xhci_add_endpoint called for root hub
[    0.544665] xHCI xhci_check_bandwidth called for root hub
[    0.544676] hub 3-0:1.0: USB hub found
[    0.544684] hub 3-0:1.0: 4 ports detected
[    0.544731] xhci_hcd 0000:08:00.0: xHCI Host Controller
[    0.544733] xhci_hcd 0000:08:00.0: new USB bus registered, assigned bus number 4
[    0.544750] usb usb4: New USB device found, idVendor=1d6b, idProduct=0003
[    0.544751] usb usb4: New USB device strings: Mfr=3, Product=2, SerialNumber=1
[    0.544752] usb usb4: Product: xHCI Host Controller
[    0.544753] usb usb4: Manufacturer: Linux 3.5.0-23-generic xhci_hcd
[    0.544754] usb usb4: SerialNumber: 0000:08:00.0
[    0.544785] xHCI xhci_add_endpoint called for root hub
[    0.544786] xHCI xhci_check_bandwidth called for root hub
[    0.544797] hub 4-0:1.0: USB hub found
[    0.544805] hub 4-0:1.0: 4 ports detected
[    0.544887] usbcore: registered new interface driver libusual
[    0.544908] i8042: PNP: PS/2 Controller [PNP0303:PS2K,PNP0f03:PS2M] at 0x60,0x64 irq 1,12
[    0.547435] serio: i8042 KBD port at 0x60,0x64 irq 1
[    0.547438] serio: i8042 AUX port at 0x60,0x64 irq 12
[    0.547482] mousedev: PS/2 mouse device common for all mice
[    0.547557] rtc_cmos 00:06: RTC can wake from S4
[    0.547655] rtc_cmos 00:06: rtc core: registered rtc_cmos as rtc0
[    0.547679] rtc0: alarms up to one month, y3k, 114 bytes nvram, hpet irqs
[    0.547718] device-mapper: uevent: version 1.0.3
[    0.547752] device-mapper: ioctl: 4.22.0-ioctl (2011-10-19) initialised: dm-devel@redhat.com
[    0.547834] cpuidle: using governor ladder
[    0.547942] cpuidle: using governor menu
[    0.547943] EFI Variables Facility v0.08 2004-May-17
[    0.555163] ashmem: initialized
[    0.555233] TCP: cubic registered
[    0.555281] NET: Registered protocol family 10
[    0.555389] NET: Registered protocol family 17
[    0.555396] Key type dns_resolver registered
[    0.555478] PM: Hibernation image not present or could not be loaded.
[    0.555486] registered taskstats version 1
[    0.556846] Key type trusted registered
[    0.558319] Key type encrypted registered
[    0.559906]   Magic number: 5:537:158
[    0.559938] acpi device:25: hash matches
[    0.560000] rtc_cmos 00:06: setting system clock to 2013-07-08 03:09:12 UTC (1373252952)
[    0.560738] BIOS EDD facility v0.16 2004-Jun-25, 0 devices found
[    0.560739] EDD information not available.
[    0.832004] ata1: SATA link up 6.0 Gbps (SStatus 133 SControl 300)
[    0.832022] ata3: SATA link up 1.5 Gbps (SStatus 113 SControl 300)
[    0.833017] ata1.00: ATA-8: ST500DM002-1BD142, HP73, max UDMA/100
[    0.833019] ata1.00: 976773168 sectors, multi 16: LBA48 NCQ (depth 31/32)
[    0.834302] ata1.00: configured for UDMA/100
[    0.834383] scsi 0:0:0:0: Direct-Access     ATA      ST500DM002-1BD14 HP73 PQ: 0 ANSI: 5
[    0.834432] ata3.00: ATAPI: hp      DVD A  DH16ACSHR, JHG7, max UDMA/100
[    0.834468] sd 0:0:0:0: Attached scsi generic sg0 type 0
[    0.834512] sd 0:0:0:0: [sda] 976773168 512-byte logical blocks: (500 GB/465 GiB)
[    0.834514] sd 0:0:0:0: [sda] 4096-byte physical blocks
[    0.834640] sd 0:0:0:0: [sda] Write Protect is off
[    0.834656] sd 0:0:0:0: [sda] Mode Sense: 00 3a 00 00
[    0.834787] sd 0:0:0:0: [sda] Write cache: enabled, read cache: enabled, doesn't support DPO or FUA
[    0.835356] ata3.00: configured for UDMA/100
[    0.839992] usb 1-1: new high-speed USB device number 2 using ehci_hcd
[    0.875544]  sda: sda1 sda2 sda3
[    0.876160] sd 0:0:0:0: [sda] Attached SCSI disk
[    0.879551] scsi 2:0:0:0: CD-ROM            hp       DVD A  DH16ACSHR JHG7 PQ: 0 ANSI: 5
[    0.883348] sr0: scsi3-mmc drive: 40x/40x writer dvd-ram cd/rw xa/form2 cdda tray
[    0.883350] cdrom: Uniform CD-ROM driver Revision: 3.20
[    0.883453] sr 2:0:0:0: Attached scsi CD-ROM sr0
[    0.883532] sr 2:0:0:0: Attached scsi generic sg1 type 5
[    0.972295] usb 1-1: New USB device found, idVendor=8087, idProduct=0024
[    0.972297] usb 1-1: New USB device strings: Mfr=0, Product=0, SerialNumber=0
[    0.972557] hub 1-1:1.0: USB hub found
[    0.972663] hub 1-1:1.0: 6 ports detected
[    1.047634] Freeing unused kernel memory: 948k freed
[    1.047721] Write protecting the kernel read-only data: 12288k
[    1.050134] Freeing unused kernel memory: 1352k freed
[    1.052041] Freeing unused kernel memory: 1048k freed
[    1.063346] udevd[132]: starting version 175
[    1.075274] e1000e: Intel(R) PRO/1000 Network Driver - 2.0.0-k
[    1.075277] e1000e: Copyright(c) 1999 - 2012 Intel Corporation.
[    1.075322] e1000e 0000:00:19.0: setting latency timer to 64
[    1.075387] e1000e 0000:00:19.0: Interrupt Throttling Rate (ints/sec) set to dynamic conservative mode
[    1.075419] e1000e 0000:00:19.0: irq 73 for MSI/MSI-X
[    1.075605] isci: Intel(R) C600 SAS Controller Driver - version 1.1.0
[    1.075619] isci 0000:02:00.0: driver configured for rev: 5 silicon
[    1.075698] isci 0000:02:00.0: Unable to obtain EFI var data for OEM parms
[    1.075701] isci 0000:02:00.0: OEM parameter table found in OROM
[    1.075703] isci 0000:02:00.0: OEM SAS parameters (version: 1.1) loaded (platform)
[    1.076799] isci 0000:02:00.0: SCU controller 0: phy 3-0 cables: {short, short, short, short}
[    1.079053] scsi8 : isci
[    1.079884] firewire_ohci 0000:09:05.0: enabling device (0100 -> 0102)
[    1.083855] usb 2-1: new high-speed USB device number 2 using ehci_hcd
[    1.085684] isci 0000:02:00.0: irq 74 for MSI/MSI-X
[    1.085692] isci 0000:02:00.0: irq 75 for MSI/MSI-X
[    1.135871] firewire_ohci 0000:09:05.0: added OHCI v1.0 device as card 0, 8 IR + 8 IT contexts, quirks 0x0
[    1.216118] usb 2-1: New USB device found, idVendor=8087, idProduct=0024
[    1.216136] usb 2-1: New USB device strings: Mfr=0, Product=0, SerialNumber=0
[    1.216372] hub 2-1:1.0: USB hub found
[    1.216479] hub 2-1:1.0: 8 ports detected
[    1.277217] e1000e 0000:00:19.0: eth0: (PCI Express:2.5GT/s:Width x1) 10:60:4b:7c:9e:4a
[    1.277219] e1000e 0000:00:19.0: eth0: Intel(R) PRO/1000 Network Connection
[    1.277249] e1000e 0000:00:19.0: eth0: MAC: 10, PHY: 11, PBA No: 0100FF-0FF
[    1.431685] Refined TSC clocksource calibration: 3591.122 MHz.
[    1.431688] Switching to clocksource tsc
[    1.487744] usb 2-1.1: new low-speed USB device number 3 using ehci_hcd
[    1.584103] usb 2-1.1: New USB device found, idVendor=046d, idProduct=c077
[    1.584105] usb 2-1.1: New USB device strings: Mfr=1, Product=2, SerialNumber=0
[    1.584107] usb 2-1.1: Product: USB Optical Mouse
[    1.584108] usb 2-1.1: Manufacturer: Logitech
[    1.587741] usbcore: registered new interface driver usbhid
[    1.587742] usbhid: USB HID core driver
[    1.588939] input: Logitech USB Optical Mouse as /devices/pci0000:00/0000:00:1d.0/usb2/2-1/2-1.1/2-1.1:1.0/input/input2
[    1.589179] hid-generic 0003:046D:C077.0001: input,hidraw0: USB HID v1.11 Mouse [Logitech USB Optical Mouse] on usb-0000:00:1d.0-1.1/input0
[    1.635696] firewire_core 0000:09:05.0: created device fw0: GUID 0060b0000091f6ae, S400
[    1.655691] usb 2-1.2: new low-speed USB device number 4 using ehci_hcd
[    1.681358] EXT4-fs (sda2): INFO: recovery required on readonly filesystem
[    1.681360] EXT4-fs (sda2): write access will be enabled during recovery
[    1.762596] usb 2-1.2: New USB device found, idVendor=03f0, idProduct=0024
[    1.762610] usb 2-1.2: New USB device strings: Mfr=1, Product=2, SerialNumber=0
[    1.762612] usb 2-1.2: Product: HP Basic USB Keyboard
[    1.762613] usb 2-1.2: Manufacturer: CHICONY
[    1.770366] input: CHICONY HP Basic USB Keyboard as /devices/pci0000:00/0000:00:1d.0/usb2/2-1/2-1.2/2-1.2:1.0/input/input3
[    1.770448] hid-generic 0003:03F0:0024.0002: input,hidraw1: USB HID v1.11 Keyboard [CHICONY HP Basic USB Keyboard] on usb-0000:00:1d.0-1.2/input0
[    2.847975] EXT4-fs (sda2): recovery complete
[    2.862685] EXT4-fs (sda2): mounted filesystem with ordered data mode. Opts: (null)
[    9.254486] Adding 4105212k swap on /dev/sda3.  Priority:-1 extents:1 across:4105212k 
[    9.256648] IPv6: ADDRCONF(NETDEV_UP): eth0: link is not ready
[    9.310536] udevd[430]: starting version 175
[    9.345308] wmi: Mapper loaded
[    9.347341] [drm] Initialized drm 1.1.0 20060810
[    9.348148] ACPI Warning: 0x0000000000000430-0x0000000000000433 SystemIO conflicts with Region \_SB_.PCI0.SBRG.SMIE 1 (20120320/utaddress-251)
[    9.348154] ACPI: If an ACPI driver is available for this device, you should use it instead of the native driver
[    9.348155] lpc_ich: Resource conflict(s) found affecting iTCO_wdt
[    9.348693] mei 0000:00:16.0: setting latency timer to 64
[    9.348765] mei 0000:00:16.0: irq 76 for MSI/MSI-X
[    9.348901] lp: driver loaded but no devices found
[    9.351978] [drm] nouveau 0000:05:00.0: Detected an NVc0 generation card (0x0c1c00a1)
[    9.352989] checking generic (e9000000 1e0000) vs hw (e0000000 8000000)
[    9.352992] checking generic (e9000000 1e0000) vs hw (e8000000 2000000)
[    9.352993] fb: conflicting fb hw usage nouveaufb vs EFI VGA - removing generic driver
[    9.353009] Console: switching to colour dummy device 80x25
[    9.357140] [drm] nouveau 0000:05:00.0: Checking PRAMIN for VBIOS
[    9.357871] EDAC MC: Ver: 2.1.0
[    9.360470] EDAC sbridge: Seeking for: dev 0e.0 PCI ID 8086:3ca0
[    9.360480] EDAC sbridge: Seeking for: dev 0e.0 PCI ID 8086:3ca0
[    9.360485] EDAC sbridge: Seeking for: dev 0f.0 PCI ID 8086:3ca8
[    9.360490] EDAC sbridge: Seeking for: dev 0f.0 PCI ID 8086:3ca8
[    9.360492] EDAC sbridge: Seeking for: dev 0f.1 PCI ID 8086:3c71
[    9.360496] EDAC sbridge: Seeking for: dev 0f.1 PCI ID 8086:3c71
[    9.360498] EDAC sbridge: Seeking for: dev 0f.2 PCI ID 8086:3caa
[    9.360503] EDAC sbridge: Seeking for: dev 0f.2 PCI ID 8086:3caa
[    9.360505] EDAC sbridge: Seeking for: dev 0f.3 PCI ID 8086:3cab
[    9.360509] EDAC sbridge: Seeking for: dev 0f.3 PCI ID 8086:3cab
[    9.360511] EDAC sbridge: Seeking for: dev 0f.4 PCI ID 8086:3cac
[    9.360515] EDAC sbridge: Seeking for: dev 0f.4 PCI ID 8086:3cac
[    9.360518] EDAC sbridge: Seeking for: dev 0f.5 PCI ID 8086:3cad
[    9.360522] EDAC sbridge: Seeking for: dev 0f.5 PCI ID 8086:3cad
[    9.360524] EDAC sbridge: Seeking for: dev 11.0 PCI ID 8086:3cb8
[    9.360529] EDAC sbridge: Seeking for: dev 11.0 PCI ID 8086:3cb8
[    9.360530] EDAC sbridge: Seeking for: dev 0c.6 PCI ID 8086:3cf4
[    9.360534] EDAC sbridge: Seeking for: dev 0c.6 PCI ID 8086:3cf4
[    9.360537] EDAC sbridge: Seeking for: dev 0c.7 PCI ID 8086:3cf6
[    9.360541] EDAC sbridge: Seeking for: dev 0c.7 PCI ID 8086:3cf6
[    9.360543] EDAC sbridge: Seeking for: dev 0d.6 PCI ID 8086:3cf5
[    9.360547] EDAC sbridge: Seeking for: dev 0d.6 PCI ID 8086:3cf5
[    9.360637] EDAC MC0: Giving out device to 'sbridge_edac.c' 'Sandy Bridge Socket#0': DEV 0000:7f:0e.0
[    9.360639] EDAC sbridge: Driver loaded.
[    9.376994] microcode: CPU0 sig=0x206d7, pf=0x1, revision=0x70d
[    9.384860] snd_hda_intel 0000:00:1b.0: enabling device (0100 -> 0102)
[    9.384912] snd_hda_intel 0000:00:1b.0: irq 77 for MSI/MSI-X
[    9.386886] type=1400 audit(1373252961.324:2): apparmor="STATUS" operation="profile_load" name="/sbin/dhclient" pid=489 comm="apparmor_parser"
[    9.387097] type=1400 audit(1373252961.324:3): apparmor="STATUS" operation="profile_load" name="/usr/lib/NetworkManager/nm-dhcp-client.action" pid=489 comm="apparmor_parser"
[    9.387218] type=1400 audit(1373252961.324:4): apparmor="STATUS" operation="profile_load" name="/usr/lib/connman/scripts/dhclient-script" pid=489 comm="apparmor_parser"
[    9.409355] [drm] nouveau 0000:05:00.0: ... appears to be valid
[    9.409357] [drm] nouveau 0000:05:00.0: Using VBIOS from PRAMIN
[    9.409360] [drm] nouveau 0000:05:00.0: BIT BIOS found
[    9.409362] [drm] nouveau 0000:05:00.0: Bios version 70.08.88.00
[    9.409365] [drm] nouveau 0000:05:00.0: TMDS table version 2.0
[    9.411227] [drm] nouveau 0000:05:00.0: MXM: no VBIOS data, nothing to do
[    9.411229] [drm] nouveau 0000:05:00.0: DCB version 4.0
[    9.411231] [drm] nouveau 0000:05:00.0: DCB outp 00: 02000300 00000000
[    9.411232] [drm] nouveau 0000:05:00.0: DCB outp 01: 01000302 00020030
[    9.411233] [drm] nouveau 0000:05:00.0: DCB outp 02: 028113a6 0f220010
[    9.411234] [drm] nouveau 0000:05:00.0: DCB outp 03: 02011362 00020010
[    9.411235] [drm] nouveau 0000:05:00.0: DCB conn 00: 00001030
[    9.411236] [drm] nouveau 0000:05:00.0: DCB conn 01: 00010146
[    9.411239] [drm] nouveau 0000:05:00.0: Parsing VBIOS init table 0 at offset 0x6BC4
[    9.420428] hda_codec: ALC262: SKU not ready 0x411111f0
[    9.427181] input: HDA Intel PCH Line as /devices/pci0000:00/0000:00:1b.0/sound/card0/input4
[    9.427253] input: HDA Intel PCH Front Mic as /devices/pci0000:00/0000:00:1b.0/sound/card0/input5
[    9.427352] input: HDA Intel PCH Rear Mic as /devices/pci0000:00/0000:00:1b.0/sound/card0/input6
[    9.427401] input: HDA Intel PCH Front Headphone as /devices/pci0000:00/0000:00:1b.0/sound/card0/input7
[    9.427446] input: HDA Intel PCH Line Out as /devices/pci0000:00/0000:00:1b.0/sound/card0/input8
[    9.431210] [drm] nouveau 0000:05:00.0: Parsing VBIOS init table 1 at offset 0x7220
[    9.438198] [drm] nouveau 0000:05:00.0: Parsing VBIOS init table 2 at offset 0x84B5
[    9.438200] [drm] nouveau 0000:05:00.0: Parsing VBIOS init table 3 at offset 0x84B9
[    9.438242] [drm] nouveau 0000:05:00.0: Parsing VBIOS init table 4 at offset 0x85B3
[    9.438243] [drm] nouveau 0000:05:00.0: Parsing VBIOS init table at offset 0x8618
[    9.453057] microcode: CPU1 sig=0x206d7, pf=0x1, revision=0x70d
[    9.453792] microcode: CPU2 sig=0x206d7, pf=0x1, revision=0x70d
[    9.454432] microcode: CPU3 sig=0x206d7, pf=0x1, revision=0x70d
[    9.455055] microcode: CPU4 sig=0x206d7, pf=0x1, revision=0x70d
[    9.455721] microcode: CPU5 sig=0x206d7, pf=0x1, revision=0x70d
[    9.456393] microcode: CPU6 sig=0x206d7, pf=0x1, revision=0x70d
[    9.457060] microcode: CPU7 sig=0x206d7, pf=0x1, revision=0x70d
[    9.457693] microcode: Microcode Update Driver: v2.00 <tigran@aivazian.fsnet.co.uk>, Peter Oruba
[    9.458078] [drm] nouveau 0000:05:00.0: 0x6AE5: Condition still not met after 20ms, skipping following opcodes
[    9.460896] [TTM] Zone  kernel: Available graphics memory: 1980108 kiB
[    9.460898] [TTM] Initializing pool allocator
[    9.460900] kvm: disabled by bios
[    9.460902] [TTM] Initializing DMA pool allocator
[    9.460908] [drm] nouveau 0000:05:00.0: Detected 512MiB VRAM (DDR3)
[    9.475494] [drm] nouveau 0000:05:00.0: 512 MiB GART (aperture)
[    9.481421] [drm] Supports vblank timestamp caching Rev 1 (10.10.2010).
[    9.481422] [drm] No driver support for vblank timestamp query.
[    9.559323] e1000e 0000:00:19.0: irq 73 for MSI/MSI-X
[    9.575996] kvm: disabled by bios
[    9.659429] e1000e 0000:00:19.0: irq 73 for MSI/MSI-X
[    9.659789] IPv6: ADDRCONF(NETDEV_UP): eth0: link is not ready
[    9.677618] kvm: disabled by bios
[    9.799496] [drm] nouveau 0000:05:00.0: 3 available performance level(s)
[    9.799499] [drm] nouveau 0000:05:00.0: 0: core 50MHz shader 101MHz memory 135MHz voltage 880mV
[    9.799500] [drm] nouveau 0000:05:00.0: 1: core 405MHz shader 810MHz memory 324MHz voltage 900mV
[    9.799502] [drm] nouveau 0000:05:00.0: 3: core 640MHz shader 1280MHz memory 800MHz voltage 990mV
[    9.799503] [drm] nouveau 0000:05:00.0: c: core 405MHz shader 810MHz memory 324MHz voltage 930mV fanspeed 30%
[    9.803420] input: HP WMI hotkeys as /devices/virtual/input/input9
[    9.805296] [drm] nouveau 0000:05:00.0: MM: using COPY1 for buffer copies
[    9.819929] kvm: disabled by bios
[    9.936006] kvm: disabled by bios
[    9.952971] [drm] nouveau 0000:05:00.0: allocated 1920x1080 fb: 0x120000, bo ffff880115007800
[    9.953069] fbcon: nouveaufb (fb0) is primary device
[    9.953154] Console: switching to colour frame buffer device 240x67
[    9.953174] fb0: nouveaufb frame buffer device
[    9.953175] drm: registered panic notifier
[    9.953179] [drm] Initialized nouveau 1.0.0 20120316 for 0000:05:00.0 on minor 0
[    9.953207] snd_hda_intel 0000:05:00.1: enabling device (0100 -> 0102)
[    9.953228] hda_intel: Disabling MSI
[    9.953245] hda-intel: 0000:05:00.1: Handle VGA-switcheroo audio client
[    9.975515] EXT4-fs (sda2): re-mounted. Opts: errors=remount-ro
[   10.008082] RPC: Registered named UNIX socket transport module.
[   10.008084] RPC: Registered udp transport module.
[   10.008085] RPC: Registered tcp transport module.
[   10.008086] RPC: Registered tcp NFSv4.1 backchannel transport module.
[   10.008930] FS-Cache: Loaded
[   10.010698] NFS: Registering the id_resolver key type
[   10.010704] Key type id_resolver registered
[   10.010705] Key type id_legacy registered
[   10.010708] FS-Cache: Netfs 'nfs' registered for caching
[   10.013152] Installing knfsd (copyright (C) 1996 okir@monad.swb.de).
[   10.034890] init: statd-mounting main process (1051) killed by TERM signal
[   10.037516] Bluetooth: Core ver 2.16
[   10.037528] NET: Registered protocol family 31
[   10.037528] Bluetooth: HCI device and connection manager initialized
[   10.037529] Bluetooth: HCI socket layer initialized
[   10.037530] Bluetooth: L2CAP socket layer initialized
[   10.037532] Bluetooth: SCO socket layer initialized
[   10.038334] Bluetooth: RFCOMM TTY layer initialized
[   10.038336] Bluetooth: RFCOMM socket layer initialized
[   10.038337] Bluetooth: RFCOMM ver 1.11
[   10.047470] ppdev: user-space parallel port driver
[   10.048245] Bluetooth: BNEP (Ethernet Emulation) ver 1.3
[   10.048246] Bluetooth: BNEP filters: protocol multicast
[   10.052881] type=1400 audit(1373252961.992:5): apparmor="STATUS" operation="profile_load" name="/usr/lib/cups/backend/cups-pdf" pid=1151 comm="apparmor_parser"
[   10.053135] type=1400 audit(1373252961.992:6): apparmor="STATUS" operation="profile_load" name="/usr/sbin/cupsd" pid=1151 comm="apparmor_parser"
[   11.185472] e1000e: eth0 NIC Link is Up 100 Mbps Full Duplex, Flow Control: Rx/Tx
[   11.185476] e1000e 0000:00:19.0: eth0: 10/100 speed: disabling TSO
[   11.185675] IPv6: ADDRCONF(NETDEV_CHANGE): eth0: link becomes ready
[   11.838337] input: HDA NVidia HDMI/DP,pcm=9 as /devices/pci0000:00/0000:00:02.0/0000:05:00.1/sound/card1/input10
[   11.838454] input: HDA NVidia HDMI/DP,pcm=8 as /devices/pci0000:00/0000:00:02.0/0000:05:00.1/sound/card1/input11
[   11.838565] input: HDA NVidia HDMI/DP,pcm=7 as /devices/pci0000:00/0000:00:02.0/0000:05:00.1/sound/card1/input12
[   11.838680] input: HDA NVidia HDMI/DP,pcm=3 as /devices/pci0000:00/0000:00:02.0/0000:05:00.1/sound/card1/input13
[   14.716325] init: failsafe main process (1091) killed by TERM signal
[   14.730630] type=1400 audit(1373252966.672:7): apparmor="STATUS" operation="profile_load" name="/usr/lib/lightdm/lightdm/lightdm-guest-session-wrapper" pid=1323 comm="apparmor_parser"
[   14.730800] type=1400 audit(1373252966.672:8): apparmor="STATUS" operation="profile_replace" name="/sbin/dhclient" pid=1324 comm="apparmor_parser"
[   14.731001] type=1400 audit(1373252966.672:9): apparmor="STATUS" operation="profile_load" name="/usr/sbin/tcpdump" pid=1330 comm="apparmor_parser"
[   14.731028] type=1400 audit(1373252966.672:10): apparmor="STATUS" operation="profile_replace" name="/usr/lib/NetworkManager/nm-dhcp-client.action" pid=1324 comm="apparmor_parser"
[   14.731150] type=1400 audit(1373252966.672:11): apparmor="STATUS" operation="profile_replace" name="/usr/lib/connman/scripts/dhclient-script" pid=1324 comm="apparmor_parser"
[   14.731179] type=1400 audit(1373252966.672:12): apparmor="STATUS" operation="profile_load" name="/usr/lib/telepathy/mission-control-5" pid=1327 comm="apparmor_parser"
[   14.731508] type=1400 audit(1373252966.672:13): apparmor="STATUS" operation="profile_load" name="/usr/lib/telepathy/telepathy-*" pid=1327 comm="apparmor_parser"
[   14.731804] type=1400 audit(1373252966.672:14): apparmor="STATUS" operation="profile_replace" name="/usr/lib/cups/backend/cups-pdf" pid=1328 comm="apparmor_parser"
[   14.732085] type=1400 audit(1373252966.672:15): apparmor="STATUS" operation="profile_replace" name="/usr/sbin/cupsd" pid=1328 comm="apparmor_parser"
[   14.734071] type=1400 audit(1373252966.676:16): apparmor="STATUS" operation="profile_load" name="/usr/bin/evince" pid=1325 comm="apparmor_parser"
[   15.162075] [drm] nouveau 0000:05:00.0: 906e not supported yet
[   17.466215] [drm] nouveau 0000:05:00.0: PFIFO: unknown status 0x40000000
[   17.772067] [drm] nouveau 0000:05:00.0: PMFB0_SUBP0: 0x037f0010
[   17.772071] [drm] nouveau 0000:05:00.0: PMFB0_SUBP1: 0x037f0000
[   31.956809] audit_printk_skb: 21 callbacks suppressed
[   31.956811] type=1400 audit(1373252984.275:24): apparmor="DENIED" operation="open" parent=2233 profile="/usr/lib/telepathy/mission-control-5" name="/mnt/nfs/home/install/.local/share/telepathy/mission-control/accounts-goa.cfg" pid=2234 comm="mission-control" requested_mask="r" denied_mask="r" fsuid=1000 ouid=1000
[   31.959434] type=1400 audit(1373252984.275:25): apparmor="DENIED" operation="open" parent=2233 profile="/usr/lib/telepathy/mission-control-5" name="/mnt/nfs/home/install/.mission-control/accounts/accounts.cfg" pid=2234 comm="mission-control" requested_mask="r" denied_mask="r" fsuid=1000 ouid=1000
[   31.960252] type=1400 audit(1373252984.279:26): apparmor="DENIED" operation="mknod" parent=2233 profile="/usr/lib/telepathy/mission-control-5" name="/mnt/nfs/home/install/.local/share/telepathy/mission-control/accounts-goa.cfg.CAS1ZW" pid=2234 comm="mission-control" requested_mask="c" denied_mask="c" fsuid=1000 ouid=1000
[   31.964307] type=1400 audit(1373252984.283:27): apparmor="DENIED" operation="open" parent=1 profile="/usr/lib/telepathy/mission-control-5" name="/usr/share/gvfs/remote-volume-monitors/" pid=2234 comm="mission-control" requested_mask="r" denied_mask="r" fsuid=1000 ouid=0
[   31.965896] type=1400 audit(1373252984.283:28): apparmor="DENIED" operation="open" parent=1 profile="/usr/lib/telepathy/mission-control-5" name="/mnt/nfs/home/install/.cache/dconf/user" pid=2234 comm="mission-control" requested_mask="rwc" denied_mask="rwc" fsuid=1000 ouid=1000
