Jul  6 07:47:06 node5 rsyslogd: [origin software="rsyslogd" swVersion="5.8.6" x-pid="1011" x-info="http://www.rsyslog.com"] rsyslogd was HUPed
Jul  6 07:47:10 node5 anacron[4562]: Job `cron.daily' terminated
Jul  6 07:47:10 node5 anacron[4562]: Normal exit (1 job run)
Jul  6 08:17:01 node5 CRON[4894]: (root) CMD (   cd / && run-parts --report /etc/cron.hourly)
Jul  6 09:17:01 node5 CRON[4905]: (root) CMD (   cd / && run-parts --report /etc/cron.hourly)
Jul  6 10:17:01 node5 CRON[4914]: (root) CMD (   cd / && run-parts --report /etc/cron.hourly)
Jul  6 11:17:01 node5 CRON[4923]: (root) CMD (   cd / && run-parts --report /etc/cron.hourly)
Jul  6 12:17:01 node5 CRON[4934]: (root) CMD (   cd / && run-parts --report /etc/cron.hourly)
Jul  6 13:17:01 node5 CRON[4943]: (root) CMD (   cd / && run-parts --report /etc/cron.hourly)
Jul  6 14:17:01 node5 CRON[4953]: (root) CMD (   cd / && run-parts --report /etc/cron.hourly)
Jul  6 15:17:01 node5 CRON[4965]: (root) CMD (   cd / && run-parts --report /etc/cron.hourly)
Jul  6 16:17:01 node5 CRON[4975]: (root) CMD (   cd / && run-parts --report /etc/cron.hourly)
Jul  6 17:17:01 node5 CRON[4985]: (root) CMD (   cd / && run-parts --report /etc/cron.hourly)
Jul  6 18:17:01 node5 CRON[4995]: (root) CMD (   cd / && run-parts --report /etc/cron.hourly)
Jul  6 19:17:01 node5 CRON[5006]: (root) CMD (   cd / && run-parts --report /etc/cron.hourly)
Jul  6 20:17:01 node5 CRON[5017]: (root) CMD (   cd / && run-parts --report /etc/cron.hourly)
Jul  6 21:17:01 node5 CRON[5026]: (root) CMD (   cd / && run-parts --report /etc/cron.hourly)
Jul  6 22:17:01 node5 CRON[5037]: (root) CMD (   cd / && run-parts --report /etc/cron.hourly)
Jul  6 23:17:01 node5 CRON[5048]: (root) CMD (   cd / && run-parts --report /etc/cron.hourly)
Jul  7 00:17:01 node5 CRON[5058]: (root) CMD (   cd / && run-parts --report /etc/cron.hourly)
Jul  7 01:17:01 node5 CRON[5069]: (root) CMD (   cd / && run-parts --report /etc/cron.hourly)
Jul  7 02:17:01 node5 CRON[5079]: (root) CMD (   cd / && run-parts --report /etc/cron.hourly)
Jul  7 03:17:01 node5 CRON[5088]: (root) CMD (   cd / && run-parts --report /etc/cron.hourly)
Jul  7 04:17:01 node5 CRON[5097]: (root) CMD (   cd / && run-parts --report /etc/cron.hourly)
Jul  7 05:17:01 node5 CRON[5108]: (root) CMD (   cd / && run-parts --report /etc/cron.hourly)
Jul  7 06:17:01 node5 CRON[5122]: (root) CMD (   cd / && run-parts --report /etc/cron.hourly)
Jul  7 06:25:01 node5 CRON[5125]: (root) CMD (test -x /usr/sbin/anacron || ( cd / && run-parts --report /etc/cron.daily ))
Jul  7 06:47:01 node5 CRON[5130]: (root) CMD (test -x /usr/sbin/anacron || ( cd / && run-parts --report /etc/cron.weekly ))
Jul  7 07:17:01 node5 CRON[5134]: (root) CMD (   cd / && run-parts --report /etc/cron.hourly)
Jul  7 07:30:01 node5 CRON[5139]: (root) CMD (start -q anacron || :)
Jul  7 07:30:01 node5 anacron[5142]: Anacron 2.3 started on 2013-07-07
Jul  7 07:30:01 node5 anacron[5142]: Will run job `cron.daily' in 5 min.
Jul  7 07:30:01 node5 anacron[5142]: Jobs will be executed sequentially
Jul  7 07:35:01 node5 anacron[5142]: Job `cron.daily' started
Jul  7 07:35:01 node5 anacron[5148]: Updated timestamp for job `cron.daily' to 2013-07-07
Jul  8 09:17:31 node5 kernel: imklog 5.8.6, log source = /proc/kmsg started.
Jul  8 09:17:31 node5 rsyslogd: [origin software="rsyslogd" swVersion="5.8.6" x-pid="1114" x-info="http://www.rsyslog.com"] start
Jul  8 09:17:31 node5 rsyslogd: rsyslogd's groupid changed to 103
Jul  8 09:17:31 node5 rsyslogd: rsyslogd's userid changed to 101
Jul  8 09:17:31 node5 rsyslogd-2039: Could not open output pipe '/dev/xconsole' [try http://www.rsyslog.com/e/2039 ]
Jul  8 09:17:31 node5 kernel: [    0.000000] Initializing cgroup subsys cpuset
Jul  8 09:17:31 node5 kernel: [    0.000000] Initializing cgroup subsys cpu
Jul  8 09:17:31 node5 kernel: [    0.000000] Linux version 3.5.0-23-generic (buildd@komainu) (gcc version 4.6.3 (Ubuntu/Linaro 4.6.3-1ubuntu5) ) #35~precise1-Ubuntu SMP Fri Jan 25 17:13:26 UTC 2013 (Ubuntu 3.5.0-23.35~precise1-generic 3.5.7.2)
Jul  8 09:17:31 node5 kernel: [    0.000000] Command line: BOOT_IMAGE=/boot/vmlinuz-3.5.0-23-generic root=UUID=7e3808ff-9bc4-4333-bc86-aacb23dc28e0 ro quiet splash vt.handoff=7
Jul  8 09:17:31 node5 kernel: [    0.000000] KERNEL supported cpus:
Jul  8 09:17:31 node5 kernel: [    0.000000]   Intel GenuineIntel
Jul  8 09:17:31 node5 kernel: [    0.000000]   AMD AuthenticAMD
Jul  8 09:17:31 node5 kernel: [    0.000000]   Centaur CentaurHauls
Jul  8 09:17:31 node5 kernel: [    0.000000] e820: BIOS-provided physical RAM map:
Jul  8 09:17:31 node5 kernel: [    0.000000] BIOS-e820: [mem 0x0000000000000000-0x000000000009ffff] usable
Jul  8 09:17:31 node5 kernel: [    0.000000] BIOS-e820: [mem 0x0000000000100000-0x00000000c8ed0fff] usable
Jul  8 09:17:31 node5 kernel: [    0.000000] BIOS-e820: [mem 0x00000000c8ed1000-0x00000000c9ed0fff] reserved
Jul  8 09:17:31 node5 kernel: [    0.000000] BIOS-e820: [mem 0x00000000c9ed1000-0x00000000db573fff] usable
Jul  8 09:17:31 node5 kernel: [    0.000000] BIOS-e820: [mem 0x00000000db574000-0x00000000db870fff] reserved
Jul  8 09:17:31 node5 kernel: [    0.000000] BIOS-e820: [mem 0x00000000db871000-0x00000000db90cfff] ACPI data
Jul  8 09:17:31 node5 kernel: [    0.000000] BIOS-e820: [mem 0x00000000db90d000-0x00000000dba81fff] ACPI NVS
Jul  8 09:17:31 node5 kernel: [    0.000000] BIOS-e820: [mem 0x00000000dba82000-0x00000000dbb72fff] reserved
Jul  8 09:17:31 node5 kernel: [    0.000000] BIOS-e820: [mem 0x00000000dbb73000-0x00000000dbb73fff] usable
Jul  8 09:17:31 node5 kernel: [    0.000000] BIOS-e820: [mem 0x00000000dbb74000-0x00000000dbbf6fff] ACPI NVS
Jul  8 09:17:31 node5 kernel: [    0.000000] BIOS-e820: [mem 0x00000000dbbf7000-0x00000000dbffffff] usable
Jul  8 09:17:31 node5 kernel: [    0.000000] BIOS-e820: [mem 0x00000000f0000000-0x00000000f7ffffff] reserved
Jul  8 09:17:31 node5 kernel: [    0.000000] BIOS-e820: [mem 0x00000000fed1c000-0x00000000fed1ffff] reserved
Jul  8 09:17:31 node5 kernel: [    0.000000] BIOS-e820: [mem 0x00000000ff000000-0x00000000ffffffff] reserved
Jul  8 09:17:31 node5 kernel: [    0.000000] BIOS-e820: [mem 0x0000000100000000-0x000000011fffffff] usable
Jul  8 09:17:31 node5 kernel: [    0.000000] NX (Execute Disable) protection: active
Jul  8 09:17:31 node5 kernel: [    0.000000] efi: EFI v2.31 by American Megatrends
Jul  8 09:17:31 node5 kernel: [    0.000000] efi:  ACPI 2.0=0xdb890000  SMBIOS=0xdbb44b98  ACPI=0xdb890000  MPS=0xf4bd0 
Jul  8 09:17:31 node5 kernel: [    0.000000] efi: mem00: type=3, attr=0xf, range=[0x0000000000000000-0x0000000000008000) (0MB)
Jul  8 09:17:31 node5 kernel: [    0.000000] efi: mem01: type=7, attr=0xf, range=[0x0000000000008000-0x000000000003f000) (0MB)
Jul  8 09:17:31 node5 kernel: [    0.000000] efi: mem02: type=4, attr=0xf, range=[0x000000000003f000-0x0000000000050000) (0MB)
Jul  8 09:17:31 node5 kernel: [    0.000000] efi: mem03: type=3, attr=0xf, range=[0x0000000000050000-0x00000000000a0000) (0MB)
Jul  8 09:17:31 node5 kernel: [    0.000000] efi: mem04: type=3, attr=0xf, range=[0x0000000000100000-0x0000000000110000) (0MB)
Jul  8 09:17:31 node5 kernel: [    0.000000] efi: mem05: type=2, attr=0xf, range=[0x0000000000110000-0x00000000005ff000) (4MB)
Jul  8 09:17:31 node5 kernel: [    0.000000] efi: mem06: type=7, attr=0xf, range=[0x00000000005ff000-0x0000000001000000) (10MB)
Jul  8 09:17:31 node5 kernel: [    0.000000] efi: mem07: type=2, attr=0xf, range=[0x0000000001000000-0x0000000001100000) (1MB)
Jul  8 09:17:31 node5 kernel: [    0.000000] efi: mem08: type=7, attr=0xf, range=[0x0000000001100000-0x0000000036242000) (849MB)
Jul  8 09:17:31 node5 kernel: [    0.000000] efi: mem09: type=2, attr=0xf, range=[0x0000000036242000-0x0000000036245000) (0MB)
Jul  8 09:17:31 node5 kernel: [    0.000000] efi: mem10: type=7, attr=0xf, range=[0x0000000036245000-0x0000000036248000) (0MB)
Jul  8 09:17:31 node5 kernel: [    0.000000] efi: mem11: type=2, attr=0xf, range=[0x0000000036248000-0x000000003711c000) (14MB)
Jul  8 09:17:31 node5 kernel: [    0.000000] efi: mem12: type=7, attr=0xf, range=[0x000000003711c000-0x0000000095c8f000) (1515MB)
Jul  8 09:17:31 node5 kernel: [    0.000000] efi: mem13: type=2, attr=0xf, range=[0x0000000095c8f000-0x00000000c8ecb000) (818MB)
Jul  8 09:17:31 node5 kernel: [    0.000000] efi: mem14: type=7, attr=0xf, range=[0x00000000c8ecb000-0x00000000c8ed1000) (0MB)
Jul  8 09:17:31 node5 kernel: [    0.000000] efi: mem15: type=14, attr=0xf, range=[0x00000000c8ed1000-0x00000000c9ed1000) (16MB)
Jul  8 09:17:31 node5 kernel: [    0.000000] efi: mem16: type=1, attr=0xf, range=[0x00000000c9ed1000-0x00000000c9eef000) (0MB)
Jul  8 09:17:31 node5 kernel: [    0.000000] efi: mem17: type=7, attr=0xf, range=[0x00000000c9eef000-0x00000000cc647000) (39MB)
Jul  8 09:17:31 node5 kernel: [    0.000000] efi: mem18: type=4, attr=0xf, range=[0x00000000cc647000-0x00000000cc73e000) (0MB)
Jul  8 09:17:31 node5 kernel: [    0.000000] efi: mem19: type=7, attr=0xf, range=[0x00000000cc73e000-0x00000000cc753000) (0MB)
Jul  8 09:17:31 node5 kernel: [    0.000000] efi: mem20: type=4, attr=0xf, range=[0x00000000cc753000-0x00000000cc7fb000) (0MB)
Jul  8 09:17:31 node5 kernel: [    0.000000] efi: mem21: type=7, attr=0xf, range=[0x00000000cc7fb000-0x00000000cc863000) (0MB)
Jul  8 09:17:31 node5 kernel: [    0.000000] efi: mem22: type=4, attr=0xf, range=[0x00000000cc863000-0x00000000cd18e000) (9MB)
Jul  8 09:17:31 node5 kernel: [    0.000000] efi: mem23: type=7, attr=0xf, range=[0x00000000cd18e000-0x00000000cd18f000) (0MB)
Jul  8 09:17:31 node5 kernel: [    0.000000] efi: mem24: type=4, attr=0xf, range=[0x00000000cd18f000-0x00000000cd190000) (0MB)
Jul  8 09:17:31 node5 kernel: [    0.000000] efi: mem25: type=7, attr=0xf, range=[0x00000000cd190000-0x00000000cd196000) (0MB)
Jul  8 09:17:31 node5 kernel: [    0.000000] efi: mem26: type=4, attr=0xf, range=[0x00000000cd196000-0x00000000cd197000) (0MB)
Jul  8 09:17:31 node5 kernel: [    0.000000] efi: mem27: type=7, attr=0xf, range=[0x00000000cd197000-0x00000000cd1c1000) (0MB)
Jul  8 09:17:31 node5 kernel: [    0.000000] efi: mem28: type=4, attr=0xf, range=[0x00000000cd1c1000-0x00000000cd1c2000) (0MB)
Jul  8 09:17:31 node5 kernel: [    0.000000] efi: mem29: type=7, attr=0xf, range=[0x00000000cd1c2000-0x00000000cd1c4000) (0MB)
Jul  8 09:17:31 node5 kernel: [    0.000000] efi: mem30: type=4, attr=0xf, range=[0x00000000cd1c4000-0x00000000cd1c5000) (0MB)
Jul  8 09:17:31 node5 kernel: [    0.000000] efi: mem31: type=7, attr=0xf, range=[0x00000000cd1c5000-0x00000000cd280000) (0MB)
Jul  8 09:17:31 node5 kernel: [    0.000000] efi: mem32: type=4, attr=0xf, range=[0x00000000cd280000-0x00000000cd295000) (0MB)
Jul  8 09:17:31 node5 kernel: [    0.000000] efi: mem33: type=7, attr=0xf, range=[0x00000000cd295000-0x00000000cd2e1000) (0MB)
Jul  8 09:17:31 node5 kernel: [    0.000000] efi: mem34: type=4, attr=0xf, range=[0x00000000cd2e1000-0x00000000cd2e2000) (0MB)
Jul  8 09:17:31 node5 kernel: [    0.000000] efi: mem35: type=7, attr=0xf, range=[0x00000000cd2e2000-0x00000000cd33d000) (0MB)
Jul  8 09:17:31 node5 kernel: [    0.000000] efi: mem36: type=4, attr=0xf, range=[0x00000000cd33d000-0x00000000cd3a2000) (0MB)
Jul  8 09:17:31 node5 kernel: [    0.000000] efi: mem37: type=7, attr=0xf, range=[0x00000000cd3a2000-0x00000000cd3a3000) (0MB)
Jul  8 09:17:31 node5 kernel: [    0.000000] efi: mem38: type=4, attr=0xf, range=[0x00000000cd3a3000-0x00000000cd3cc000) (0MB)
Jul  8 09:17:31 node5 kernel: [    0.000000] efi: mem39: type=7, attr=0xf, range=[0x00000000cd3cc000-0x00000000cd3cd000) (0MB)
Jul  8 09:17:31 node5 kernel: [    0.000000] efi: mem40: type=4, attr=0xf, range=[0x00000000cd3cd000-0x00000000cd3cf000) (0MB)
Jul  8 09:17:31 node5 kernel: [    0.000000] efi: mem41: type=7, attr=0xf, range=[0x00000000cd3cf000-0x00000000cd3d0000) (0MB)
Jul  8 09:17:31 node5 kernel: [    0.000000] efi: mem42: type=4, attr=0xf, range=[0x00000000cd3d0000-0x00000000cd3d1000) (0MB)
Jul  8 09:17:31 node5 kernel: [    0.000000] efi: mem43: type=7, attr=0xf, range=[0x00000000cd3d1000-0x00000000cd581000) (1MB)
Jul  8 09:17:31 node5 kernel: [    0.000000] efi: mem44: type=4, attr=0xf, range=[0x00000000cd581000-0x00000000cd582000) (0MB)
Jul  8 09:17:31 node5 kernel: [    0.000000] efi: mem45: type=7, attr=0xf, range=[0x00000000cd582000-0x00000000cd5e0000) (0MB)
Jul  8 09:17:31 node5 kernel: [    0.000000] efi: mem46: type=4, attr=0xf, range=[0x00000000cd5e0000-0x00000000cd5e1000) (0MB)
Jul  8 09:17:31 node5 kernel: [    0.000000] efi: mem47: type=7, attr=0xf, range=[0x00000000cd5e1000-0x00000000cd5e3000) (0MB)
Jul  8 09:17:31 node5 kernel: [    0.000000] efi: mem48: type=4, attr=0xf, range=[0x00000000cd5e3000-0x00000000cd60c000) (0MB)
Jul  8 09:17:31 node5 kernel: [    0.000000] efi: mem49: type=7, attr=0xf, range=[0x00000000cd60c000-0x00000000cd60e000) (0MB)
Jul  8 09:17:31 node5 kernel: [    0.000000] efi: mem50: type=4, attr=0xf, range=[0x00000000cd60e000-0x00000000cd60f000) (0MB)
Jul  8 09:17:31 node5 kernel: [    0.000000] efi: mem51: type=7, attr=0xf, range=[0x00000000cd60f000-0x00000000cd81c000) (2MB)
Jul  8 09:17:31 node5 kernel: [    0.000000] efi: mem52: type=4, attr=0xf, range=[0x00000000cd81c000-0x00000000cd81e000) (0MB)
Jul  8 09:17:31 node5 kernel: [    0.000000] efi: mem53: type=7, attr=0xf, range=[0x00000000cd81e000-0x00000000cd81f000) (0MB)
Jul  8 09:17:31 node5 kernel: [    0.000000] efi: mem54: type=4, attr=0xf, range=[0x00000000cd81f000-0x00000000cd848000) (0MB)
Jul  8 09:17:31 node5 kernel: [    0.000000] efi: mem55: type=7, attr=0xf, range=[0x00000000cd848000-0x00000000cd84c000) (0MB)
Jul  8 09:17:31 node5 kernel: [    0.000000] efi: mem56: type=4, attr=0xf, range=[0x00000000cd84c000-0x00000000cd84d000) (0MB)
Jul  8 09:17:31 node5 kernel: [    0.000000] efi: mem57: type=7, attr=0xf, range=[0x00000000cd84d000-0x00000000cd84e000) (0MB)
Jul  8 09:17:31 node5 kernel: [    0.000000] efi: mem58: type=4, attr=0xf, range=[0x00000000cd84e000-0x00000000cd84f000) (0MB)
Jul  8 09:17:31 node5 kernel: [    0.000000] efi: mem59: type=7, attr=0xf, range=[0x00000000cd84f000-0x00000000cda60000) (2MB)
Jul  8 09:17:31 node5 kernel: [    0.000000] efi: mem60: type=4, attr=0xf, range=[0x00000000cda60000-0x00000000cda61000) (0MB)
Jul  8 09:17:31 node5 kernel: [    0.000000] efi: mem61: type=7, attr=0xf, range=[0x00000000cda61000-0x00000000cda62000) (0MB)
Jul  8 09:17:31 node5 kernel: [    0.000000] efi: mem62: type=4, attr=0xf, range=[0x00000000cda62000-0x00000000cda8b000) (0MB)
Jul  8 09:17:31 node5 kernel: [    0.000000] efi: mem63: type=7, attr=0xf, range=[0x00000000cda8b000-0x00000000cda90000) (0MB)
Jul  8 09:17:31 node5 kernel: [    0.000000] efi: mem64: type=4, attr=0xf, range=[0x00000000cda90000-0x00000000cda91000) (0MB)
Jul  8 09:17:31 node5 kernel: [    0.000000] efi: mem65: type=7, attr=0xf, range=[0x00000000cda91000-0x00000000cdad7000) (0MB)
Jul  8 09:17:31 node5 kernel: [    0.000000] efi: mem66: type=4, attr=0xf, range=[0x00000000cdad7000-0x00000000cdad8000) (0MB)
Jul  8 09:17:31 node5 kernel: [    0.000000] efi: mem67: type=7, attr=0xf, range=[0x00000000cdad8000-0x00000000cdca0000) (1MB)
Jul  8 09:17:31 node5 kernel: [    0.000000] efi: mem68: type=4, attr=0xf, range=[0x00000000cdca0000-0x00000000cdca1000) (0MB)
Jul  8 09:17:31 node5 kernel: [    0.000000] efi: mem69: type=7, attr=0xf, range=[0x00000000cdca1000-0x00000000cdca4000) (0MB)
Jul  8 09:17:31 node5 kernel: [    0.000000] efi: mem70: type=4, attr=0xf, range=[0x00000000cdca4000-0x00000000cdccd000) (0MB)
Jul  8 09:17:31 node5 kernel: [    0.000000] efi: mem71: type=7, attr=0xf, range=[0x00000000cdccd000-0x00000000cdcce000) (0MB)
Jul  8 09:17:31 node5 kernel: [    0.000000] efi: mem72: type=4, attr=0xf, range=[0x00000000cdcce000-0x00000000cdccf000) (0MB)
Jul  8 09:17:31 node5 kernel: [    0.000000] efi: mem73: type=7, attr=0xf, range=[0x00000000cdccf000-0x00000000cdcd2000) (0MB)
Jul  8 09:17:31 node5 kernel: [    0.000000] efi: mem74: type=4, attr=0xf, range=[0x00000000cdcd2000-0x00000000cdcd3000) (0MB)
Jul  8 09:17:31 node5 kernel: [    0.000000] efi: mem75: type=7, attr=0xf, range=[0x00000000cdcd3000-0x00000000cdcd4000) (0MB)
Jul  8 09:17:31 node5 kernel: [    0.000000] efi: mem76: type=4, attr=0xf, range=[0x00000000cdcd4000-0x00000000cdcd5000) (0MB)
Jul  8 09:17:31 node5 kernel: [    0.000000] efi: mem77: type=7, attr=0xf, range=[0x00000000cdcd5000-0x00000000cdef4000) (2MB)
Jul  8 09:17:31 node5 kernel: [    0.000000] efi: mem78: type=4, attr=0xf, range=[0x00000000cdef4000-0x00000000cdef5000) (0MB)
Jul  8 09:17:31 node5 kernel: [    0.000000] efi: mem79: type=7, attr=0xf, range=[0x00000000cdef5000-0x00000000cdef8000) (0MB)
Jul  8 09:17:31 node5 kernel: [    0.000000] efi: mem80: type=4, attr=0xf, range=[0x00000000cdef8000-0x00000000cdf21000) (0MB)
Jul  8 09:17:31 node5 kernel: [    0.000000] efi: mem81: type=7, attr=0xf, range=[0x00000000cdf21000-0x00000000cdfc6000) (0MB)
Jul  8 09:17:31 node5 kernel: [    0.000000] efi: mem82: type=4, attr=0xf, range=[0x00000000cdfc6000-0x00000000ce077000) (0MB)
Jul  8 09:17:31 node5 kernel: [    0.000000] efi: mem83: type=7, attr=0xf, range=[0x00000000ce077000-0x00000000ce099000) (0MB)
Jul  8 09:17:31 node5 kernel: [    0.000000] efi: mem84: type=4, attr=0xf, range=[0x00000000ce099000-0x00000000ce20a000) (1MB)
Jul  8 09:17:31 node5 kernel: [    0.000000] efi: mem85: type=7, attr=0xf, range=[0x00000000ce20a000-0x00000000ce22a000) (0MB)
Jul  8 09:17:31 node5 kernel: [    0.000000] efi: mem86: type=4, attr=0xf, range=[0x00000000ce22a000-0x00000000ce27c000) (0MB)
Jul  8 09:17:31 node5 kernel: [    0.000000] efi: mem87: type=7, attr=0xf, range=[0x00000000ce27c000-0x00000000ce29a000) (0MB)
Jul  8 09:17:31 node5 kernel: [    0.000000] efi: mem88: type=4, attr=0xf, range=[0x00000000ce29a000-0x00000000ce2aa000) (0MB)
Jul  8 09:17:31 node5 kernel: [    0.000000] efi: mem89: type=7, attr=0xf, range=[0x00000000ce2aa000-0x00000000ce2b0000) (0MB)
Jul  8 09:17:31 node5 kernel: [    0.000000] efi: mem90: type=4, attr=0xf, range=[0x00000000ce2b0000-0x00000000ce545000) (2MB)
Jul  8 09:17:31 node5 kernel: [    0.000000] efi: mem91: type=7, attr=0xf, range=[0x00000000ce545000-0x00000000ce549000) (0MB)
Jul  8 09:17:31 node5 kernel: [    0.000000] efi: mem92: type=4, attr=0xf, range=[0x00000000ce549000-0x00000000da029000) (186MB)
Jul  8 09:17:31 node5 kernel: [    0.000000] efi: mem93: type=7, attr=0xf, range=[0x00000000da029000-0x00000000da76d000) (7MB)
Jul  8 09:17:31 node5 kernel: [    0.000000] efi: mem94: type=2, attr=0xf, range=[0x00000000da76d000-0x00000000da771000) (0MB)
Jul  8 09:17:31 node5 kernel: [    0.000000] efi: mem95: type=3, attr=0xf, range=[0x00000000da771000-0x00000000db574000) (14MB)
Jul  8 09:17:31 node5 kernel: [    0.000000] efi: mem96: type=0, attr=0xf, range=[0x00000000db574000-0x00000000db60d000) (0MB)
Jul  8 09:17:31 node5 kernel: [    0.000000] efi: mem97: type=0, attr=0xf, range=[0x00000000db60d000-0x00000000db871000) (2MB)
Jul  8 09:17:31 node5 kernel: [    0.000000] efi: mem98: type=9, attr=0xf, range=[0x00000000db871000-0x00000000db890000) (0MB)
Jul  8 09:17:31 node5 kernel: [    0.000000] efi: mem99: type=9, attr=0xf, range=[0x00000000db890000-0x00000000db90d000) (0MB)
Jul  8 09:17:31 node5 kernel: [    0.000000] efi: mem100: type=10, attr=0xf, range=[0x00000000db90d000-0x00000000db9da000) (0MB)
Jul  8 09:17:31 node5 kernel: [    0.000000] efi: mem101: type=10, attr=0xf, range=[0x00000000db9da000-0x00000000dba82000) (0MB)
Jul  8 09:17:31 node5 kernel: [    0.000000] efi: mem102: type=6, attr=0x800000000000000f, range=[0x00000000dba82000-0x00000000dbaa6000) (0MB)
Jul  8 09:17:31 node5 kernel: [    0.000000] efi: mem103: type=6, attr=0x800000000000000f, range=[0x00000000dbaa6000-0x00000000dbb38000) (0MB)
Jul  8 09:17:31 node5 kernel: [    0.000000] efi: mem104: type=6, attr=0x800000000000000f, range=[0x00000000dbb38000-0x00000000dbb3b000) (0MB)
Jul  8 09:17:31 node5 kernel: [    0.000000] efi: mem105: type=6, attr=0x800000000000000f, range=[0x00000000dbb3b000-0x00000000dbb46000) (0MB)
Jul  8 09:17:31 node5 kernel: [    0.000000] efi: mem106: type=5, attr=0x800000000000000f, range=[0x00000000dbb46000-0x00000000dbb4f000) (0MB)
Jul  8 09:17:31 node5 kernel: [    0.000000] efi: mem107: type=5, attr=0x800000000000000f, range=[0x00000000dbb4f000-0x00000000dbb73000) (0MB)
Jul  8 09:17:31 node5 kernel: [    0.000000] efi: mem108: type=4, attr=0xf, range=[0x00000000dbb73000-0x00000000dbb74000) (0MB)
Jul  8 09:17:31 node5 kernel: [    0.000000] efi: mem109: type=10, attr=0xf, range=[0x00000000dbb74000-0x00000000dbbf7000) (0MB)
Jul  8 09:17:31 node5 kernel: [    0.000000] efi: mem110: type=4, attr=0xf, range=[0x00000000dbbf7000-0x00000000dbd42000) (1MB)
Jul  8 09:17:31 node5 kernel: [    0.000000] efi: mem111: type=3, attr=0xf, range=[0x00000000dbd42000-0x00000000dbfda000) (2MB)
Jul  8 09:17:31 node5 kernel: [    0.000000] efi: mem112: type=4, attr=0xf, range=[0x00000000dbfda000-0x00000000dbfdf000) (0MB)
Jul  8 09:17:31 node5 kernel: [    0.000000] efi: mem113: type=3, attr=0xf, range=[0x00000000dbfdf000-0x00000000dbfe5000) (0MB)
Jul  8 09:17:31 node5 kernel: [    0.000000] efi: mem114: type=4, attr=0xf, range=[0x00000000dbfe5000-0x00000000dc000000) (0MB)
Jul  8 09:17:31 node5 kernel: [    0.000000] efi: mem115: type=7, attr=0xf, range=[0x0000000100000000-0x0000000120000000) (512MB)
Jul  8 09:17:31 node5 kernel: [    0.000000] efi: mem116: type=11, attr=0x8000000000000001, range=[0x00000000f0000000-0x00000000f8000000) (128MB)
Jul  8 09:17:31 node5 kernel: [    0.000000] efi: mem117: type=11, attr=0x8000000000000001, range=[0x00000000fed1c000-0x00000000fed20000) (0MB)
Jul  8 09:17:31 node5 kernel: [    0.000000] efi: mem118: type=11, attr=0x8000000000000001, range=[0x00000000ff000000-0x0000000100000000) (16MB)
Jul  8 09:17:31 node5 kernel: [    0.000000] DMI 2.7 present.
Jul  8 09:17:31 node5 kernel: [    0.000000] DMI: Hewlett-Packard HP Z420 Workstation/1589, BIOS J61 v02.08 10/17/2012
Jul  8 09:17:31 node5 kernel: [    0.000000] e820: update [mem 0x00000000-0x0000ffff] usable ==> reserved
Jul  8 09:17:31 node5 kernel: [    0.000000] e820: remove [mem 0x000a0000-0x000fffff] usable
Jul  8 09:17:31 node5 kernel: [    0.000000] No AGP bridge found
Jul  8 09:17:31 node5 kernel: [    0.000000] e820: last_pfn = 0x120000 max_arch_pfn = 0x400000000
Jul  8 09:17:31 node5 kernel: [    0.000000] MTRR default type: write-back
Jul  8 09:17:31 node5 kernel: [    0.000000] MTRR fixed ranges enabled:
Jul  8 09:17:31 node5 kernel: [    0.000000]   00000-9FFFF write-back
Jul  8 09:17:31 node5 kernel: [    0.000000]   A0000-BFFFF uncachable
Jul  8 09:17:31 node5 kernel: [    0.000000]   C0000-DBFFF write-protect
Jul  8 09:17:31 node5 kernel: [    0.000000]   DC000-DFFFF uncachable
Jul  8 09:17:31 node5 kernel: [    0.000000]   E0000-FFFFF write-protect
Jul  8 09:17:31 node5 kernel: [    0.000000] MTRR variable ranges enabled:
Jul  8 09:17:31 node5 kernel: [    0.000000]   0 base 0000DC000000 mask 3FFFFC000000 uncachable
Jul  8 09:17:31 node5 kernel: [    0.000000]   1 base 0000E0000000 mask 3FFFE0000000 uncachable
Jul  8 09:17:31 node5 kernel: [    0.000000]   2 base 000120000000 mask 3FFFE0000000 uncachable
Jul  8 09:17:31 node5 kernel: [    0.000000]   3 disabled
Jul  8 09:17:31 node5 kernel: [    0.000000]   4 disabled
Jul  8 09:17:31 node5 kernel: [    0.000000]   5 disabled
Jul  8 09:17:31 node5 kernel: [    0.000000]   6 disabled
Jul  8 09:17:31 node5 kernel: [    0.000000]   7 disabled
Jul  8 09:17:31 node5 kernel: [    0.000000]   8 disabled
Jul  8 09:17:31 node5 kernel: [    0.000000]   9 disabled
Jul  8 09:17:31 node5 kernel: [    0.000000] x86 PAT enabled: cpu 0, old 0x7040600070406, new 0x7010600070106
Jul  8 09:17:31 node5 kernel: [    0.000000] e820: last_pfn = 0xdc000 max_arch_pfn = 0x400000000
Jul  8 09:17:31 node5 kernel: [    0.000000] found SMP MP-table at [mem 0x000f4bc0-0x000f4bcf] mapped at [ffff8800000f4bc0]
Jul  8 09:17:31 node5 kernel: [    0.000000] initial memory mapped: [mem 0x00000000-0x1fffffff]
Jul  8 09:17:31 node5 kernel: [    0.000000] Base memory trampoline at [ffff880000090000] 90000 size 24576
Jul  8 09:17:31 node5 kernel: [    0.000000] Using GB pages for direct mapping
Jul  8 09:17:31 node5 kernel: [    0.000000] init_memory_mapping: [mem 0x00000000-0xdbffffff]
Jul  8 09:17:31 node5 kernel: [    0.000000]  [mem 0x00000000-0xbfffffff] page 1G
Jul  8 09:17:31 node5 kernel: [    0.000000]  [mem 0xc0000000-0xdbffffff] page 2M
Jul  8 09:17:31 node5 kernel: [    0.000000] kernel direct mapping tables up to 0xdbffffff @ [mem 0x1fffe000-0x1fffffff]
Jul  8 09:17:31 node5 kernel: [    0.000000] init_memory_mapping: [mem 0x100000000-0x11fffffff]
Jul  8 09:17:31 node5 kernel: [    0.000000]  [mem 0x100000000-0x11fffffff] page 2M
Jul  8 09:17:31 node5 kernel: [    0.000000] kernel direct mapping tables up to 0x11fffffff @ [mem 0xda76f000-0xda770fff]
Jul  8 09:17:31 node5 kernel: [    0.000000] RAMDISK: [mem 0x36248000-0x3711bfff]
Jul  8 09:17:31 node5 kernel: [    0.000000] ACPI: RSDP 00000000db890000 00024 (v02 HPQOEM)
Jul  8 09:17:31 node5 kernel: [    0.000000] ACPI: XSDT 00000000db890078 0006C (v01 HPQOEM SLIC-WKS 01072009 AMI  00010013)
Jul  8 09:17:31 node5 kernel: [    0.000000] ACPI: FACP 00000000db897048 000F4 (v04 HPQOEM SLIC-WKS 01072009 AMI  00010013)
Jul  8 09:17:31 node5 kernel: [    0.000000] ACPI: DSDT 00000000db890170 06ED6 (v02 HPQOEM SLIC-WKS 00000208 INTL 20051117)
Jul  8 09:17:31 node5 kernel: [    0.000000] ACPI: FACS 00000000dba7ff80 00040
Jul  8 09:17:31 node5 kernel: [    0.000000] ACPI: APIC 00000000db897140 000C8 (v03 HPQOEM SLIC-WKS 01072009 AMI  00010013)
Jul  8 09:17:31 node5 kernel: [    0.000000] ACPI: MCFG 00000000db897208 0003C (v01 HPQOEM OEMMCFG. 01072009 MSFT 00000097)
Jul  8 09:17:31 node5 kernel: [    0.000000] ACPI: HPET 00000000db897248 00038 (v01 HPQOEM SLIC-WKS 01072009 AMI. 00000005)
Jul  8 09:17:31 node5 kernel: [    0.000000] ACPI: SSDT 00000000db897280 05913 (v01 COMPAQ      WMI 00000001 MSFT 03000001)
Jul  8 09:17:31 node5 kernel: [    0.000000] ACPI: SLIC 00000000db89cb98 00176 (v01 HPQOEM SLIC-WKS 00000001      00000000)
Jul  8 09:17:31 node5 kernel: [    0.000000] ACPI: SSDT 00000000db89cd10 017C9 (v02 HPQOEM   CpuDef 00004000 INTL 20051117)
Jul  8 09:17:31 node5 kernel: [    0.000000] ACPI: SSDT 00000000db89e4e0 6E284 (v02  INTEL    CpuPm 00004000 INTL 20051117)
Jul  8 09:17:31 node5 kernel: [    0.000000] ACPI: ASF! 00000000db90c768 000A5 (v32 INTEL       HCG 00000001 TFSM 000F4240)
Jul  8 09:17:31 node5 kernel: [    0.000000] ACPI: Local APIC address 0xfee00000
Jul  8 09:17:31 node5 kernel: [    0.000000] No NUMA configuration found
Jul  8 09:17:31 node5 kernel: [    0.000000] Faking a node at [mem 0x0000000000000000-0x000000011fffffff]
Jul  8 09:17:31 node5 kernel: [    0.000000] Initmem setup node 0 [mem 0x00000000-0x11fffffff]
Jul  8 09:17:31 node5 kernel: [    0.000000]   NODE_DATA [mem 0x11fffc000-0x11fffffff]
Jul  8 09:17:31 node5 kernel: [    0.000000]  [ffffea0000000000-ffffea00047fffff] PMD -> [ffff88011b600000-ffff88011f5fffff] on node 0
Jul  8 09:17:31 node5 kernel: [    0.000000] Zone ranges:
Jul  8 09:17:31 node5 kernel: [    0.000000]   DMA      [mem 0x00010000-0x00ffffff]
Jul  8 09:17:31 node5 kernel: [    0.000000]   DMA32    [mem 0x01000000-0xffffffff]
Jul  8 09:17:31 node5 kernel: [    0.000000]   Normal   [mem 0x100000000-0x11fffffff]
Jul  8 09:17:31 node5 kernel: [    0.000000] Movable zone start for each node
Jul  8 09:17:31 node5 kernel: [    0.000000] Early memory node ranges
Jul  8 09:17:31 node5 kernel: [    0.000000]   node   0: [mem 0x00010000-0x0009ffff]
Jul  8 09:17:31 node5 kernel: [    0.000000]   node   0: [mem 0x00100000-0xc8ed0fff]
Jul  8 09:17:31 node5 kernel: [    0.000000]   node   0: [mem 0xc9ed1000-0xdb573fff]
Jul  8 09:17:31 node5 kernel: [    0.000000]   node   0: [mem 0xdbb73000-0xdbb73fff]
Jul  8 09:17:31 node5 kernel: [    0.000000]   node   0: [mem 0xdbbf7000-0xdbffffff]
Jul  8 09:17:31 node5 kernel: [    0.000000]   node   0: [mem 0x100000000-0x11fffffff]
Jul  8 09:17:31 node5 kernel: [    0.000000] On node 0 totalpages: 1026318
Jul  8 09:17:31 node5 kernel: [    0.000000]   DMA zone: 64 pages used for memmap
Jul  8 09:17:31 node5 kernel: [    0.000000]   DMA zone: 49 pages reserved
Jul  8 09:17:31 node5 kernel: [    0.000000]   DMA zone: 3871 pages, LIFO batch:0
Jul  8 09:17:31 node5 kernel: [    0.000000]   DMA32 zone: 16320 pages used for memmap
Jul  8 09:17:31 node5 kernel: [    0.000000]   DMA32 zone: 874942 pages, LIFO batch:31
Jul  8 09:17:31 node5 kernel: [    0.000000]   Normal zone: 2048 pages used for memmap
Jul  8 09:17:31 node5 kernel: [    0.000000]   Normal zone: 129024 pages, LIFO batch:31
Jul  8 09:17:31 node5 kernel: [    0.000000] ACPI: PM-Timer IO Port: 0x408
Jul  8 09:17:31 node5 kernel: [    0.000000] ACPI: Local APIC address 0xfee00000
Jul  8 09:17:31 node5 kernel: [    0.000000] ACPI: LAPIC (acpi_id[0x00] lapic_id[0x00] enabled)
Jul  8 09:17:31 node5 kernel: [    0.000000] ACPI: LAPIC (acpi_id[0x02] lapic_id[0x02] enabled)
Jul  8 09:17:31 node5 kernel: [    0.000000] ACPI: LAPIC (acpi_id[0x04] lapic_id[0x04] enabled)
Jul  8 09:17:31 node5 kernel: [    0.000000] ACPI: LAPIC (acpi_id[0x06] lapic_id[0x06] enabled)
Jul  8 09:17:31 node5 kernel: [    0.000000] ACPI: LAPIC (acpi_id[0x01] lapic_id[0x01] enabled)
Jul  8 09:17:31 node5 kernel: [    0.000000] ACPI: LAPIC (acpi_id[0x03] lapic_id[0x03] enabled)
Jul  8 09:17:31 node5 kernel: [    0.000000] ACPI: LAPIC (acpi_id[0x05] lapic_id[0x05] enabled)
Jul  8 09:17:31 node5 kernel: [    0.000000] ACPI: LAPIC (acpi_id[0x07] lapic_id[0x07] enabled)
Jul  8 09:17:31 node5 kernel: [    0.000000] ACPI: LAPIC_NMI (acpi_id[0x00] high edge lint[0x1])
Jul  8 09:17:31 node5 kernel: [    0.000000] ACPI: LAPIC_NMI (acpi_id[0x02] high edge lint[0x1])
Jul  8 09:17:31 node5 kernel: [    0.000000] ACPI: LAPIC_NMI (acpi_id[0x04] high edge lint[0x1])
Jul  8 09:17:31 node5 kernel: [    0.000000] ACPI: LAPIC_NMI (acpi_id[0x06] high edge lint[0x1])
Jul  8 09:17:31 node5 kernel: [    0.000000] ACPI: LAPIC_NMI (acpi_id[0x01] high edge lint[0x1])
Jul  8 09:17:31 node5 kernel: [    0.000000] ACPI: LAPIC_NMI (acpi_id[0x03] high edge lint[0x1])
Jul  8 09:17:31 node5 kernel: [    0.000000] ACPI: LAPIC_NMI (acpi_id[0x05] high edge lint[0x1])
Jul  8 09:17:31 node5 kernel: [    0.000000] ACPI: LAPIC_NMI (acpi_id[0x07] high edge lint[0x1])
Jul  8 09:17:31 node5 kernel: [    0.000000] ACPI: IOAPIC (id[0x00] address[0xfec00000] gsi_base[0])
Jul  8 09:17:31 node5 kernel: [    0.000000] IOAPIC[0]: apic_id 0, version 32, address 0xfec00000, GSI 0-23
Jul  8 09:17:31 node5 kernel: [    0.000000] ACPI: IOAPIC (id[0x02] address[0xfec01000] gsi_base[24])
Jul  8 09:17:31 node5 kernel: [    0.000000] IOAPIC[1]: apic_id 2, version 32, address 0xfec01000, GSI 24-47
Jul  8 09:17:31 node5 kernel: [    0.000000] ACPI: INT_SRC_OVR (bus 0 bus_irq 0 global_irq 2 dfl dfl)
Jul  8 09:17:31 node5 kernel: [    0.000000] ACPI: INT_SRC_OVR (bus 0 bus_irq 9 global_irq 9 high level)
Jul  8 09:17:31 node5 kernel: [    0.000000] ACPI: IRQ0 used by override.
Jul  8 09:17:31 node5 kernel: [    0.000000] ACPI: IRQ2 used by override.
Jul  8 09:17:31 node5 kernel: [    0.000000] ACPI: IRQ9 used by override.
Jul  8 09:17:31 node5 kernel: [    0.000000] Using ACPI (MADT) for SMP configuration information
Jul  8 09:17:31 node5 kernel: [    0.000000] ACPI: HPET id: 0x8086a701 base: 0xfed00000
Jul  8 09:17:31 node5 kernel: [    0.000000] SMP: Allowing 8 CPUs, 0 hotplug CPUs
Jul  8 09:17:31 node5 kernel: [    0.000000] nr_irqs_gsi: 64
Jul  8 09:17:31 node5 kernel: [    0.000000] PM: Registered nosave memory: 00000000000a0000 - 0000000000100000
Jul  8 09:17:31 node5 kernel: [    0.000000] PM: Registered nosave memory: 00000000c8ed1000 - 00000000c9ed1000
Jul  8 09:17:31 node5 kernel: [    0.000000] PM: Registered nosave memory: 00000000db574000 - 00000000db871000
Jul  8 09:17:31 node5 kernel: [    0.000000] PM: Registered nosave memory: 00000000db871000 - 00000000db90d000
Jul  8 09:17:31 node5 kernel: [    0.000000] PM: Registered nosave memory: 00000000db90d000 - 00000000dba82000
Jul  8 09:17:31 node5 kernel: [    0.000000] PM: Registered nosave memory: 00000000dba82000 - 00000000dbb73000
Jul  8 09:17:31 node5 kernel: [    0.000000] PM: Registered nosave memory: 00000000dbb74000 - 00000000dbbf7000
Jul  8 09:17:31 node5 kernel: [    0.000000] PM: Registered nosave memory: 00000000dc000000 - 00000000f0000000
Jul  8 09:17:31 node5 kernel: [    0.000000] PM: Registered nosave memory: 00000000f0000000 - 00000000f8000000
Jul  8 09:17:31 node5 kernel: [    0.000000] PM: Registered nosave memory: 00000000f8000000 - 00000000fed1c000
Jul  8 09:17:31 node5 kernel: [    0.000000] PM: Registered nosave memory: 00000000fed1c000 - 00000000fed20000
Jul  8 09:17:31 node5 kernel: [    0.000000] PM: Registered nosave memory: 00000000fed20000 - 00000000ff000000
Jul  8 09:17:31 node5 kernel: [    0.000000] PM: Registered nosave memory: 00000000ff000000 - 0000000100000000
Jul  8 09:17:31 node5 kernel: [    0.000000] e820: [mem 0xdc000000-0xefffffff] available for PCI devices
Jul  8 09:17:31 node5 kernel: [    0.000000] Booting paravirtualized kernel on bare hardware
Jul  8 09:17:31 node5 kernel: [    0.000000] setup_percpu: NR_CPUS:256 nr_cpumask_bits:256 nr_cpu_ids:8 nr_node_ids:1
Jul  8 09:17:31 node5 kernel: [    0.000000] PERCPU: Embedded 28 pages/cpu @ffff88011fc00000 s83584 r8192 d22912 u262144
Jul  8 09:17:31 node5 kernel: [    0.000000] pcpu-alloc: s83584 r8192 d22912 u262144 alloc=1*2097152
Jul  8 09:17:31 node5 kernel: [    0.000000] pcpu-alloc: [0] 0 1 2 3 4 5 6 7 
Jul  8 09:17:31 node5 kernel: [    0.000000] Built 1 zonelists in Node order, mobility grouping on.  Total pages: 1007837
Jul  8 09:17:31 node5 kernel: [    0.000000] Policy zone: Normal
Jul  8 09:17:31 node5 kernel: [    0.000000] Kernel command line: BOOT_IMAGE=/boot/vmlinuz-3.5.0-23-generic root=UUID=7e3808ff-9bc4-4333-bc86-aacb23dc28e0 ro quiet splash vt.handoff=7
Jul  8 09:17:31 node5 kernel: [    0.000000] PID hash table entries: 4096 (order: 3, 32768 bytes)
Jul  8 09:17:31 node5 kernel: [    0.000000] __ex_table already sorted, skipping sort
Jul  8 09:17:31 node5 kernel: [    0.000000] xsave/xrstor: enabled xstate_bv 0x7, cntxt size 0x340
Jul  8 09:17:31 node5 kernel: [    0.000000] Checking aperture...
Jul  8 09:17:31 node5 kernel: [    0.000000] No AGP bridge found
Jul  8 09:17:31 node5 kernel: [    0.000000] Calgary: detecting Calgary via BIOS EBDA area
Jul  8 09:17:31 node5 kernel: [    0.000000] Calgary: Unable to locate Rio Grande table in EBDA - bailing!
Jul  8 09:17:31 node5 kernel: [    0.000000] Memory: 3713876k/4718592k available (6828k kernel code, 613320k absent, 391396k reserved, 6342k data, 948k init)
Jul  8 09:17:31 node5 kernel: [    0.000000] SLUB: Genslabs=15, HWalign=64, Order=0-3, MinObjects=0, CPUs=8, Nodes=1
Jul  8 09:17:31 node5 kernel: [    0.000000] Hierarchical RCU implementation.
Jul  8 09:17:31 node5 kernel: [    0.000000] 	RCU dyntick-idle grace-period acceleration is enabled.
Jul  8 09:17:31 node5 kernel: [    0.000000] NR_IRQS:16640 nr_irqs:1152 16
Jul  8 09:17:31 node5 kernel: [    0.000000] Extended CMOS year: 2000
Jul  8 09:17:31 node5 kernel: [    0.000000] vt handoff: transparent VT on vt#7
Jul  8 09:17:31 node5 kernel: [    0.000000] Console: colour dummy device 80x25
Jul  8 09:17:31 node5 kernel: [    0.000000] console [tty0] enabled
Jul  8 09:17:31 node5 kernel: [    0.000000] allocated 16777216 bytes of page_cgroup
Jul  8 09:17:31 node5 kernel: [    0.000000] please try 'cgroup_disable=memory' option if you don't want memory cgroups
Jul  8 09:17:31 node5 kernel: [    0.000000] hpet clockevent registered
Jul  8 09:17:31 node5 kernel: [    0.000000] Fast TSC calibration using PIT
Jul  8 09:17:31 node5 kernel: [    0.004000] Detected 3590.970 MHz processor.
Jul  8 09:17:31 node5 kernel: [    0.000002] Calibrating delay loop (skipped), value calculated using timer frequency.. 7181.94 BogoMIPS (lpj=14363880)
Jul  8 09:17:31 node5 kernel: [    0.000004] pid_max: default: 32768 minimum: 301
Jul  8 09:17:31 node5 kernel: [    0.011616] Security Framework initialized
Jul  8 09:17:31 node5 kernel: [    0.011625] AppArmor: AppArmor initialized
Jul  8 09:17:31 node5 kernel: [    0.011625] Yama: becoming mindful.
Jul  8 09:17:31 node5 kernel: [    0.011816] Dentry cache hash table entries: 524288 (order: 10, 4194304 bytes)
Jul  8 09:17:31 node5 kernel: [    0.012394] Inode-cache hash table entries: 262144 (order: 9, 2097152 bytes)
Jul  8 09:17:31 node5 kernel: [    0.012640] Mount-cache hash table entries: 256
Jul  8 09:17:31 node5 kernel: [    0.012749] Initializing cgroup subsys cpuacct
Jul  8 09:17:31 node5 kernel: [    0.012751] Initializing cgroup subsys memory
Jul  8 09:17:31 node5 kernel: [    0.012756] Initializing cgroup subsys devices
Jul  8 09:17:31 node5 kernel: [    0.012757] Initializing cgroup subsys freezer
Jul  8 09:17:31 node5 kernel: [    0.012758] Initializing cgroup subsys blkio
Jul  8 09:17:31 node5 kernel: [    0.012759] Initializing cgroup subsys perf_event
Jul  8 09:17:31 node5 kernel: [    0.012776] CPU: Physical Processor ID: 0
Jul  8 09:17:31 node5 kernel: [    0.012776] CPU: Processor Core ID: 0
Jul  8 09:17:31 node5 kernel: [    0.012780] ENERGY_PERF_BIAS: Set to 'normal', was 'performance'
Jul  8 09:17:31 node5 kernel: [    0.012780] ENERGY_PERF_BIAS: View and update with x86_energy_perf_policy(8)
Jul  8 09:17:31 node5 kernel: [    0.012782] mce: CPU supports 16 MCE banks
Jul  8 09:17:31 node5 kernel: [    0.012799] CPU0: Thermal monitoring enabled (TM1)
Jul  8 09:17:31 node5 kernel: [    0.012812] using mwait in idle threads.
Jul  8 09:17:31 node5 kernel: [    0.014535] ACPI: Core revision 20120320
Jul  8 09:17:31 node5 kernel: [    0.029199] ftrace: allocating 27653 entries in 109 pages
Jul  8 09:17:31 node5 kernel: [    0.039210] ..TIMER: vector=0x30 apic1=0 pin1=2 apic2=-1 pin2=-1
Jul  8 09:17:31 node5 kernel: [    0.078871] CPU0: Intel(R) Xeon(R) CPU E5-1620 0 @ 3.60GHz stepping 07
Jul  8 09:17:31 node5 kernel: [    0.185345] Performance Events: PEBS fmt1+, 16-deep LBR, SandyBridge events, Intel PMU driver.
Jul  8 09:17:31 node5 kernel: [    0.185349] PEBS disabled due to CPU errata.
Jul  8 09:17:31 node5 kernel: [    0.185350] ... version:                3
Jul  8 09:17:31 node5 kernel: [    0.185351] ... bit width:              48
Jul  8 09:17:31 node5 kernel: [    0.185351] ... generic registers:      4
Jul  8 09:17:31 node5 kernel: [    0.185352] ... value mask:             0000ffffffffffff
Jul  8 09:17:31 node5 kernel: [    0.185353] ... max period:             000000007fffffff
Jul  8 09:17:31 node5 kernel: [    0.185354] ... fixed-purpose events:   3
Jul  8 09:17:31 node5 kernel: [    0.185354] ... event mask:             000000070000000f
Jul  8 09:17:31 node5 kernel: [    0.185470] NMI watchdog: enabled on all CPUs, permanently consumes one hw-PMU counter.
Jul  8 09:17:31 node5 kernel: [    0.185532] Booting Node   0, Processors  #1 #2 #3 #4 #5 #6 #7 Ok.
Jul  8 09:17:31 node5 kernel: [    0.277812] Brought up 8 CPUs
Jul  8 09:17:31 node5 kernel: [    0.277816] Total of 8 processors activated (57455.52 BogoMIPS).
Jul  8 09:17:31 node5 kernel: [    0.285296] devtmpfs: initialized
Jul  8 09:17:31 node5 kernel: [    0.285843] EVM: security.selinux
Jul  8 09:17:31 node5 kernel: [    0.285844] EVM: security.SMACK64
Jul  8 09:17:31 node5 kernel: [    0.285844] EVM: security.capability
Jul  8 09:17:31 node5 kernel: [    0.285870] PM: Registering ACPI NVS region [mem 0xdb90d000-0xdba81fff] (1527808 bytes)
Jul  8 09:17:31 node5 kernel: [    0.285885] PM: Registering ACPI NVS region [mem 0xdbb74000-0xdbbf6fff] (536576 bytes)
Jul  8 09:17:31 node5 kernel: [    0.286348] dummy: 
Jul  8 09:17:31 node5 kernel: [    0.286374] RTC time:  2:17:16, date: 07/08/13
Jul  8 09:17:31 node5 kernel: [    0.286395] NET: Registered protocol family 16
Jul  8 09:17:31 node5 kernel: [    0.286456] Trying to unpack rootfs image as initramfs...
Jul  8 09:17:31 node5 kernel: [    0.286492] ACPI FADT declares the system doesn't support PCIe ASPM, so disable it
Jul  8 09:17:31 node5 kernel: [    0.286494] ACPI: bus type pci registered
Jul  8 09:17:31 node5 kernel: [    0.286526] PCI: MMCONFIG for domain 0000 [bus 00-7f] at [mem 0xf0000000-0xf7ffffff] (base 0xf0000000)
Jul  8 09:17:31 node5 kernel: [    0.286527] PCI: MMCONFIG at [mem 0xf0000000-0xf7ffffff] reserved in E820
Jul  8 09:17:31 node5 kernel: [    0.294355] PCI: Using configuration type 1 for base access
Jul  8 09:17:31 node5 kernel: [    0.294926] bio: create slab <bio-0> at 0
Jul  8 09:17:31 node5 kernel: [    0.294971] ACPI: Added _OSI(Module Device)
Jul  8 09:17:31 node5 kernel: [    0.294973] ACPI: Added _OSI(Processor Device)
Jul  8 09:17:31 node5 kernel: [    0.294974] ACPI: Added _OSI(3.0 _SCP Extensions)
Jul  8 09:17:31 node5 kernel: [    0.294975] ACPI: Added _OSI(Processor Aggregator Device)
Jul  8 09:17:31 node5 kernel: [    0.298223] ACPI: EC: Look up EC in DSDT
Jul  8 09:17:31 node5 kernel: [    0.301509] ACPI: Executed 1 blocks of module-level executable AML code
Jul  8 09:17:31 node5 kernel: [    0.350092] ACPI: Interpreter enabled
Jul  8 09:17:31 node5 kernel: [    0.350095] ACPI: (supports S0 S3 S4 S5)
Jul  8 09:17:31 node5 kernel: [    0.350107] ACPI: Using IOAPIC for interrupt routing
Jul  8 09:17:31 node5 kernel: [    0.350581] [Firmware Bug]: ACPI: BIOS _OSI(Linux) query ignored
Jul  8 09:17:31 node5 kernel: [    0.353329] ACPI: No dock devices found.
Jul  8 09:17:31 node5 kernel: [    0.353332] PCI: Using host bridge windows from ACPI; if necessary, use "pci=nocrs" and report a bug
Jul  8 09:17:31 node5 kernel: [    0.353475] ACPI: PCI Root Bridge [PCI0] (domain 0000 [bus 00-3f])
Jul  8 09:17:31 node5 kernel: [    0.353641] pci_root PNP0A08:00: host bridge window [io  0x0000-0x03af]
Jul  8 09:17:31 node5 kernel: [    0.353642] pci_root PNP0A08:00: host bridge window [io  0x03e0-0x0cf7]
Jul  8 09:17:31 node5 kernel: [    0.353643] pci_root PNP0A08:00: host bridge window [io  0x03b0-0x03df]
Jul  8 09:17:31 node5 kernel: [    0.353644] pci_root PNP0A08:00: host bridge window [io  0x0d00-0xffff]
Jul  8 09:17:31 node5 kernel: [    0.353645] pci_root PNP0A08:00: host bridge window [mem 0x000a0000-0x000bffff]
Jul  8 09:17:31 node5 kernel: [    0.353646] pci_root PNP0A08:00: host bridge window [mem 0x000c0000-0x000dffff]
Jul  8 09:17:31 node5 kernel: [    0.353648] pci_root PNP0A08:00: host bridge window [mem 0xe0000000-0xefffffff]
Jul  8 09:17:31 node5 kernel: [    0.353666] PCI host bridge to bus 0000:00
Jul  8 09:17:31 node5 kernel: [    0.353667] pci_bus 0000:00: root bus resource [io  0x0000-0x03af]
Jul  8 09:17:31 node5 kernel: [    0.353668] pci_bus 0000:00: root bus resource [io  0x03e0-0x0cf7]
Jul  8 09:17:31 node5 kernel: [    0.353670] pci_bus 0000:00: root bus resource [io  0x03b0-0x03df]
Jul  8 09:17:31 node5 kernel: [    0.353671] pci_bus 0000:00: root bus resource [io  0x0d00-0xffff]
Jul  8 09:17:31 node5 kernel: [    0.353672] pci_bus 0000:00: root bus resource [mem 0x000a0000-0x000bffff]
Jul  8 09:17:31 node5 kernel: [    0.353673] pci_bus 0000:00: root bus resource [mem 0x000c0000-0x000dffff]
Jul  8 09:17:31 node5 kernel: [    0.353674] pci_bus 0000:00: root bus resource [mem 0xe0000000-0xefffffff]
Jul  8 09:17:31 node5 kernel: [    0.353684] pci 0000:00:00.0: [8086:3c00] type 00 class 0x060000
Jul  8 09:17:31 node5 kernel: [    0.353732] pci 0000:00:00.0: PME# supported from D0 D3hot D3cold
Jul  8 09:17:31 node5 kernel: [    0.353753] pci 0000:00:01.0: [8086:3c02] type 01 class 0x060400
Jul  8 09:17:31 node5 kernel: [    0.353809] pci 0000:00:01.0: PME# supported from D0 D3hot D3cold
Jul  8 09:17:31 node5 kernel: [    0.353836] pci 0000:00:02.0: [8086:3c04] type 01 class 0x060400
Jul  8 09:17:31 node5 kernel: [    0.353890] pci 0000:00:02.0: PME# supported from D0 D3hot D3cold
Jul  8 09:17:31 node5 kernel: [    0.353916] pci 0000:00:03.0: [8086:3c08] type 01 class 0x060400
Jul  8 09:17:31 node5 kernel: [    0.353970] pci 0000:00:03.0: PME# supported from D0 D3hot D3cold
Jul  8 09:17:31 node5 kernel: [    0.353994] pci 0000:00:05.0: [8086:3c28] type 00 class 0x088000
Jul  8 09:17:31 node5 kernel: [    0.354058] pci 0000:00:05.2: [8086:3c2a] type 00 class 0x088000
Jul  8 09:17:31 node5 kernel: [    0.354121] pci 0000:00:05.4: [8086:3c2c] type 00 class 0x080020
Jul  8 09:17:31 node5 kernel: [    0.354131] pci 0000:00:05.4: reg 10: [mem 0xef327000-0xef327fff]
Jul  8 09:17:31 node5 kernel: [    0.354198] pci 0000:00:11.0: [8086:1d3e] type 01 class 0x060400
Jul  8 09:17:31 node5 kernel: [    0.354293] pci 0000:00:11.0: PME# supported from D0 D3hot D3cold
Jul  8 09:17:31 node5 kernel: [    0.354325] pci 0000:00:16.0: [8086:1d3a] type 00 class 0x078000
Jul  8 09:17:31 node5 kernel: [    0.354345] pci 0000:00:16.0: reg 10: [mem 0xef326000-0xef32600f 64bit]
Jul  8 09:17:31 node5 kernel: [    0.354413] pci 0000:00:16.0: PME# supported from D0 D3hot D3cold
Jul  8 09:17:31 node5 kernel: [    0.354432] pci 0000:00:16.2: [8086:1d3c] type 00 class 0x010185
Jul  8 09:17:31 node5 kernel: [    0.354447] pci 0000:00:16.2: reg 10: [io  0xe0b0-0xe0b7]
Jul  8 09:17:31 node5 kernel: [    0.354455] pci 0000:00:16.2: reg 14: [io  0xe0a0-0xe0a3]
Jul  8 09:17:31 node5 kernel: [    0.354463] pci 0000:00:16.2: reg 18: [io  0xe090-0xe097]
Jul  8 09:17:31 node5 kernel: [    0.354471] pci 0000:00:16.2: reg 1c: [io  0xe080-0xe083]
Jul  8 09:17:31 node5 kernel: [    0.354479] pci 0000:00:16.2: reg 20: [io  0xe070-0xe07f]
Jul  8 09:17:31 node5 kernel: [    0.354542] pci 0000:00:16.3: [8086:1d3d] type 00 class 0x070002
Jul  8 09:17:31 node5 kernel: [    0.354558] pci 0000:00:16.3: reg 10: [io  0xe060-0xe067]
Jul  8 09:17:31 node5 kernel: [    0.354566] pci 0000:00:16.3: reg 14: [mem 0xef324000-0xef324fff]
Jul  8 09:17:31 node5 kernel: [    0.354652] pci 0000:00:19.0: [8086:1502] type 00 class 0x020000
Jul  8 09:17:31 node5 kernel: [    0.354667] pci 0000:00:19.0: reg 10: [mem 0xef300000-0xef31ffff]
Jul  8 09:17:31 node5 kernel: [    0.354674] pci 0000:00:19.0: reg 14: [mem 0xef32a000-0xef32afff]
Jul  8 09:17:31 node5 kernel: [    0.354681] pci 0000:00:19.0: reg 18: [io  0xe040-0xe05f]
Jul  8 09:17:31 node5 kernel: [    0.354736] pci 0000:00:19.0: PME# supported from D0 D3hot D3cold
Jul  8 09:17:31 node5 kernel: [    0.354757] pci 0000:00:1a.0: [8086:1d2d] type 00 class 0x0c0320
Jul  8 09:17:31 node5 kernel: [    0.354775] pci 0000:00:1a.0: reg 10: [mem 0xef32c000-0xef32c3ff]
Jul  8 09:17:31 node5 kernel: [    0.354855] pci 0000:00:1a.0: PME# supported from D0 D3hot D3cold
Jul  8 09:17:31 node5 kernel: [    0.354877] pci 0000:00:1b.0: [8086:1d20] type 00 class 0x040300
Jul  8 09:17:31 node5 kernel: [    0.354890] pci 0000:00:1b.0: reg 10: [mem 0xef320000-0xef323fff 64bit]
Jul  8 09:17:31 node5 kernel: [    0.354948] pci 0000:00:1b.0: PME# supported from D0 D3hot D3cold
Jul  8 09:17:31 node5 kernel: [    0.354968] pci 0000:00:1c.0: [8086:1d12] type 01 class 0x060400
Jul  8 09:17:31 node5 kernel: [    0.355038] pci 0000:00:1c.0: PME# supported from D0 D3hot D3cold
Jul  8 09:17:31 node5 kernel: [    0.355068] pci 0000:00:1c.5: [8086:1d18] type 01 class 0x060400
Jul  8 09:17:31 node5 kernel: [    0.355198] pci 0000:00:1c.5: PME# supported from D0 D3hot D3cold
Jul  8 09:17:31 node5 kernel: [    0.355227] pci 0000:00:1c.6: [8086:1d14] type 01 class 0x060400
Jul  8 09:17:31 node5 kernel: [    0.355297] pci 0000:00:1c.6: PME# supported from D0 D3hot D3cold
Jul  8 09:17:31 node5 kernel: [    0.355318] pci 0000:00:1c.7: [8086:1d16] type 01 class 0x060400
Jul  8 09:17:31 node5 kernel: [    0.355389] pci 0000:00:1c.7: PME# supported from D0 D3hot D3cold
Jul  8 09:17:31 node5 kernel: [    0.355413] pci 0000:00:1d.0: [8086:1d26] type 00 class 0x0c0320
Jul  8 09:17:31 node5 kernel: [    0.355431] pci 0000:00:1d.0: reg 10: [mem 0xef32b000-0xef32b3ff]
Jul  8 09:17:31 node5 kernel: [    0.355511] pci 0000:00:1d.0: PME# supported from D0 D3hot D3cold
Jul  8 09:17:31 node5 kernel: [    0.355529] pci 0000:00:1e.0: [8086:244e] type 01 class 0x060401
Jul  8 09:17:31 node5 kernel: [    0.355583] pci 0000:00:1f.0: [8086:1d41] type 00 class 0x060100
Jul  8 09:17:31 node5 kernel: [    0.355694] pci 0000:00:1f.2: [8086:2826] type 00 class 0x010400
Jul  8 09:17:31 node5 kernel: [    0.355709] pci 0000:00:1f.2: reg 10: [io  0xe0f0-0xe0f7]
Jul  8 09:17:31 node5 kernel: [    0.355716] pci 0000:00:1f.2: reg 14: [io  0xe0e0-0xe0e3]
Jul  8 09:17:31 node5 kernel: [    0.355722] pci 0000:00:1f.2: reg 18: [io  0xe0d0-0xe0d7]
Jul  8 09:17:31 node5 kernel: [    0.355728] pci 0000:00:1f.2: reg 1c: [io  0xe0c0-0xe0c3]
Jul  8 09:17:31 node5 kernel: [    0.355734] pci 0000:00:1f.2: reg 20: [io  0xe020-0xe03f]
Jul  8 09:17:31 node5 kernel: [    0.355741] pci 0000:00:1f.2: reg 24: [mem 0xef329000-0xef3297ff]
Jul  8 09:17:31 node5 kernel: [    0.355779] pci 0000:00:1f.2: PME# supported from D3hot
Jul  8 09:17:31 node5 kernel: [    0.355794] pci 0000:00:1f.3: [8086:1d22] type 00 class 0x0c0500
Jul  8 09:17:31 node5 kernel: [    0.355806] pci 0000:00:1f.3: reg 10: [mem 0xef328000-0xef3280ff 64bit]
Jul  8 09:17:31 node5 kernel: [    0.355824] pci 0000:00:1f.3: reg 20: [io  0xe000-0xe01f]
Jul  8 09:17:31 node5 kernel: [    0.355879] pci 0000:00:01.0: PCI bridge to [bus 03-03]
Jul  8 09:17:31 node5 kernel: [    0.355924] pci 0000:05:00.0: [10de:0df8] type 00 class 0x030000
Jul  8 09:17:31 node5 kernel: [    0.355931] pci 0000:05:00.0: reg 10: [mem 0xee000000-0xeeffffff]
Jul  8 09:17:31 node5 kernel: [    0.355938] pci 0000:05:00.0: reg 14: [mem 0xe0000000-0xe7ffffff 64bit pref]
Jul  8 09:17:31 node5 kernel: [    0.355945] pci 0000:05:00.0: reg 1c: [mem 0xe8000000-0xe9ffffff 64bit pref]
Jul  8 09:17:31 node5 kernel: [    0.355950] pci 0000:05:00.0: reg 24: [io  0xc000-0xc07f]
Jul  8 09:17:31 node5 kernel: [    0.355955] pci 0000:05:00.0: reg 30: [mem 0xef000000-0xef07ffff pref]
Jul  8 09:17:31 node5 kernel: [    0.355994] pci 0000:05:00.1: [10de:0bea] type 00 class 0x040300
Jul  8 09:17:31 node5 kernel: [    0.356001] pci 0000:05:00.1: reg 10: [mem 0xef080000-0xef083fff]
Jul  8 09:17:31 node5 kernel: [    0.361262] pci 0000:00:02.0: PCI bridge to [bus 05-05]
Jul  8 09:17:31 node5 kernel: [    0.361265] pci 0000:00:02.0:   bridge window [io  0xc000-0xcfff]
Jul  8 09:17:31 node5 kernel: [    0.361267] pci 0000:00:02.0:   bridge window [mem 0xee000000-0xef0fffff]
Jul  8 09:17:31 node5 kernel: [    0.361271] pci 0000:00:02.0:   bridge window [mem 0xe0000000-0xe9ffffff 64bit pref]
Jul  8 09:17:31 node5 kernel: [    0.361304] pci 0000:00:03.0: PCI bridge to [bus 04-04]
Jul  8 09:17:31 node5 kernel: [    0.361372] pci 0000:02:00.0: [8086:1d6b] type 00 class 0x010700
Jul  8 09:17:31 node5 kernel: [    0.361390] pci 0000:02:00.0: reg 10: [mem 0xea87c000-0xea87ffff 64bit pref]
Jul  8 09:17:31 node5 kernel: [    0.361403] pci 0000:02:00.0: reg 18: [mem 0xea400000-0xea7fffff 64bit pref]
Jul  8 09:17:31 node5 kernel: [    0.361413] pci 0000:02:00.0: reg 20: [io  0xd000-0xd0ff]
Jul  8 09:17:31 node5 kernel: [    0.361512] pci 0000:02:00.0: reg 164: [mem 0xea800000-0xea803fff 64bit pref]
Jul  8 09:17:31 node5 kernel: [    0.361566] pci 0000:00:11.0: PCI bridge to [bus 02-02]
Jul  8 09:17:31 node5 kernel: [    0.361569] pci 0000:00:11.0:   bridge window [io  0xd000-0xdfff]
Jul  8 09:17:31 node5 kernel: [    0.361578] pci 0000:00:11.0:   bridge window [mem 0xea400000-0xea8fffff 64bit pref]
Jul  8 09:17:31 node5 kernel: [    0.361617] pci 0000:00:1c.0: PCI bridge to [bus 01-01]
Jul  8 09:17:31 node5 kernel: [    0.361694] pci 0000:00:1c.5: PCI bridge to [bus 06-06]
Jul  8 09:17:31 node5 kernel: [    0.361744] pci 0000:00:1c.6: PCI bridge to [bus 07-07]
Jul  8 09:17:31 node5 kernel: [    0.361808] pci 0000:08:00.0: [104c:8241] type 00 class 0x0c0330
Jul  8 09:17:31 node5 kernel: [    0.361831] pci 0000:08:00.0: reg 10: [mem 0xef200000-0xef20ffff 64bit]
Jul  8 09:17:31 node5 kernel: [    0.361850] pci 0000:08:00.0: reg 18: [mem 0xef210000-0xef211fff 64bit]
Jul  8 09:17:31 node5 kernel: [    0.361949] pci 0000:08:00.0: supports D1 D2
Jul  8 09:17:31 node5 kernel: [    0.361950] pci 0000:08:00.0: PME# supported from D0 D1 D2 D3hot D3cold
Jul  8 09:17:31 node5 kernel: [    0.369261] pci 0000:00:1c.7: PCI bridge to [bus 08-08]
Jul  8 09:17:31 node5 kernel: [    0.369266] pci 0000:00:1c.7:   bridge window [mem 0xef200000-0xef2fffff]
Jul  8 09:17:31 node5 kernel: [    0.369301] pci 0000:09:05.0: [11c1:5811] type 00 class 0x0c0010
Jul  8 09:17:31 node5 kernel: [    0.369316] pci 0000:09:05.0: reg 10: [mem 0xef100000-0xef100fff]
Jul  8 09:17:31 node5 kernel: [    0.369382] pci 0000:09:05.0: supports D1 D2
Jul  8 09:17:31 node5 kernel: [    0.369383] pci 0000:09:05.0: PME# supported from D0 D1 D2 D3hot
Jul  8 09:17:31 node5 kernel: [    0.369419] pci 0000:00:1e.0: PCI bridge to [bus 09-09] (subtractive decode)
Jul  8 09:17:31 node5 kernel: [    0.369423] pci 0000:00:1e.0:   bridge window [mem 0xef100000-0xef1fffff]
Jul  8 09:17:31 node5 kernel: [    0.369427] pci 0000:00:1e.0:   bridge window [io  0x0000-0x03af] (subtractive decode)
Jul  8 09:17:31 node5 kernel: [    0.369428] pci 0000:00:1e.0:   bridge window [io  0x03e0-0x0cf7] (subtractive decode)
Jul  8 09:17:31 node5 kernel: [    0.369430] pci 0000:00:1e.0:   bridge window [io  0x03b0-0x03df] (subtractive decode)
Jul  8 09:17:31 node5 kernel: [    0.369431] pci 0000:00:1e.0:   bridge window [io  0x0d00-0xffff] (subtractive decode)
Jul  8 09:17:31 node5 kernel: [    0.369432] pci 0000:00:1e.0:   bridge window [mem 0x000a0000-0x000bffff] (subtractive decode)
Jul  8 09:17:31 node5 kernel: [    0.369433] pci 0000:00:1e.0:   bridge window [mem 0x000c0000-0x000dffff] (subtractive decode)
Jul  8 09:17:31 node5 kernel: [    0.369434] pci 0000:00:1e.0:   bridge window [mem 0xe0000000-0xefffffff] (subtractive decode)
Jul  8 09:17:31 node5 kernel: [    0.369472] ACPI: PCI Interrupt Routing Table [\_SB_.PCI0._PRT]
Jul  8 09:17:31 node5 kernel: [    0.369555] ACPI: PCI Interrupt Routing Table [\_SB_.PCI0.BR20._PRT]
Jul  8 09:17:31 node5 kernel: [    0.369583] ACPI: PCI Interrupt Routing Table [\_SB_.PCI0.NPE1._PRT]
Jul  8 09:17:31 node5 kernel: [    0.369600] ACPI: PCI Interrupt Routing Table [\_SB_.PCI0.NPE2._PRT]
Jul  8 09:17:31 node5 kernel: [    0.369615] ACPI: PCI Interrupt Routing Table [\_SB_.PCI0.NPE3._PRT]
Jul  8 09:17:31 node5 kernel: [    0.369633] ACPI: PCI Interrupt Routing Table [\_SB_.PCI0.PEX1._PRT]
Jul  8 09:17:31 node5 kernel: [    0.369645] ACPI: PCI Interrupt Routing Table [\_SB_.PCI0.PEX2._PRT]
Jul  8 09:17:31 node5 kernel: [    0.369660] ACPI: PCI Interrupt Routing Table [\_SB_.PCI0.PEX3._PRT]
Jul  8 09:17:31 node5 kernel: [    0.369671] ACPI: PCI Interrupt Routing Table [\_SB_.PCI0.PEX4._PRT]
Jul  8 09:17:31 node5 kernel: [    0.369687] ACPI: PCI Interrupt Routing Table [\_SB_.PCI0.PEX8._PRT]
Jul  8 09:17:31 node5 kernel: [    0.369747]  pci0000:00: Requesting ACPI _OSC control (0x1d)
Jul  8 09:17:31 node5 kernel: [    0.369823]  pci0000:00: ACPI _OSC request failed (AE_SUPPORT), returned control mask: 0x0d
Jul  8 09:17:31 node5 kernel: [    0.369823] ACPI _OSC control for PCIe not granted, disabling ASPM
Jul  8 09:17:31 node5 kernel: [    0.373223] ACPI: PCI Root Bridge [PCI1] (domain 0000 [bus 40-ff])
Jul  8 09:17:31 node5 kernel: [    0.373342] pci_root PNP0A08:01: host bridge window [io  0x0000-0x03af]
Jul  8 09:17:31 node5 kernel: [    0.373344] pci_root PNP0A08:01: host bridge window [io  0x03e0-0x0cf7]
Jul  8 09:17:31 node5 kernel: [    0.373345] pci_root PNP0A08:01: host bridge window [mem 0x000c0000-0x000dffff]
Jul  8 09:17:31 node5 kernel: [    0.373361] PCI host bridge to bus 0000:40
Jul  8 09:17:31 node5 kernel: [    0.373362] pci_bus 0000:40: root bus resource [io  0x0000-0x03af]
Jul  8 09:17:31 node5 kernel: [    0.373364] pci_bus 0000:40: root bus resource [io  0x03e0-0x0cf7]
Jul  8 09:17:31 node5 kernel: [    0.373365] pci_bus 0000:40: root bus resource [mem 0x000c0000-0x000dffff]
Jul  8 09:17:31 node5 kernel: [    0.373391] ACPI: PCI Interrupt Routing Table [\_SB_.PCI1._PRT]
Jul  8 09:17:31 node5 kernel: [    0.373451]  pci0000:40: Requesting ACPI _OSC control (0x1d)
Jul  8 09:17:31 node5 kernel: [    0.373525]  pci0000:40: ACPI _OSC request failed (AE_SUPPORT), returned control mask: 0x0d
Jul  8 09:17:31 node5 kernel: [    0.373526] ACPI _OSC control for PCIe not granted, disabling ASPM
Jul  8 09:17:31 node5 kernel: [    0.373552] ACPI: PCI Interrupt Link [LNKA] (IRQs 3 4 5 6 7 10 *11 12 14 15)
Jul  8 09:17:31 node5 kernel: [    0.373578] ACPI: PCI Interrupt Link [LNKB] (IRQs 3 4 5 6 *7 10 11 12 14 15)
Jul  8 09:17:31 node5 kernel: [    0.373602] ACPI: PCI Interrupt Link [LNKC] (IRQs 3 *4 5 6 10 11 12 14 15)
Jul  8 09:17:31 node5 kernel: [    0.373626] ACPI: PCI Interrupt Link [LNKD] (IRQs *3 4 5 6 10 11 12 14 15)
Jul  8 09:17:31 node5 kernel: [    0.373649] ACPI: PCI Interrupt Link [LNKE] (IRQs 3 4 *5 6 7 10 11 12 14 15)
Jul  8 09:17:31 node5 kernel: [    0.373673] ACPI: PCI Interrupt Link [LNKF] (IRQs 3 4 5 6 7 10 11 12 14 15) *0
Jul  8 09:17:31 node5 kernel: [    0.373697] ACPI: PCI Interrupt Link [LNKG] (IRQs 3 4 5 6 7 10 *11 12 14 15)
Jul  8 09:17:31 node5 kernel: [    0.373721] ACPI: PCI Interrupt Link [LNKH] (IRQs 3 4 5 6 7 *10 11 12 14 15)
Jul  8 09:17:31 node5 kernel: [    0.373786] vgaarb: device added: PCI:0000:05:00.0,decodes=io+mem,owns=io+mem,locks=none
Jul  8 09:17:31 node5 kernel: [    0.373788] vgaarb: loaded
Jul  8 09:17:31 node5 kernel: [    0.373789] vgaarb: bridge control possible 0000:05:00.0
Jul  8 09:17:31 node5 kernel: [    0.373884] SCSI subsystem initialized
Jul  8 09:17:31 node5 kernel: [    0.373915] libata version 3.00 loaded.
Jul  8 09:17:31 node5 kernel: [    0.373927] ACPI: bus type usb registered
Jul  8 09:17:31 node5 kernel: [    0.373938] usbcore: registered new interface driver usbfs
Jul  8 09:17:31 node5 kernel: [    0.373942] usbcore: registered new interface driver hub
Jul  8 09:17:31 node5 kernel: [    0.373954] usbcore: registered new device driver usb
Jul  8 09:17:31 node5 kernel: [    0.373992] PCI: Using ACPI for IRQ routing
Jul  8 09:17:31 node5 kernel: [    0.376623] PCI: Discovered peer bus 7f
Jul  8 09:17:31 node5 kernel: [    0.376624] PCI: root bus 7f: using default resources
Jul  8 09:17:31 node5 kernel: [    0.376626] PCI: Probing PCI hardware (bus 7f)
Jul  8 09:17:31 node5 kernel: [    0.376640] PCI host bridge to bus 0000:7f
Jul  8 09:17:31 node5 kernel: [    0.376642] pci_bus 0000:7f: root bus resource [io  0x0000-0xffff]
Jul  8 09:17:31 node5 kernel: [    0.376643] pci_bus 0000:7f: root bus resource [mem 0x00000000-0x3fffffffffff]
Jul  8 09:17:31 node5 kernel: [    0.376650] pci 0000:7f:08.0: [8086:3c80] type 00 class 0x088000
Jul  8 09:17:31 node5 kernel: [    0.376681] pci 0000:7f:08.3: [8086:3c83] type 00 class 0x088000
Jul  8 09:17:31 node5 kernel: [    0.376717] pci 0000:7f:08.4: [8086:3c84] type 00 class 0x088000
Jul  8 09:17:31 node5 kernel: [    0.376759] pci 0000:7f:09.0: [8086:3c90] type 00 class 0x088000
Jul  8 09:17:31 node5 kernel: [    0.376787] pci 0000:7f:09.3: [8086:3c93] type 00 class 0x088000
Jul  8 09:17:31 node5 kernel: [    0.376822] pci 0000:7f:09.4: [8086:3c94] type 00 class 0x088000
Jul  8 09:17:31 node5 kernel: [    0.376863] pci 0000:7f:0a.0: [8086:3cc0] type 00 class 0x088000
Jul  8 09:17:31 node5 kernel: [    0.376883] pci 0000:7f:0a.1: [8086:3cc1] type 00 class 0x088000
Jul  8 09:17:31 node5 kernel: [    0.376905] pci 0000:7f:0a.2: [8086:3cc2] type 00 class 0x088000
Jul  8 09:17:31 node5 kernel: [    0.376925] pci 0000:7f:0a.3: [8086:3cd0] type 00 class 0x088000
Jul  8 09:17:31 node5 kernel: [    0.376946] pci 0000:7f:0b.0: [8086:3ce0] type 00 class 0x088000
Jul  8 09:17:31 node5 kernel: [    0.376964] pci 0000:7f:0b.3: [8086:3ce3] type 00 class 0x088000
Jul  8 09:17:31 node5 kernel: [    0.376983] pci 0000:7f:0c.0: [8086:3ce8] type 00 class 0x088000
Jul  8 09:17:31 node5 kernel: [    0.377001] pci 0000:7f:0c.1: [8086:3ce8] type 00 class 0x088000
Jul  8 09:17:31 node5 kernel: [    0.377020] pci 0000:7f:0c.6: [8086:3cf4] type 00 class 0x088000
Jul  8 09:17:31 node5 kernel: [    0.377038] pci 0000:7f:0c.7: [8086:3cf6] type 00 class 0x088000
Jul  8 09:17:31 node5 kernel: [    0.377057] pci 0000:7f:0d.0: [8086:3ce8] type 00 class 0x088000
Jul  8 09:17:31 node5 kernel: [    0.377075] pci 0000:7f:0d.1: [8086:3ce8] type 00 class 0x088000
Jul  8 09:17:31 node5 kernel: [    0.377095] pci 0000:7f:0d.6: [8086:3cf5] type 00 class 0x088000
Jul  8 09:17:31 node5 kernel: [    0.377113] pci 0000:7f:0e.0: [8086:3ca0] type 00 class 0x088000
Jul  8 09:17:31 node5 kernel: [    0.377134] pci 0000:7f:0e.1: [8086:3c46] type 00 class 0x110100
Jul  8 09:17:31 node5 kernel: [    0.377158] pci 0000:7f:0f.0: [8086:3ca8] type 00 class 0x088000
Jul  8 09:17:31 node5 kernel: [    0.377187] pci 0000:7f:0f.1: [8086:3c71] type 00 class 0x088000
Jul  8 09:17:31 node5 kernel: [    0.377216] pci 0000:7f:0f.2: [8086:3caa] type 00 class 0x088000
Jul  8 09:17:31 node5 kernel: [    0.377248] pci 0000:7f:0f.3: [8086:3cab] type 00 class 0x088000
Jul  8 09:17:31 node5 kernel: [    0.377277] pci 0000:7f:0f.4: [8086:3cac] type 00 class 0x088000
Jul  8 09:17:31 node5 kernel: [    0.377306] pci 0000:7f:0f.5: [8086:3cad] type 00 class 0x088000
Jul  8 09:17:31 node5 kernel: [    0.377334] pci 0000:7f:0f.6: [8086:3cae] type 00 class 0x088000
Jul  8 09:17:31 node5 kernel: [    0.377357] pci 0000:7f:10.0: [8086:3cb0] type 00 class 0x088000
Jul  8 09:17:31 node5 kernel: [    0.377387] pci 0000:7f:10.1: [8086:3cb1] type 00 class 0x088000
Jul  8 09:17:31 node5 kernel: [    0.377416] pci 0000:7f:10.2: [8086:3cb2] type 00 class 0x088000
Jul  8 09:17:31 node5 kernel: [    0.377445] pci 0000:7f:10.3: [8086:3cb3] type 00 class 0x088000
Jul  8 09:17:31 node5 kernel: [    0.377476] pci 0000:7f:10.4: [8086:3cb4] type 00 class 0x088000
Jul  8 09:17:31 node5 kernel: [    0.377507] pci 0000:7f:10.5: [8086:3cb5] type 00 class 0x088000
Jul  8 09:17:31 node5 kernel: [    0.377536] pci 0000:7f:10.6: [8086:3cb6] type 00 class 0x088000
Jul  8 09:17:31 node5 kernel: [    0.377565] pci 0000:7f:10.7: [8086:3cb7] type 00 class 0x088000
Jul  8 09:17:31 node5 kernel: [    0.377593] pci 0000:7f:11.0: [8086:3cb8] type 00 class 0x088000
Jul  8 09:17:31 node5 kernel: [    0.377619] pci 0000:7f:13.0: [8086:3ce4] type 00 class 0x088000
Jul  8 09:17:31 node5 kernel: [    0.377637] pci 0000:7f:13.1: [8086:3c43] type 00 class 0x110100
Jul  8 09:17:31 node5 kernel: [    0.377656] pci 0000:7f:13.4: [8086:3ce6] type 00 class 0x110100
Jul  8 09:17:31 node5 kernel: [    0.377675] pci 0000:7f:13.5: [8086:3c44] type 00 class 0x110100
Jul  8 09:17:31 node5 kernel: [    0.377694] pci 0000:7f:13.6: [8086:3c45] type 00 class 0x088000
Jul  8 09:17:31 node5 kernel: [    0.378100] PCI: pci_cache_line_size set to 64 bytes
Jul  8 09:17:31 node5 kernel: [    0.378213] e820: reserve RAM buffer [mem 0xc8ed1000-0xcbffffff]
Jul  8 09:17:31 node5 kernel: [    0.378215] e820: reserve RAM buffer [mem 0xdb574000-0xdbffffff]
Jul  8 09:17:31 node5 kernel: [    0.378216] e820: reserve RAM buffer [mem 0xdbb74000-0xdbffffff]
Jul  8 09:17:31 node5 kernel: [    0.378273] NetLabel: Initializing
Jul  8 09:17:31 node5 kernel: [    0.378274] NetLabel:  domain hash size = 128
Jul  8 09:17:31 node5 kernel: [    0.378274] NetLabel:  protocols = UNLABELED CIPSOv4
Jul  8 09:17:31 node5 kernel: [    0.378282] NetLabel:  unlabeled traffic allowed by default
Jul  8 09:17:31 node5 kernel: [    0.378318] hpet0: at MMIO 0xfed00000, IRQs 2, 8, 0, 0, 0, 0, 0, 0
Jul  8 09:17:31 node5 kernel: [    0.378322] hpet0: 8 comparators, 64-bit 14.318180 MHz counter
Jul  8 09:17:31 node5 kernel: [    0.380340] Switching to clocksource hpet
Jul  8 09:17:31 node5 kernel: [    0.383977] AppArmor: AppArmor Filesystem Enabled
Jul  8 09:17:31 node5 kernel: [    0.383989] pnp: PnP ACPI init
Jul  8 09:17:31 node5 kernel: [    0.383996] ACPI: bus type pnp registered
Jul  8 09:17:31 node5 kernel: [    0.384113] pnp 00:00: [bus 00-3f]
Jul  8 09:17:31 node5 kernel: [    0.384115] pnp 00:00: [io  0x0cf8-0x0cff]
Jul  8 09:17:31 node5 kernel: [    0.384116] pnp 00:00: [io  0x0000-0x03af window]
Jul  8 09:17:31 node5 kernel: [    0.384117] pnp 00:00: [io  0x03e0-0x0cf7 window]
Jul  8 09:17:31 node5 kernel: [    0.384119] pnp 00:00: [io  0x03b0-0x03df window]
Jul  8 09:17:31 node5 kernel: [    0.384120] pnp 00:00: [io  0x0d00-0xffff window]
Jul  8 09:17:31 node5 kernel: [    0.384121] pnp 00:00: [mem 0x000a0000-0x000bffff window]
Jul  8 09:17:31 node5 kernel: [    0.384122] pnp 00:00: [mem 0x000c0000-0x000dffff window]
Jul  8 09:17:31 node5 kernel: [    0.384123] pnp 00:00: [mem 0xe0000000-0xefffffff window]
Jul  8 09:17:31 node5 kernel: [    0.384124] pnp 00:00: [mem 0x00000000 window]
Jul  8 09:17:31 node5 kernel: [    0.384125] pnp 00:00: [mem 0x00000000 window]
Jul  8 09:17:31 node5 kernel: [    0.384166] pnp 00:00: Plug and Play ACPI device, IDs PNP0a08 PNP0a03 (active)
Jul  8 09:17:31 node5 kernel: [    0.384187] pnp 00:01: [mem 0xfc000000-0xfcffffff window]
Jul  8 09:17:31 node5 kernel: [    0.384189] pnp 00:01: [mem 0xfd000000-0xfdffffff window]
Jul  8 09:17:31 node5 kernel: [    0.384190] pnp 00:01: [mem 0xfe000000-0xfeafffff window]
Jul  8 09:17:31 node5 kernel: [    0.384191] pnp 00:01: [mem 0xfeb00000-0xfebfffff window]
Jul  8 09:17:31 node5 kernel: [    0.384192] pnp 00:01: [mem 0xfed00400-0xfed3ffff window]
Jul  8 09:17:31 node5 kernel: [    0.384194] pnp 00:01: [mem 0xfed45000-0xfedfffff window]
Jul  8 09:17:31 node5 kernel: [    0.384195] pnp 00:01: [mem 0xeffff000-0xefffffff window]
Jul  8 09:17:31 node5 kernel: [    0.384233] system 00:01: [mem 0xfc000000-0xfcffffff window] has been reserved
Jul  8 09:17:31 node5 kernel: [    0.384235] system 00:01: [mem 0xfd000000-0xfdffffff window] has been reserved
Jul  8 09:17:31 node5 kernel: [    0.384236] system 00:01: [mem 0xfe000000-0xfeafffff window] has been reserved
Jul  8 09:17:31 node5 kernel: [    0.384237] system 00:01: [mem 0xfeb00000-0xfebfffff window] has been reserved
Jul  8 09:17:31 node5 kernel: [    0.384239] system 00:01: [mem 0xfed00400-0xfed3ffff window] could not be reserved
Jul  8 09:17:31 node5 kernel: [    0.384240] system 00:01: [mem 0xfed45000-0xfedfffff window] has been reserved
Jul  8 09:17:31 node5 kernel: [    0.384241] system 00:01: [mem 0xeffff000-0xefffffff window] has been reserved
Jul  8 09:17:31 node5 kernel: [    0.384243] system 00:01: Plug and Play ACPI device, IDs PNP0c01 (active)
Jul  8 09:17:31 node5 kernel: [    0.384307] pnp 00:02: [io  0x0000-0xffffffffffffffff disabled]
Jul  8 09:17:31 node5 kernel: [    0.384309] pnp 00:02: [io  0x0620-0x063f]
Jul  8 09:17:31 node5 kernel: [    0.384310] pnp 00:02: [io  0x0800-0x07ff disabled]
Jul  8 09:17:31 node5 kernel: [    0.384311] pnp 00:02: [io  0x0610-0x061f]
Jul  8 09:17:31 node5 kernel: [    0.384338] system 00:02: [io  0x0620-0x063f] has been reserved
Jul  8 09:17:31 node5 kernel: [    0.384340] system 00:02: [io  0x0610-0x061f] has been reserved
Jul  8 09:17:31 node5 kernel: [    0.384341] system 00:02: Plug and Play ACPI device, IDs PNP0c02 (active)
Jul  8 09:17:31 node5 kernel: [    0.384362] pnp 00:03: [io  0x0060]
Jul  8 09:17:31 node5 kernel: [    0.384363] pnp 00:03: [io  0x0064]
Jul  8 09:17:31 node5 kernel: [    0.384371] pnp 00:03: [irq 1]
Jul  8 09:17:31 node5 kernel: [    0.384385] pnp 00:03: Plug and Play ACPI device, IDs PNP0303 PNP030b (active)
Jul  8 09:17:31 node5 kernel: [    0.384404] pnp 00:04: [irq 12]
Jul  8 09:17:31 node5 kernel: [    0.384415] pnp 00:04: Plug and Play ACPI device, IDs PNP0f03 PNP0f13 (active)
Jul  8 09:17:31 node5 kernel: [    0.384421] pnp 00:05: [dma 4]
Jul  8 09:17:31 node5 kernel: [    0.384422] pnp 00:05: [io  0x0000-0x000f]
Jul  8 09:17:31 node5 kernel: [    0.384423] pnp 00:05: [io  0x0081-0x0083]
Jul  8 09:17:31 node5 kernel: [    0.384424] pnp 00:05: [io  0x0087]
Jul  8 09:17:31 node5 kernel: [    0.384425] pnp 00:05: [io  0x0089-0x008b]
Jul  8 09:17:31 node5 kernel: [    0.384426] pnp 00:05: [io  0x008f]
Jul  8 09:17:31 node5 kernel: [    0.384427] pnp 00:05: [io  0x00c0-0x00df]
Jul  8 09:17:31 node5 kernel: [    0.384437] pnp 00:05: Plug and Play ACPI device, IDs PNP0200 (active)
Jul  8 09:17:31 node5 kernel: [    0.384442] pnp 00:06: [io  0x0070-0x0071]
Jul  8 09:17:31 node5 kernel: [    0.384445] pnp 00:06: [irq 8]
Jul  8 09:17:31 node5 kernel: [    0.384455] pnp 00:06: Plug and Play ACPI device, IDs PNP0b00 (active)
Jul  8 09:17:31 node5 kernel: [    0.384459] pnp 00:07: [io  0x0061]
Jul  8 09:17:31 node5 kernel: [    0.384469] pnp 00:07: Plug and Play ACPI device, IDs PNP0800 (active)
Jul  8 09:17:31 node5 kernel: [    0.384482] pnp 00:08: [io  0x0010-0x001f]
Jul  8 09:17:31 node5 kernel: [    0.384483] pnp 00:08: [io  0x0022-0x003f]
Jul  8 09:17:31 node5 kernel: [    0.384484] pnp 00:08: [io  0x0044-0x005f]
Jul  8 09:17:31 node5 kernel: [    0.384485] pnp 00:08: [io  0x0062-0x0063]
Jul  8 09:17:31 node5 kernel: [    0.384486] pnp 00:08: [io  0x0065-0x006f]
Jul  8 09:17:31 node5 kernel: [    0.384487] pnp 00:08: [io  0x0072-0x007f]
Jul  8 09:17:31 node5 kernel: [    0.384488] pnp 00:08: [io  0x0080]
Jul  8 09:17:31 node5 kernel: [    0.384489] pnp 00:08: [io  0x0084-0x0086]
Jul  8 09:17:31 node5 kernel: [    0.384490] pnp 00:08: [io  0x0088]
Jul  8 09:17:31 node5 kernel: [    0.384491] pnp 00:08: [io  0x008c-0x008e]
Jul  8 09:17:31 node5 kernel: [    0.384492] pnp 00:08: [io  0x0090-0x009f]
Jul  8 09:17:31 node5 kernel: [    0.384493] pnp 00:08: [io  0x00a2-0x00bf]
Jul  8 09:17:31 node5 kernel: [    0.384493] pnp 00:08: [io  0x00e0-0x00ef]
Jul  8 09:17:31 node5 kernel: [    0.384494] pnp 00:08: [io  0x04d0-0x04d1]
Jul  8 09:17:31 node5 kernel: [    0.384525] system 00:08: [io  0x04d0-0x04d1] has been reserved
Jul  8 09:17:31 node5 kernel: [    0.384526] system 00:08: Plug and Play ACPI device, IDs PNP0c02 (active)
Jul  8 09:17:31 node5 kernel: [    0.384531] pnp 00:09: [io  0x00f0-0x00ff]
Jul  8 09:17:31 node5 kernel: [    0.384534] pnp 00:09: [irq 13]
Jul  8 09:17:31 node5 kernel: [    0.384545] pnp 00:09: Plug and Play ACPI device, IDs PNP0c04 (active)
Jul  8 09:17:31 node5 kernel: [    0.384696] pnp 00:0a: [io  0x0400-0x0453]
Jul  8 09:17:31 node5 kernel: [    0.384697] pnp 00:0a: [io  0x0458-0x047f]
Jul  8 09:17:31 node5 kernel: [    0.384698] pnp 00:0a: [io  0x1180-0x119f]
Jul  8 09:17:31 node5 kernel: [    0.384699] pnp 00:0a: [io  0x0500-0x057f]
Jul  8 09:17:31 node5 kernel: [    0.384700] pnp 00:0a: [mem 0xfed1c000-0xfed1ffff]
Jul  8 09:17:31 node5 kernel: [    0.384701] pnp 00:0a: [mem 0xfec00000-0xfecfffff]
Jul  8 09:17:31 node5 kernel: [    0.384703] pnp 00:0a: [mem 0xfed08000-0xfed08fff]
Jul  8 09:17:31 node5 kernel: [    0.384705] pnp 00:0a: [mem 0xff000000-0xffffffff]
Jul  8 09:17:31 node5 kernel: [    0.384737] system 00:0a: [io  0x0400-0x0453] has been reserved
Jul  8 09:17:31 node5 kernel: [    0.384739] system 00:0a: [io  0x0458-0x047f] has been reserved
Jul  8 09:17:31 node5 kernel: [    0.384740] system 00:0a: [io  0x1180-0x119f] has been reserved
Jul  8 09:17:31 node5 kernel: [    0.384741] system 00:0a: [io  0x0500-0x057f] has been reserved
Jul  8 09:17:31 node5 kernel: [    0.384742] system 00:0a: [mem 0xfed1c000-0xfed1ffff] has been reserved
Jul  8 09:17:31 node5 kernel: [    0.384744] system 00:0a: [mem 0xfec00000-0xfecfffff] could not be reserved
Jul  8 09:17:31 node5 kernel: [    0.384745] system 00:0a: [mem 0xfed08000-0xfed08fff] has been reserved
Jul  8 09:17:31 node5 kernel: [    0.384746] system 00:0a: [mem 0xff000000-0xffffffff] has been reserved
Jul  8 09:17:31 node5 kernel: [    0.384748] system 00:0a: Plug and Play ACPI device, IDs PNP0c01 (active)
Jul  8 09:17:31 node5 kernel: [    0.384768] pnp 00:0b: [io  0x0454-0x0457]
Jul  8 09:17:31 node5 kernel: [    0.384795] system 00:0b: [io  0x0454-0x0457] has been reserved
Jul  8 09:17:31 node5 kernel: [    0.384797] system 00:0b: Plug and Play ACPI device, IDs INT3f0d PNP0c02 (active)
Jul  8 09:17:31 node5 kernel: [    0.384858] pnp 00:0c: [mem 0xfed00000-0xfed003ff]
Jul  8 09:17:31 node5 kernel: [    0.384878] pnp 00:0c: Plug and Play ACPI device, IDs PNP0103 (active)
Jul  8 09:17:31 node5 kernel: [    0.384961] pnp 00:0d: [bus 40-ff]
Jul  8 09:17:31 node5 kernel: [    0.384962] pnp 00:0d: [io  0x0cf8-0x0cff]
Jul  8 09:17:31 node5 kernel: [    0.384963] pnp 00:0d: [io  0x0000-0x03af window]
Jul  8 09:17:31 node5 kernel: [    0.384964] pnp 00:0d: [io  0x03e0-0x0cf7 window]
Jul  8 09:17:31 node5 kernel: [    0.384965] pnp 00:0d: [io  0x0000 window]
Jul  8 09:17:31 node5 kernel: [    0.384966] pnp 00:0d: [io  0x0000-0xffff window]
Jul  8 09:17:31 node5 kernel: [    0.384967] pnp 00:0d: [mem 0x00000000 window]
Jul  8 09:17:31 node5 kernel: [    0.384969] pnp 00:0d: [mem 0x000c0000-0x000dffff window]
Jul  8 09:17:31 node5 kernel: [    0.384970] pnp 00:0d: [mem 0x00000000 window]
Jul  8 09:17:31 node5 kernel: [    0.384971] pnp 00:0d: [mem 0x00000000 window]
Jul  8 09:17:31 node5 kernel: [    0.384972] pnp 00:0d: [mem 0x00000000 window]
Jul  8 09:17:31 node5 kernel: [    0.384992] pnp 00:0d: Plug and Play ACPI device, IDs PNP0a08 PNP0a03 (active)
Jul  8 09:17:31 node5 kernel: [    0.385146] pnp 00:0e: [mem 0xfed40000-0xfed44fff]
Jul  8 09:17:31 node5 kernel: [    0.385186] system 00:0e: [mem 0xfed40000-0xfed44fff] has been reserved
Jul  8 09:17:31 node5 kernel: [    0.385188] system 00:0e: Plug and Play ACPI device, IDs PNP0c02 (active)
Jul  8 09:17:31 node5 kernel: [    0.385189] pnp: PnP ACPI: found 15 devices
Jul  8 09:17:31 node5 kernel: [    0.385190] ACPI: ACPI bus type pnp unregistered
Jul  8 09:17:31 node5 kernel: [    0.390819] pci 0000:00:01.0: PCI bridge to [bus 03-03]
Jul  8 09:17:31 node5 kernel: [    0.390827] pci 0000:00:02.0: PCI bridge to [bus 05-05]
Jul  8 09:17:31 node5 kernel: [    0.390829] pci 0000:00:02.0:   bridge window [io  0xc000-0xcfff]
Jul  8 09:17:31 node5 kernel: [    0.390832] pci 0000:00:02.0:   bridge window [mem 0xee000000-0xef0fffff]
Jul  8 09:17:31 node5 kernel: [    0.390835] pci 0000:00:02.0:   bridge window [mem 0xe0000000-0xe9ffffff 64bit pref]
Jul  8 09:17:31 node5 kernel: [    0.390839] pci 0000:00:03.0: PCI bridge to [bus 04-04]
Jul  8 09:17:31 node5 kernel: [    0.390846] pci 0000:00:11.0: PCI bridge to [bus 02-02]
Jul  8 09:17:31 node5 kernel: [    0.390849] pci 0000:00:11.0:   bridge window [io  0xd000-0xdfff]
Jul  8 09:17:31 node5 kernel: [    0.390856] pci 0000:00:11.0:   bridge window [mem 0xea400000-0xea8fffff 64bit pref]
Jul  8 09:17:31 node5 kernel: [    0.390863] pci 0000:00:1c.0: PCI bridge to [bus 01-01]
Jul  8 09:17:31 node5 kernel: [    0.390872] pci 0000:00:1c.5: PCI bridge to [bus 06-06]
Jul  8 09:17:31 node5 kernel: [    0.390888] pci 0000:00:1c.6: PCI bridge to [bus 07-07]
Jul  8 09:17:31 node5 kernel: [    0.390898] pci 0000:00:1c.7: PCI bridge to [bus 08-08]
Jul  8 09:17:31 node5 kernel: [    0.390901] pci 0000:00:1c.7:   bridge window [mem 0xef200000-0xef2fffff]
Jul  8 09:17:31 node5 kernel: [    0.390908] pci 0000:00:1e.0: PCI bridge to [bus 09-09]
Jul  8 09:17:31 node5 kernel: [    0.390911] pci 0000:00:1e.0:   bridge window [mem 0xef100000-0xef1fffff]
Jul  8 09:17:31 node5 kernel: [    0.390971] pci 0000:00:1e.0: setting latency timer to 64
Jul  8 09:17:31 node5 kernel: [    0.390974] pci_bus 0000:00: resource 4 [io  0x0000-0x03af]
Jul  8 09:17:31 node5 kernel: [    0.390975] pci_bus 0000:00: resource 5 [io  0x03e0-0x0cf7]
Jul  8 09:17:31 node5 kernel: [    0.390976] pci_bus 0000:00: resource 6 [io  0x03b0-0x03df]
Jul  8 09:17:31 node5 kernel: [    0.390977] pci_bus 0000:00: resource 7 [io  0x0d00-0xffff]
Jul  8 09:17:31 node5 kernel: [    0.390978] pci_bus 0000:00: resource 8 [mem 0x000a0000-0x000bffff]
Jul  8 09:17:31 node5 kernel: [    0.390980] pci_bus 0000:00: resource 9 [mem 0x000c0000-0x000dffff]
Jul  8 09:17:31 node5 kernel: [    0.390981] pci_bus 0000:00: resource 10 [mem 0xe0000000-0xefffffff]
Jul  8 09:17:31 node5 kernel: [    0.390982] pci_bus 0000:05: resource 0 [io  0xc000-0xcfff]
Jul  8 09:17:31 node5 kernel: [    0.390983] pci_bus 0000:05: resource 1 [mem 0xee000000-0xef0fffff]
Jul  8 09:17:31 node5 kernel: [    0.390984] pci_bus 0000:05: resource 2 [mem 0xe0000000-0xe9ffffff 64bit pref]
Jul  8 09:17:31 node5 kernel: [    0.390986] pci_bus 0000:02: resource 0 [io  0xd000-0xdfff]
Jul  8 09:17:31 node5 kernel: [    0.390987] pci_bus 0000:02: resource 2 [mem 0xea400000-0xea8fffff 64bit pref]
Jul  8 09:17:31 node5 kernel: [    0.390988] pci_bus 0000:08: resource 1 [mem 0xef200000-0xef2fffff]
Jul  8 09:17:31 node5 kernel: [    0.390989] pci_bus 0000:09: resource 1 [mem 0xef100000-0xef1fffff]
Jul  8 09:17:31 node5 kernel: [    0.390991] pci_bus 0000:09: resource 4 [io  0x0000-0x03af]
Jul  8 09:17:31 node5 kernel: [    0.390992] pci_bus 0000:09: resource 5 [io  0x03e0-0x0cf7]
Jul  8 09:17:31 node5 kernel: [    0.390993] pci_bus 0000:09: resource 6 [io  0x03b0-0x03df]
Jul  8 09:17:31 node5 kernel: [    0.390994] pci_bus 0000:09: resource 7 [io  0x0d00-0xffff]
Jul  8 09:17:31 node5 kernel: [    0.390995] pci_bus 0000:09: resource 8 [mem 0x000a0000-0x000bffff]
Jul  8 09:17:31 node5 kernel: [    0.390996] pci_bus 0000:09: resource 9 [mem 0x000c0000-0x000dffff]
Jul  8 09:17:31 node5 kernel: [    0.390997] pci_bus 0000:09: resource 10 [mem 0xe0000000-0xefffffff]
Jul  8 09:17:31 node5 kernel: [    0.390998] pci_bus 0000:40: resource 4 [io  0x0000-0x03af]
Jul  8 09:17:31 node5 kernel: [    0.390999] pci_bus 0000:40: resource 5 [io  0x03e0-0x0cf7]
Jul  8 09:17:31 node5 kernel: [    0.391001] pci_bus 0000:40: resource 6 [mem 0x000c0000-0x000dffff]
Jul  8 09:17:31 node5 kernel: [    0.391002] pci_bus 0000:7f: resource 4 [io  0x0000-0xffff]
Jul  8 09:17:31 node5 kernel: [    0.391003] pci_bus 0000:7f: resource 5 [mem 0x00000000-0x3fffffffffff]
Jul  8 09:17:31 node5 kernel: [    0.391022] NET: Registered protocol family 2
Jul  8 09:17:31 node5 kernel: [    0.391098] IP route cache hash table entries: 131072 (order: 8, 1048576 bytes)
Jul  8 09:17:31 node5 kernel: [    0.391507] TCP established hash table entries: 524288 (order: 11, 8388608 bytes)
Jul  8 09:17:31 node5 kernel: [    0.392459] TCP bind hash table entries: 65536 (order: 8, 1048576 bytes)
Jul  8 09:17:31 node5 kernel: [    0.392577] TCP: Hash tables configured (established 524288 bind 65536)
Jul  8 09:17:31 node5 kernel: [    0.392579] TCP: reno registered
Jul  8 09:17:31 node5 kernel: [    0.392585] UDP hash table entries: 2048 (order: 4, 65536 bytes)
Jul  8 09:17:31 node5 kernel: [    0.392596] UDP-Lite hash table entries: 2048 (order: 4, 65536 bytes)
Jul  8 09:17:31 node5 kernel: [    0.392648] NET: Registered protocol family 1
Jul  8 09:17:31 node5 kernel: [    0.432369] pci 0000:05:00.0: Boot video device
Jul  8 09:17:31 node5 kernel: [    0.432594] PCI: CLS 64 bytes, default 64
Jul  8 09:17:31 node5 kernel: [    0.432596] PCI-DMA: Using software bounce buffering for IO (SWIOTLB)
Jul  8 09:17:31 node5 kernel: [    0.432597] software IO TLB [mem 0xc4ed1000-0xc8ed0fff] (64MB) mapped at [ffff8800c4ed1000-ffff8800c8ed0fff]
Jul  8 09:17:31 node5 kernel: [    0.433037] audit: initializing netlink socket (disabled)
Jul  8 09:17:31 node5 kernel: [    0.433049] type=2000 audit(1373249836.320:1): initialized
Jul  8 09:17:31 node5 kernel: [    0.448094] HugeTLB registered 2 MB page size, pre-allocated 0 pages
Jul  8 09:17:31 node5 kernel: [    0.449052] VFS: Disk quotas dquot_6.5.2
Jul  8 09:17:31 node5 kernel: [    0.449076] Dquot-cache hash table entries: 512 (order 0, 4096 bytes)
Jul  8 09:17:31 node5 kernel: [    0.449332] fuse init (API version 7.19)
Jul  8 09:17:31 node5 kernel: [    0.449373] msgmni has been set to 7698
Jul  8 09:17:31 node5 kernel: [    0.449576] Block layer SCSI generic (bsg) driver version 0.4 loaded (major 252)
Jul  8 09:17:31 node5 kernel: [    0.449592] io scheduler noop registered
Jul  8 09:17:31 node5 kernel: [    0.449594] io scheduler deadline registered (default)
Jul  8 09:17:31 node5 kernel: [    0.449607] io scheduler cfq registered
Jul  8 09:17:31 node5 kernel: [    0.450026] ioapic: probe of 0000:00:05.4 failed with error -22
Jul  8 09:17:31 node5 kernel: [    0.450032] pci_hotplug: PCI Hot Plug PCI Core version: 0.5
Jul  8 09:17:31 node5 kernel: [    0.450043] pciehp: PCI Express Hot Plug Controller Driver version: 0.4
Jul  8 09:17:31 node5 kernel: [    0.450096] efifb: probing for efifb
Jul  8 09:17:31 node5 kernel: [    0.450263] efifb: framebuffer at 0xe9000000, mapped to 0xffffc90012280000, using 1920k, total 1920k
Jul  8 09:17:31 node5 kernel: [    0.450264] efifb: mode is 800x600x32, linelength=3200, pages=1
Jul  8 09:17:31 node5 kernel: [    0.450265] efifb: scrolling: redraw
Jul  8 09:17:31 node5 kernel: [    0.450266] efifb: Truecolor: size=8:8:8:8, shift=24:16:8:0
Jul  8 09:17:31 node5 kernel: [    0.450312] Console: switching to colour frame buffer device 100x37
Jul  8 09:17:31 node5 kernel: [    0.450321] fb0: EFI VGA frame buffer device
Jul  8 09:17:31 node5 kernel: [    0.450324] intel_idle: MWAIT substates: 0x21120
Jul  8 09:17:31 node5 kernel: [    0.450325] intel_idle: v0.4 model 0x2D
Jul  8 09:17:31 node5 kernel: [    0.450326] intel_idle: lapic_timer_reliable_states 0xffffffff
Jul  8 09:17:31 node5 kernel: [    0.450378] input: Power Button as /devices/LNXSYSTM:00/device:00/PNP0C0C:00/input/input0
Jul  8 09:17:31 node5 kernel: [    0.450382] ACPI: Power Button [PWRB]
Jul  8 09:17:31 node5 kernel: [    0.450405] input: Power Button as /devices/LNXSYSTM:00/LNXPWRBN:00/input/input1
Jul  8 09:17:31 node5 kernel: [    0.450406] ACPI: Power Button [PWRF]
Jul  8 09:17:31 node5 kernel: [    0.450453] ACPI: Requesting acpi_cpufreq
Jul  8 09:17:31 node5 kernel: [    0.454056] Freeing initrd memory: 15184k freed
Jul  8 09:17:31 node5 kernel: [    0.467667] GHES: HEST is not enabled!
Jul  8 09:17:31 node5 kernel: [    0.467725] Serial: 8250/16550 driver, 32 ports, IRQ sharing enabled
Jul  8 09:17:31 node5 kernel: [    0.468344] serial 0000:00:16.3: enabling device (0000 -> 0003)
Jul  8 09:17:31 node5 kernel: [    0.468374] serial8250: skipping TxEn test for device [8086:1d3d] subsystem [103c:1589]
Jul  8 09:17:31 node5 kernel: [    0.488565] 0000:00:16.3: ttyS4 at I/O 0xe060 (irq = 17) is a 16550A
Jul  8 09:17:31 node5 kernel: [    0.488706] Linux agpgart interface v0.103
Jul  8 09:17:31 node5 kernel: [    0.489426] brd: module loaded
Jul  8 09:17:31 node5 kernel: [    0.489781] loop: module loaded
Jul  8 09:17:31 node5 kernel: [    0.489841] ahci 0000:00:1f.2: version 3.0
Jul  8 09:17:31 node5 kernel: [    0.489882] ahci 0000:00:1f.2: irq 64 for MSI/MSI-X
Jul  8 09:17:31 node5 kernel: [    0.504337] ahci 0000:00:1f.2: AHCI 0001.0300 32 slots 6 ports 6 Gbps 0x5 impl RAID mode
Jul  8 09:17:31 node5 kernel: [    0.504339] ahci 0000:00:1f.2: flags: 64bit ncq sntf pm led clo pio slum part ems sxs apst 
Jul  8 09:17:31 node5 kernel: [    0.504342] ahci 0000:00:1f.2: setting latency timer to 64
Jul  8 09:17:31 node5 kernel: [    0.512545] scsi0 : ahci
Jul  8 09:17:31 node5 kernel: [    0.512585] scsi1 : ahci
Jul  8 09:17:31 node5 kernel: [    0.512617] scsi2 : ahci
Jul  8 09:17:31 node5 kernel: [    0.512649] scsi3 : ahci
Jul  8 09:17:31 node5 kernel: [    0.512682] scsi4 : ahci
Jul  8 09:17:31 node5 kernel: [    0.512714] scsi5 : ahci
Jul  8 09:17:31 node5 kernel: [    0.512781] ata1: SATA max UDMA/133 abar m2048@0xef329000 port 0xef329100 irq 64
Jul  8 09:17:31 node5 kernel: [    0.512782] ata2: DUMMY
Jul  8 09:17:31 node5 kernel: [    0.512783] ata3: SATA max UDMA/133 abar m2048@0xef329000 port 0xef329200 irq 64
Jul  8 09:17:31 node5 kernel: [    0.512784] ata4: DUMMY
Jul  8 09:17:31 node5 kernel: [    0.512785] ata5: DUMMY
Jul  8 09:17:31 node5 kernel: [    0.512785] ata6: DUMMY
Jul  8 09:17:31 node5 kernel: [    0.512852] pata_acpi 0000:00:16.2: setting latency timer to 64
Jul  8 09:17:31 node5 kernel: [    0.512893] ata_generic 0000:00:16.2: setting latency timer to 64
Jul  8 09:17:31 node5 kernel: [    0.513026] scsi6 : ata_generic
Jul  8 09:17:31 node5 kernel: [    0.513060] scsi7 : ata_generic
Jul  8 09:17:31 node5 kernel: [    0.513080] ata7: PATA max UDMA/100 cmd 0xe0b0 ctl 0xe0a0 bmdma 0xe070 irq 18
Jul  8 09:17:31 node5 kernel: [    0.513081] ata8: PATA max UDMA/100 cmd 0xe090 ctl 0xe080 bmdma 0xe078 irq 18
Jul  8 09:17:31 node5 kernel: [    0.513224] Fixed MDIO Bus: probed
Jul  8 09:17:31 node5 kernel: [    0.513245] tun: Universal TUN/TAP device driver, 1.6
Jul  8 09:17:31 node5 kernel: [    0.513245] tun: (C) 1999-2004 Max Krasnyansky <maxk@qualcomm.com>
Jul  8 09:17:31 node5 kernel: [    0.513268] PPP generic driver version 2.4.2
Jul  8 09:17:31 node5 kernel: [    0.513293] ehci_hcd: USB 2.0 'Enhanced' Host Controller (EHCI) Driver
Jul  8 09:17:31 node5 kernel: [    0.513315] ehci_hcd 0000:00:1a.0: setting latency timer to 64
Jul  8 09:17:31 node5 kernel: [    0.513317] ehci_hcd 0000:00:1a.0: EHCI Host Controller
Jul  8 09:17:31 node5 kernel: [    0.513321] ehci_hcd 0000:00:1a.0: new USB bus registered, assigned bus number 1
Jul  8 09:17:31 node5 kernel: [    0.513338] ehci_hcd 0000:00:1a.0: debug port 2
Jul  8 09:17:31 node5 kernel: [    0.517206] ehci_hcd 0000:00:1a.0: cache line size of 64 is not supported
Jul  8 09:17:31 node5 kernel: [    0.517215] ehci_hcd 0000:00:1a.0: irq 16, io mem 0xef32c000
Jul  8 09:17:31 node5 kernel: [    0.528301] ehci_hcd 0000:00:1a.0: USB 2.0 started, EHCI 1.00
Jul  8 09:17:31 node5 kernel: [    0.528331] usb usb1: New USB device found, idVendor=1d6b, idProduct=0002
Jul  8 09:17:31 node5 kernel: [    0.528333] usb usb1: New USB device strings: Mfr=3, Product=2, SerialNumber=1
Jul  8 09:17:31 node5 kernel: [    0.528334] usb usb1: Product: EHCI Host Controller
Jul  8 09:17:31 node5 kernel: [    0.528335] usb usb1: Manufacturer: Linux 3.5.0-23-generic ehci_hcd
Jul  8 09:17:31 node5 kernel: [    0.528336] usb usb1: SerialNumber: 0000:00:1a.0
Jul  8 09:17:31 node5 kernel: [    0.528398] hub 1-0:1.0: USB hub found
Jul  8 09:17:31 node5 kernel: [    0.528401] hub 1-0:1.0: 2 ports detected
Jul  8 09:17:31 node5 kernel: [    0.528456] ehci_hcd 0000:00:1d.0: setting latency timer to 64
Jul  8 09:17:31 node5 kernel: [    0.528458] ehci_hcd 0000:00:1d.0: EHCI Host Controller
Jul  8 09:17:31 node5 kernel: [    0.528461] ehci_hcd 0000:00:1d.0: new USB bus registered, assigned bus number 2
Jul  8 09:17:31 node5 kernel: [    0.528476] ehci_hcd 0000:00:1d.0: debug port 2
Jul  8 09:17:31 node5 kernel: [    0.532363] ehci_hcd 0000:00:1d.0: cache line size of 64 is not supported
Jul  8 09:17:31 node5 kernel: [    0.532373] ehci_hcd 0000:00:1d.0: irq 23, io mem 0xef32b000
Jul  8 09:17:31 node5 kernel: [    0.544295] ehci_hcd 0000:00:1d.0: USB 2.0 started, EHCI 1.00
Jul  8 09:17:31 node5 kernel: [    0.544318] usb usb2: New USB device found, idVendor=1d6b, idProduct=0002
Jul  8 09:17:31 node5 kernel: [    0.544319] usb usb2: New USB device strings: Mfr=3, Product=2, SerialNumber=1
Jul  8 09:17:31 node5 kernel: [    0.544320] usb usb2: Product: EHCI Host Controller
Jul  8 09:17:31 node5 kernel: [    0.544321] usb usb2: Manufacturer: Linux 3.5.0-23-generic ehci_hcd
Jul  8 09:17:31 node5 kernel: [    0.544322] usb usb2: SerialNumber: 0000:00:1d.0
Jul  8 09:17:31 node5 kernel: [    0.544374] hub 2-0:1.0: USB hub found
Jul  8 09:17:31 node5 kernel: [    0.544376] hub 2-0:1.0: 2 ports detected
Jul  8 09:17:31 node5 kernel: [    0.544415] ohci_hcd: USB 1.1 'Open' Host Controller (OHCI) Driver
Jul  8 09:17:31 node5 kernel: [    0.544425] uhci_hcd: USB Universal Host Controller Interface driver
Jul  8 09:17:31 node5 kernel: [    0.544459] xhci_hcd 0000:08:00.0: xHCI Host Controller
Jul  8 09:17:31 node5 kernel: [    0.544462] xhci_hcd 0000:08:00.0: new USB bus registered, assigned bus number 3
Jul  8 09:17:31 node5 kernel: [    0.544621] xhci_hcd 0000:08:00.0: irq 19, io mem 0xef200000
Jul  8 09:17:31 node5 kernel: [    0.544683] xhci_hcd 0000:08:00.0: irq 65 for MSI/MSI-X
Jul  8 09:17:31 node5 kernel: [    0.544687] xhci_hcd 0000:08:00.0: irq 66 for MSI/MSI-X
Jul  8 09:17:31 node5 kernel: [    0.544690] xhci_hcd 0000:08:00.0: irq 67 for MSI/MSI-X
Jul  8 09:17:31 node5 kernel: [    0.544693] xhci_hcd 0000:08:00.0: irq 68 for MSI/MSI-X
Jul  8 09:17:31 node5 kernel: [    0.544697] xhci_hcd 0000:08:00.0: irq 69 for MSI/MSI-X
Jul  8 09:17:31 node5 kernel: [    0.544700] xhci_hcd 0000:08:00.0: irq 70 for MSI/MSI-X
Jul  8 09:17:31 node5 kernel: [    0.544704] xhci_hcd 0000:08:00.0: irq 71 for MSI/MSI-X
Jul  8 09:17:31 node5 kernel: [    0.544708] xhci_hcd 0000:08:00.0: irq 72 for MSI/MSI-X
Jul  8 09:17:31 node5 kernel: [    0.544792] usb usb3: New USB device found, idVendor=1d6b, idProduct=0002
Jul  8 09:17:31 node5 kernel: [    0.544793] usb usb3: New USB device strings: Mfr=3, Product=2, SerialNumber=1
Jul  8 09:17:31 node5 kernel: [    0.544794] usb usb3: Product: xHCI Host Controller
Jul  8 09:17:31 node5 kernel: [    0.544795] usb usb3: Manufacturer: Linux 3.5.0-23-generic xhci_hcd
Jul  8 09:17:31 node5 kernel: [    0.544796] usb usb3: SerialNumber: 0000:08:00.0
Jul  8 09:17:31 node5 kernel: [    0.544833] xHCI xhci_add_endpoint called for root hub
Jul  8 09:17:31 node5 kernel: [    0.544834] xHCI xhci_check_bandwidth called for root hub
Jul  8 09:17:31 node5 kernel: [    0.544845] hub 3-0:1.0: USB hub found
Jul  8 09:17:31 node5 kernel: [    0.544852] hub 3-0:1.0: 4 ports detected
Jul  8 09:17:31 node5 kernel: [    0.544899] xhci_hcd 0000:08:00.0: xHCI Host Controller
Jul  8 09:17:31 node5 kernel: [    0.544901] xhci_hcd 0000:08:00.0: new USB bus registered, assigned bus number 4
Jul  8 09:17:31 node5 kernel: [    0.544918] usb usb4: New USB device found, idVendor=1d6b, idProduct=0003
Jul  8 09:17:31 node5 kernel: [    0.544919] usb usb4: New USB device strings: Mfr=3, Product=2, SerialNumber=1
Jul  8 09:17:31 node5 kernel: [    0.544920] usb usb4: Product: xHCI Host Controller
Jul  8 09:17:31 node5 kernel: [    0.544921] usb usb4: Manufacturer: Linux 3.5.0-23-generic xhci_hcd
Jul  8 09:17:31 node5 kernel: [    0.544922] usb usb4: SerialNumber: 0000:08:00.0
Jul  8 09:17:31 node5 kernel: [    0.544953] xHCI xhci_add_endpoint called for root hub
Jul  8 09:17:31 node5 kernel: [    0.544954] xHCI xhci_check_bandwidth called for root hub
Jul  8 09:17:31 node5 kernel: [    0.544966] hub 4-0:1.0: USB hub found
Jul  8 09:17:31 node5 kernel: [    0.544974] hub 4-0:1.0: 4 ports detected
Jul  8 09:17:31 node5 kernel: [    0.545056] usbcore: registered new interface driver libusual
Jul  8 09:17:31 node5 kernel: [    0.545078] i8042: PNP: PS/2 Controller [PNP0303:PS2K,PNP0f03:PS2M] at 0x60,0x64 irq 1,12
Jul  8 09:17:31 node5 kernel: [    0.547545] serio: i8042 KBD port at 0x60,0x64 irq 1
Jul  8 09:17:31 node5 kernel: [    0.547548] serio: i8042 AUX port at 0x60,0x64 irq 12
Jul  8 09:17:31 node5 kernel: [    0.547609] mousedev: PS/2 mouse device common for all mice
Jul  8 09:17:31 node5 kernel: [    0.547676] rtc_cmos 00:06: RTC can wake from S4
Jul  8 09:17:31 node5 kernel: [    0.547773] rtc_cmos 00:06: rtc core: registered rtc_cmos as rtc0
Jul  8 09:17:31 node5 kernel: [    0.547797] rtc0: alarms up to one month, y3k, 114 bytes nvram, hpet irqs
Jul  8 09:17:31 node5 kernel: [    0.547835] device-mapper: uevent: version 1.0.3
Jul  8 09:17:31 node5 kernel: [    0.547869] device-mapper: ioctl: 4.22.0-ioctl (2011-10-19) initialised: dm-devel@redhat.com
Jul  8 09:17:31 node5 kernel: [    0.547952] cpuidle: using governor ladder
Jul  8 09:17:31 node5 kernel: [    0.548059] cpuidle: using governor menu
Jul  8 09:17:31 node5 kernel: [    0.548060] EFI Variables Facility v0.08 2004-May-17
Jul  8 09:17:31 node5 kernel: [    0.555283] ashmem: initialized
Jul  8 09:17:31 node5 kernel: [    0.555349] TCP: cubic registered
Jul  8 09:17:31 node5 kernel: [    0.555399] NET: Registered protocol family 10
Jul  8 09:17:31 node5 kernel: [    0.555506] NET: Registered protocol family 17
Jul  8 09:17:31 node5 kernel: [    0.555512] Key type dns_resolver registered
Jul  8 09:17:31 node5 kernel: [    0.555591] PM: Hibernation image not present or could not be loaded.
Jul  8 09:17:31 node5 kernel: [    0.555600] registered taskstats version 1
Jul  8 09:17:31 node5 kernel: [    0.556879] Key type trusted registered
Jul  8 09:17:31 node5 kernel: [    0.558472] Key type encrypted registered
Jul  8 09:17:31 node5 kernel: [    0.560431]   Magic number: 5:534:257
Jul  8 09:17:31 node5 kernel: [    0.560541] rtc_cmos 00:06: setting system clock to 2013-07-08 02:17:17 UTC (1373249837)
Jul  8 09:17:31 node5 kernel: [    0.561321] BIOS EDD facility v0.16 2004-Jun-25, 0 devices found
Jul  8 09:17:31 node5 kernel: [    0.561322] EDD information not available.
Jul  8 09:17:31 node5 kernel: [    0.832176] ata3: SATA link up 1.5 Gbps (SStatus 113 SControl 300)
Jul  8 09:17:31 node5 kernel: [    0.832194] ata1: SATA link up 6.0 Gbps (SStatus 133 SControl 300)
Jul  8 09:17:31 node5 kernel: [    0.833202] ata1.00: ATA-8: ST500DM002-1BD142, HP73, max UDMA/100
Jul  8 09:17:31 node5 kernel: [    0.833204] ata1.00: 976773168 sectors, multi 16: LBA48 NCQ (depth 31/32)
Jul  8 09:17:31 node5 kernel: [    0.834504] ata1.00: configured for UDMA/100
Jul  8 09:17:31 node5 kernel: [    0.834576] ata3.00: ATAPI: hp      DVD A  DH16ACSHR, JHG7, max UDMA/100
Jul  8 09:17:31 node5 kernel: [    0.834652] scsi 0:0:0:0: Direct-Access     ATA      ST500DM002-1BD14 HP73 PQ: 0 ANSI: 5
Jul  8 09:17:31 node5 kernel: [    0.834759] sd 0:0:0:0: Attached scsi generic sg0 type 0
Jul  8 09:17:31 node5 kernel: [    0.834779] sd 0:0:0:0: [sda] 976773168 512-byte logical blocks: (500 GB/465 GiB)
Jul  8 09:17:31 node5 kernel: [    0.834780] sd 0:0:0:0: [sda] 4096-byte physical blocks
Jul  8 09:17:31 node5 kernel: [    0.834885] sd 0:0:0:0: [sda] Write Protect is off
Jul  8 09:17:31 node5 kernel: [    0.834893] sd 0:0:0:0: [sda] Mode Sense: 00 3a 00 00
Jul  8 09:17:31 node5 kernel: [    0.834977] sd 0:0:0:0: [sda] Write cache: enabled, read cache: enabled, doesn't support DPO or FUA
Jul  8 09:17:31 node5 kernel: [    0.835522] ata3.00: configured for UDMA/100
Jul  8 09:17:31 node5 kernel: [    0.840165] usb 1-1: new high-speed USB device number 2 using ehci_hcd
Jul  8 09:17:31 node5 kernel: [    0.867764]  sda: sda1 sda2 sda3
Jul  8 09:17:31 node5 kernel: [    0.868370] sd 0:0:0:0: [sda] Attached SCSI disk
Jul  8 09:17:31 node5 kernel: [    0.872408] scsi 2:0:0:0: CD-ROM            hp       DVD A  DH16ACSHR JHG7 PQ: 0 ANSI: 5
Jul  8 09:17:31 node5 kernel: [    0.876216] sr0: scsi3-mmc drive: 40x/40x writer dvd-ram cd/rw xa/form2 cdda tray
Jul  8 09:17:31 node5 kernel: [    0.876218] cdrom: Uniform CD-ROM driver Revision: 3.20
Jul  8 09:17:31 node5 kernel: [    0.876321] sr 2:0:0:0: Attached scsi CD-ROM sr0
Jul  8 09:17:31 node5 kernel: [    0.876443] sr 2:0:0:0: Attached scsi generic sg1 type 5
Jul  8 09:17:31 node5 kernel: [    0.972459] usb 1-1: New USB device found, idVendor=8087, idProduct=0024
Jul  8 09:17:31 node5 kernel: [    0.972461] usb 1-1: New USB device strings: Mfr=0, Product=0, SerialNumber=0
Jul  8 09:17:31 node5 kernel: [    0.972721] hub 1-1:1.0: USB hub found
Jul  8 09:17:31 node5 kernel: [    0.972829] hub 1-1:1.0: 6 ports detected
Jul  8 09:17:31 node5 kernel: [    1.043807] Freeing unused kernel memory: 948k freed
Jul  8 09:17:31 node5 kernel: [    1.043900] Write protecting the kernel read-only data: 12288k
Jul  8 09:17:31 node5 kernel: [    1.046285] Freeing unused kernel memory: 1352k freed
Jul  8 09:17:31 node5 kernel: [    1.048183] Freeing unused kernel memory: 1048k freed
Jul  8 09:17:31 node5 kernel: [    1.075587] e1000e: Intel(R) PRO/1000 Network Driver - 2.0.0-k
Jul  8 09:17:31 node5 kernel: [    1.075590] e1000e: Copyright(c) 1999 - 2012 Intel Corporation.
Jul  8 09:17:31 node5 kernel: [    1.075632] e1000e 0000:00:19.0: setting latency timer to 64
Jul  8 09:17:31 node5 kernel: [    1.075671] isci: Intel(R) C600 SAS Controller Driver - version 1.1.0
Jul  8 09:17:31 node5 kernel: [    1.075685] isci 0000:02:00.0: driver configured for rev: 5 silicon
Jul  8 09:17:31 node5 kernel: [    1.075768] isci 0000:02:00.0: Unable to obtain EFI var data for OEM parms
Jul  8 09:17:31 node5 kernel: [    1.075771] isci 0000:02:00.0: OEM parameter table found in OROM
Jul  8 09:17:31 node5 kernel: [    1.075773] isci 0000:02:00.0: OEM SAS parameters (version: 1.1) loaded (platform)
Jul  8 09:17:31 node5 kernel: [    1.075775] e1000e 0000:00:19.0: Interrupt Throttling Rate (ints/sec) set to dynamic conservative mode
Jul  8 09:17:31 node5 kernel: [    1.075809] e1000e 0000:00:19.0: irq 73 for MSI/MSI-X
Jul  8 09:17:31 node5 kernel: [    1.084138] isci 0000:02:00.0: SCU controller 0: phy 3-0 cables: {short, short, short, short}
Jul  8 09:17:31 node5 kernel: [    1.086199] firewire_ohci 0000:09:05.0: enabling device (0100 -> 0102)
Jul  8 09:17:31 node5 kernel: [    1.086353] scsi8 : isci
Jul  8 09:17:31 node5 kernel: [    1.087086] usb 2-1: new high-speed USB device number 2 using ehci_hcd
Jul  8 09:17:31 node5 kernel: [    1.087228] isci 0000:02:00.0: irq 74 for MSI/MSI-X
Jul  8 09:17:31 node5 kernel: [    1.087232] isci 0000:02:00.0: irq 75 for MSI/MSI-X
Jul  8 09:17:31 node5 kernel: [    1.140054] firewire_ohci 0000:09:05.0: added OHCI v1.0 device as card 0, 8 IR + 8 IT contexts, quirks 0x0
Jul  8 09:17:31 node5 kernel: [    1.216274] usb 2-1: New USB device found, idVendor=8087, idProduct=0024
Jul  8 09:17:31 node5 kernel: [    1.216276] usb 2-1: New USB device strings: Mfr=0, Product=0, SerialNumber=0
Jul  8 09:17:31 node5 kernel: [    1.216414] hub 2-1:1.0: USB hub found
Jul  8 09:17:31 node5 kernel: [    1.216545] hub 2-1:1.0: 8 ports detected
Jul  8 09:17:31 node5 kernel: [    1.273189] e1000e 0000:00:19.0: eth0: (PCI Express:2.5GT/s:Width x1) 10:60:4b:7c:9e:4a
Jul  8 09:17:31 node5 kernel: [    1.273191] e1000e 0000:00:19.0: eth0: Intel(R) PRO/1000 Network Connection
Jul  8 09:17:31 node5 kernel: [    1.273221] e1000e 0000:00:19.0: eth0: MAC: 10, PHY: 11, PBA No: 0100FF-0FF
Jul  8 09:17:31 node5 kernel: [    1.431841] Refined TSC clocksource calibration: 3591.121 MHz.
Jul  8 09:17:31 node5 kernel: [    1.431858] Switching to clocksource tsc
Jul  8 09:17:31 node5 kernel: [    1.473973] EXT4-fs (sda2): INFO: recovery required on readonly filesystem
Jul  8 09:17:31 node5 kernel: [    1.473975] EXT4-fs (sda2): write access will be enabled during recovery
Jul  8 09:17:31 node5 kernel: [    1.487910] usb 2-1.1: new low-speed USB device number 3 using ehci_hcd
Jul  8 09:17:31 node5 kernel: [    1.584102] usb 2-1.1: New USB device found, idVendor=046d, idProduct=c077
Jul  8 09:17:31 node5 kernel: [    1.584123] usb 2-1.1: New USB device strings: Mfr=1, Product=2, SerialNumber=0
Jul  8 09:17:31 node5 kernel: [    1.584124] usb 2-1.1: Product: USB Optical Mouse
Jul  8 09:17:31 node5 kernel: [    1.584125] usb 2-1.1: Manufacturer: Logitech
Jul  8 09:17:31 node5 kernel: [    1.587915] usbcore: registered new interface driver usbhid
Jul  8 09:17:31 node5 kernel: [    1.587916] usbhid: USB HID core driver
Jul  8 09:17:31 node5 kernel: [    1.589096] input: Logitech USB Optical Mouse as /devices/pci0000:00/0000:00:1d.0/usb2/2-1/2-1.1/2-1.1:1.0/input/input2
Jul  8 09:17:31 node5 kernel: [    1.589223] hid-generic 0003:046D:C077.0001: input,hidraw0: USB HID v1.11 Mouse [Logitech USB Optical Mouse] on usb-0000:00:1d.0-1.1/input0
Jul  8 09:17:31 node5 kernel: [    1.639796] firewire_core 0000:09:05.0: created device fw0: GUID 0060b0000091f6ae, S400
Jul  8 09:17:31 node5 kernel: [    1.655821] usb 2-1.2: new low-speed USB device number 4 using ehci_hcd
Jul  8 09:17:31 node5 kernel: [    1.762753] usb 2-1.2: New USB device found, idVendor=03f0, idProduct=0024
Jul  8 09:17:31 node5 kernel: [    1.762769] usb 2-1.2: New USB device strings: Mfr=1, Product=2, SerialNumber=0
