Jul  5 23:38:16 node7 kernel: imklog 5.8.6, log source = /proc/kmsg started.
Jul  5 23:38:16 node7 rsyslogd: [origin software="rsyslogd" swVersion="5.8.6" x-pid="962" x-info="http://www.rsyslog.com"] start
Jul  5 23:38:16 node7 rsyslogd: rsyslogd's groupid changed to 103
Jul  5 23:38:16 node7 rsyslogd: rsyslogd's userid changed to 101
Jul  5 23:38:16 node7 rsyslogd-2039: Could not open output pipe '/dev/xconsole' [try http://www.rsyslog.com/e/2039 ]
Jul  5 23:38:16 node7 kernel: [    0.000000] Initializing cgroup subsys cpuset
Jul  5 23:38:16 node7 kernel: [    0.000000] Initializing cgroup subsys cpu
Jul  5 23:38:16 node7 kernel: [    0.000000] Linux version 3.5.0-23-generic (buildd@komainu) (gcc version 4.6.3 (Ubuntu/Linaro 4.6.3-1ubuntu5) ) #35~precise1-Ubuntu SMP Fri Jan 25 17:13:26 UTC 2013 (Ubuntu 3.5.0-23.35~precise1-generic 3.5.7.2)
Jul  5 23:38:16 node7 kernel: [    0.000000] Command line: BOOT_IMAGE=/boot/vmlinuz-3.5.0-23-generic root=UUID=0f81f3d1-4b7a-4d21-a2d2-5c25f323c06a ro quiet splash vt.handoff=7
Jul  5 23:38:16 node7 kernel: [    0.000000] KERNEL supported cpus:
Jul  5 23:38:16 node7 kernel: [    0.000000]   Intel GenuineIntel
Jul  5 23:38:16 node7 kernel: [    0.000000]   AMD AuthenticAMD
Jul  5 23:38:16 node7 kernel: [    0.000000]   Centaur CentaurHauls
Jul  5 23:38:16 node7 kernel: [    0.000000] e820: BIOS-provided physical RAM map:
Jul  5 23:38:16 node7 kernel: [    0.000000] BIOS-e820: [mem 0x0000000000000000-0x000000000009ffff] usable
Jul  5 23:38:16 node7 kernel: [    0.000000] BIOS-e820: [mem 0x0000000000100000-0x00000000c8e84fff] usable
Jul  5 23:38:16 node7 kernel: [    0.000000] BIOS-e820: [mem 0x00000000c8e85000-0x00000000c9e84fff] reserved
Jul  5 23:38:16 node7 kernel: [    0.000000] BIOS-e820: [mem 0x00000000c9e85000-0x00000000db573fff] usable
Jul  5 23:38:16 node7 kernel: [    0.000000] BIOS-e820: [mem 0x00000000db574000-0x00000000db870fff] reserved
Jul  5 23:38:16 node7 kernel: [    0.000000] BIOS-e820: [mem 0x00000000db871000-0x00000000db90cfff] ACPI data
Jul  5 23:38:16 node7 kernel: [    0.000000] BIOS-e820: [mem 0x00000000db90d000-0x00000000dba81fff] ACPI NVS
Jul  5 23:38:16 node7 kernel: [    0.000000] BIOS-e820: [mem 0x00000000dba82000-0x00000000dbb72fff] reserved
Jul  5 23:38:16 node7 kernel: [    0.000000] BIOS-e820: [mem 0x00000000dbb73000-0x00000000dbb73fff] usable
Jul  5 23:38:16 node7 kernel: [    0.000000] BIOS-e820: [mem 0x00000000dbb74000-0x00000000dbbf6fff] ACPI NVS
Jul  5 23:38:16 node7 kernel: [    0.000000] BIOS-e820: [mem 0x00000000dbbf7000-0x00000000dbffffff] usable
Jul  5 23:38:16 node7 kernel: [    0.000000] BIOS-e820: [mem 0x00000000f0000000-0x00000000f7ffffff] reserved
Jul  5 23:38:16 node7 kernel: [    0.000000] BIOS-e820: [mem 0x00000000fed1c000-0x00000000fed1ffff] reserved
Jul  5 23:38:16 node7 kernel: [    0.000000] BIOS-e820: [mem 0x00000000ff000000-0x00000000ffffffff] reserved
Jul  5 23:38:16 node7 kernel: [    0.000000] BIOS-e820: [mem 0x0000000100000000-0x000000011fffffff] usable
Jul  5 23:38:16 node7 kernel: [    0.000000] NX (Execute Disable) protection: active
Jul  5 23:38:16 node7 kernel: [    0.000000] efi: EFI v2.31 by American Megatrends
Jul  5 23:38:16 node7 kernel: [    0.000000] efi:  ACPI 2.0=0xdb890000  SMBIOS=0xdbb44b98  ACPI=0xdb890000  MPS=0xf4bd0 
Jul  5 23:38:16 node7 kernel: [    0.000000] efi: mem00: type=3, attr=0xf, range=[0x0000000000000000-0x0000000000008000) (0MB)
Jul  5 23:38:16 node7 kernel: [    0.000000] efi: mem01: type=7, attr=0xf, range=[0x0000000000008000-0x000000000003f000) (0MB)
Jul  5 23:38:16 node7 kernel: [    0.000000] efi: mem02: type=4, attr=0xf, range=[0x000000000003f000-0x0000000000050000) (0MB)
Jul  5 23:38:16 node7 kernel: [    0.000000] efi: mem03: type=3, attr=0xf, range=[0x0000000000050000-0x00000000000a0000) (0MB)
Jul  5 23:38:16 node7 kernel: [    0.000000] efi: mem04: type=3, attr=0xf, range=[0x0000000000100000-0x0000000000110000) (0MB)
Jul  5 23:38:16 node7 kernel: [    0.000000] efi: mem05: type=2, attr=0xf, range=[0x0000000000110000-0x00000000005ff000) (4MB)
Jul  5 23:38:16 node7 kernel: [    0.000000] efi: mem06: type=7, attr=0xf, range=[0x00000000005ff000-0x0000000001000000) (10MB)
Jul  5 23:38:16 node7 kernel: [    0.000000] efi: mem07: type=2, attr=0xf, range=[0x0000000001000000-0x0000000001100000) (1MB)
Jul  5 23:38:16 node7 kernel: [    0.000000] efi: mem08: type=7, attr=0xf, range=[0x0000000001100000-0x0000000036242000) (849MB)
Jul  5 23:38:16 node7 kernel: [    0.000000] efi: mem09: type=2, attr=0xf, range=[0x0000000036242000-0x0000000036245000) (0MB)
Jul  5 23:38:16 node7 kernel: [    0.000000] efi: mem10: type=7, attr=0xf, range=[0x0000000036245000-0x0000000036248000) (0MB)
Jul  5 23:38:16 node7 kernel: [    0.000000] efi: mem11: type=2, attr=0xf, range=[0x0000000036248000-0x000000003711c000) (14MB)
Jul  5 23:38:16 node7 kernel: [    0.000000] efi: mem12: type=7, attr=0xf, range=[0x000000003711c000-0x0000000095c42000) (1515MB)
Jul  5 23:38:16 node7 kernel: [    0.000000] efi: mem13: type=2, attr=0xf, range=[0x0000000095c42000-0x00000000c8e7f000) (818MB)
Jul  5 23:38:16 node7 kernel: [    0.000000] efi: mem14: type=7, attr=0xf, range=[0x00000000c8e7f000-0x00000000c8e85000) (0MB)
Jul  5 23:38:16 node7 kernel: [    0.000000] efi: mem15: type=14, attr=0xf, range=[0x00000000c8e85000-0x00000000c9e85000) (16MB)
Jul  5 23:38:16 node7 kernel: [    0.000000] efi: mem16: type=1, attr=0xf, range=[0x00000000c9e85000-0x00000000c9ea3000) (0MB)
Jul  5 23:38:16 node7 kernel: [    0.000000] efi: mem17: type=7, attr=0xf, range=[0x00000000c9ea3000-0x00000000cc648000) (39MB)
Jul  5 23:38:16 node7 kernel: [    0.000000] efi: mem18: type=4, attr=0xf, range=[0x00000000cc648000-0x00000000cc73f000) (0MB)
Jul  5 23:38:16 node7 kernel: [    0.000000] efi: mem19: type=7, attr=0xf, range=[0x00000000cc73f000-0x00000000cc754000) (0MB)
Jul  5 23:38:16 node7 kernel: [    0.000000] efi: mem20: type=4, attr=0xf, range=[0x00000000cc754000-0x00000000cc7fc000) (0MB)
Jul  5 23:38:16 node7 kernel: [    0.000000] efi: mem21: type=7, attr=0xf, range=[0x00000000cc7fc000-0x00000000cc864000) (0MB)
Jul  5 23:38:16 node7 kernel: [    0.000000] efi: mem22: type=4, attr=0xf, range=[0x00000000cc864000-0x00000000cd18e000) (9MB)
Jul  5 23:38:16 node7 kernel: [    0.000000] efi: mem23: type=7, attr=0xf, range=[0x00000000cd18e000-0x00000000cd18f000) (0MB)
Jul  5 23:38:16 node7 kernel: [    0.000000] efi: mem24: type=4, attr=0xf, range=[0x00000000cd18f000-0x00000000cd191000) (0MB)
Jul  5 23:38:16 node7 kernel: [    0.000000] efi: mem25: type=7, attr=0xf, range=[0x00000000cd191000-0x00000000cd1c4000) (0MB)
Jul  5 23:38:16 node7 kernel: [    0.000000] efi: mem26: type=4, attr=0xf, range=[0x00000000cd1c4000-0x00000000cd1c5000) (0MB)
Jul  5 23:38:16 node7 kernel: [    0.000000] efi: mem27: type=7, attr=0xf, range=[0x00000000cd1c5000-0x00000000cd1c6000) (0MB)
Jul  5 23:38:16 node7 kernel: [    0.000000] efi: mem28: type=4, attr=0xf, range=[0x00000000cd1c6000-0x00000000cd1c7000) (0MB)
Jul  5 23:38:16 node7 kernel: [    0.000000] efi: mem29: type=7, attr=0xf, range=[0x00000000cd1c7000-0x00000000cd281000) (0MB)
Jul  5 23:38:16 node7 kernel: [    0.000000] efi: mem30: type=4, attr=0xf, range=[0x00000000cd281000-0x00000000cd296000) (0MB)
Jul  5 23:38:16 node7 kernel: [    0.000000] efi: mem31: type=7, attr=0xf, range=[0x00000000cd296000-0x00000000cd2e6000) (0MB)
Jul  5 23:38:16 node7 kernel: [    0.000000] efi: mem32: type=4, attr=0xf, range=[0x00000000cd2e6000-0x00000000cd2e7000) (0MB)
Jul  5 23:38:16 node7 kernel: [    0.000000] efi: mem33: type=7, attr=0xf, range=[0x00000000cd2e7000-0x00000000cd33e000) (0MB)
Jul  5 23:38:16 node7 kernel: [    0.000000] efi: mem34: type=4, attr=0xf, range=[0x00000000cd33e000-0x00000000cd3a3000) (0MB)
Jul  5 23:38:16 node7 kernel: [    0.000000] efi: mem35: type=7, attr=0xf, range=[0x00000000cd3a3000-0x00000000cd3a4000) (0MB)
Jul  5 23:38:16 node7 kernel: [    0.000000] efi: mem36: type=4, attr=0xf, range=[0x00000000cd3a4000-0x00000000cd3cd000) (0MB)
Jul  5 23:38:16 node7 kernel: [    0.000000] efi: mem37: type=7, attr=0xf, range=[0x00000000cd3cd000-0x00000000cd3ce000) (0MB)
Jul  5 23:38:16 node7 kernel: [    0.000000] efi: mem38: type=4, attr=0xf, range=[0x00000000cd3ce000-0x00000000cd3d0000) (0MB)
Jul  5 23:38:16 node7 kernel: [    0.000000] efi: mem39: type=7, attr=0xf, range=[0x00000000cd3d0000-0x00000000cd3d2000) (0MB)
Jul  5 23:38:16 node7 kernel: [    0.000000] efi: mem40: type=4, attr=0xf, range=[0x00000000cd3d2000-0x00000000cd3d3000) (0MB)
Jul  5 23:38:16 node7 kernel: [    0.000000] efi: mem41: type=7, attr=0xf, range=[0x00000000cd3d3000-0x00000000cd57d000) (1MB)
Jul  5 23:38:16 node7 kernel: [    0.000000] efi: mem42: type=4, attr=0xf, range=[0x00000000cd57d000-0x00000000cd57e000) (0MB)
Jul  5 23:38:16 node7 kernel: [    0.000000] efi: mem43: type=7, attr=0xf, range=[0x00000000cd57e000-0x00000000cd5de000) (0MB)
Jul  5 23:38:16 node7 kernel: [    0.000000] efi: mem44: type=4, attr=0xf, range=[0x00000000cd5de000-0x00000000cd5df000) (0MB)
Jul  5 23:38:16 node7 kernel: [    0.000000] efi: mem45: type=7, attr=0xf, range=[0x00000000cd5df000-0x00000000cd5e1000) (0MB)
Jul  5 23:38:16 node7 kernel: [    0.000000] efi: mem46: type=4, attr=0xf, range=[0x00000000cd5e1000-0x00000000cd60a000) (0MB)
Jul  5 23:38:16 node7 kernel: [    0.000000] efi: mem47: type=7, attr=0xf, range=[0x00000000cd60a000-0x00000000cd60c000) (0MB)
Jul  5 23:38:16 node7 kernel: [    0.000000] efi: mem48: type=4, attr=0xf, range=[0x00000000cd60c000-0x00000000cd60e000) (0MB)
Jul  5 23:38:16 node7 kernel: [    0.000000] efi: mem49: type=7, attr=0xf, range=[0x00000000cd60e000-0x00000000cd81f000) (2MB)
Jul  5 23:38:16 node7 kernel: [    0.000000] efi: mem50: type=4, attr=0xf, range=[0x00000000cd81f000-0x00000000cd820000) (0MB)
Jul  5 23:38:16 node7 kernel: [    0.000000] efi: mem51: type=7, attr=0xf, range=[0x00000000cd820000-0x00000000cd821000) (0MB)
Jul  5 23:38:16 node7 kernel: [    0.000000] efi: mem52: type=4, attr=0xf, range=[0x00000000cd821000-0x00000000cd84a000) (0MB)
Jul  5 23:38:16 node7 kernel: [    0.000000] efi: mem53: type=7, attr=0xf, range=[0x00000000cd84a000-0x00000000cd84d000) (0MB)
Jul  5 23:38:16 node7 kernel: [    0.000000] efi: mem54: type=4, attr=0xf, range=[0x00000000cd84d000-0x00000000cd84e000) (0MB)
Jul  5 23:38:16 node7 kernel: [    0.000000] efi: mem55: type=7, attr=0xf, range=[0x00000000cd84e000-0x00000000cd850000) (0MB)
Jul  5 23:38:16 node7 kernel: [    0.000000] efi: mem56: type=4, attr=0xf, range=[0x00000000cd850000-0x00000000cd851000) (0MB)
Jul  5 23:38:16 node7 kernel: [    0.000000] efi: mem57: type=7, attr=0xf, range=[0x00000000cd851000-0x00000000cda5f000) (2MB)
Jul  5 23:38:16 node7 kernel: [    0.000000] efi: mem58: type=4, attr=0xf, range=[0x00000000cda5f000-0x00000000cda60000) (0MB)
Jul  5 23:38:16 node7 kernel: [    0.000000] efi: mem59: type=7, attr=0xf, range=[0x00000000cda60000-0x00000000cda62000) (0MB)
Jul  5 23:38:16 node7 kernel: [    0.000000] efi: mem60: type=4, attr=0xf, range=[0x00000000cda62000-0x00000000cda8b000) (0MB)
Jul  5 23:38:16 node7 kernel: [    0.000000] efi: mem61: type=7, attr=0xf, range=[0x00000000cda8b000-0x00000000cda90000) (0MB)
Jul  5 23:38:16 node7 kernel: [    0.000000] efi: mem62: type=4, attr=0xf, range=[0x00000000cda90000-0x00000000cda92000) (0MB)
Jul  5 23:38:16 node7 kernel: [    0.000000] efi: mem63: type=7, attr=0xf, range=[0x00000000cda92000-0x00000000cdad7000) (0MB)
Jul  5 23:38:16 node7 kernel: [    0.000000] efi: mem64: type=4, attr=0xf, range=[0x00000000cdad7000-0x00000000cdad8000) (0MB)
Jul  5 23:38:16 node7 kernel: [    0.000000] efi: mem65: type=7, attr=0xf, range=[0x00000000cdad8000-0x00000000cdca1000) (1MB)
Jul  5 23:38:16 node7 kernel: [    0.000000] efi: mem66: type=4, attr=0xf, range=[0x00000000cdca1000-0x00000000cdca2000) (0MB)
Jul  5 23:38:16 node7 kernel: [    0.000000] efi: mem67: type=7, attr=0xf, range=[0x00000000cdca2000-0x00000000cdca5000) (0MB)
Jul  5 23:38:16 node7 kernel: [    0.000000] efi: mem68: type=4, attr=0xf, range=[0x00000000cdca5000-0x00000000cdcce000) (0MB)
Jul  5 23:38:16 node7 kernel: [    0.000000] efi: mem69: type=7, attr=0xf, range=[0x00000000cdcce000-0x00000000cdccf000) (0MB)
Jul  5 23:38:16 node7 kernel: [    0.000000] efi: mem70: type=4, attr=0xf, range=[0x00000000cdccf000-0x00000000cdcd0000) (0MB)
Jul  5 23:38:16 node7 kernel: [    0.000000] efi: mem71: type=7, attr=0xf, range=[0x00000000cdcd0000-0x00000000cdcd6000) (0MB)
Jul  5 23:38:16 node7 kernel: [    0.000000] efi: mem72: type=4, attr=0xf, range=[0x00000000cdcd6000-0x00000000cdcd7000) (0MB)
Jul  5 23:38:16 node7 kernel: [    0.000000] efi: mem73: type=7, attr=0xf, range=[0x00000000cdcd7000-0x00000000cdef5000) (2MB)
Jul  5 23:38:16 node7 kernel: [    0.000000] efi: mem74: type=4, attr=0xf, range=[0x00000000cdef5000-0x00000000cdef6000) (0MB)
Jul  5 23:38:16 node7 kernel: [    0.000000] efi: mem75: type=7, attr=0xf, range=[0x00000000cdef6000-0x00000000cdef9000) (0MB)
Jul  5 23:38:16 node7 kernel: [    0.000000] efi: mem76: type=4, attr=0xf, range=[0x00000000cdef9000-0x00000000cdf22000) (0MB)
Jul  5 23:38:16 node7 kernel: [    0.000000] efi: mem77: type=7, attr=0xf, range=[0x00000000cdf22000-0x00000000cdfc6000) (0MB)
Jul  5 23:38:16 node7 kernel: [    0.000000] efi: mem78: type=4, attr=0xf, range=[0x00000000cdfc6000-0x00000000ce077000) (0MB)
Jul  5 23:38:16 node7 kernel: [    0.000000] efi: mem79: type=7, attr=0xf, range=[0x00000000ce077000-0x00000000ce099000) (0MB)
Jul  5 23:38:16 node7 kernel: [    0.000000] efi: mem80: type=4, attr=0xf, range=[0x00000000ce099000-0x00000000ce20a000) (1MB)
Jul  5 23:38:16 node7 kernel: [    0.000000] efi: mem81: type=7, attr=0xf, range=[0x00000000ce20a000-0x00000000ce22a000) (0MB)
Jul  5 23:38:16 node7 kernel: [    0.000000] efi: mem82: type=4, attr=0xf, range=[0x00000000ce22a000-0x00000000ce27d000) (0MB)
Jul  5 23:38:16 node7 kernel: [    0.000000] efi: mem83: type=7, attr=0xf, range=[0x00000000ce27d000-0x00000000ce29b000) (0MB)
Jul  5 23:38:16 node7 kernel: [    0.000000] efi: mem84: type=4, attr=0xf, range=[0x00000000ce29b000-0x00000000ce2ab000) (0MB)
Jul  5 23:38:16 node7 kernel: [    0.000000] efi: mem85: type=7, attr=0xf, range=[0x00000000ce2ab000-0x00000000ce2b2000) (0MB)
Jul  5 23:38:16 node7 kernel: [    0.000000] efi: mem86: type=4, attr=0xf, range=[0x00000000ce2b2000-0x00000000ce546000) (2MB)
Jul  5 23:38:16 node7 kernel: [    0.000000] efi: mem87: type=7, attr=0xf, range=[0x00000000ce546000-0x00000000ce54a000) (0MB)
Jul  5 23:38:16 node7 kernel: [    0.000000] efi: mem88: type=4, attr=0xf, range=[0x00000000ce54a000-0x00000000da029000) (186MB)
Jul  5 23:38:16 node7 kernel: [    0.000000] efi: mem89: type=7, attr=0xf, range=[0x00000000da029000-0x00000000da76d000) (7MB)
Jul  5 23:38:16 node7 kernel: [    0.000000] efi: mem90: type=2, attr=0xf, range=[0x00000000da76d000-0x00000000da771000) (0MB)
Jul  5 23:38:16 node7 kernel: [    0.000000] efi: mem91: type=3, attr=0xf, range=[0x00000000da771000-0x00000000db574000) (14MB)
Jul  5 23:38:16 node7 kernel: [    0.000000] efi: mem92: type=0, attr=0xf, range=[0x00000000db574000-0x00000000db60d000) (0MB)
Jul  5 23:38:16 node7 kernel: [    0.000000] efi: mem93: type=0, attr=0xf, range=[0x00000000db60d000-0x00000000db871000) (2MB)
Jul  5 23:38:16 node7 kernel: [    0.000000] efi: mem94: type=9, attr=0xf, range=[0x00000000db871000-0x00000000db890000) (0MB)
Jul  5 23:38:16 node7 kernel: [    0.000000] efi: mem95: type=9, attr=0xf, range=[0x00000000db890000-0x00000000db90d000) (0MB)
Jul  5 23:38:16 node7 kernel: [    0.000000] efi: mem96: type=10, attr=0xf, range=[0x00000000db90d000-0x00000000db9da000) (0MB)
Jul  5 23:38:16 node7 kernel: [    0.000000] efi: mem97: type=10, attr=0xf, range=[0x00000000db9da000-0x00000000dba82000) (0MB)
Jul  5 23:38:16 node7 kernel: [    0.000000] efi: mem98: type=6, attr=0x800000000000000f, range=[0x00000000dba82000-0x00000000dbaa6000) (0MB)
Jul  5 23:38:16 node7 kernel: [    0.000000] efi: mem99: type=6, attr=0x800000000000000f, range=[0x00000000dbaa6000-0x00000000dbb38000) (0MB)
Jul  5 23:38:16 node7 kernel: [    0.000000] efi: mem100: type=6, attr=0x800000000000000f, range=[0x00000000dbb38000-0x00000000dbb3b000) (0MB)
Jul  5 23:38:16 node7 kernel: [    0.000000] efi: mem101: type=6, attr=0x800000000000000f, range=[0x00000000dbb3b000-0x00000000dbb46000) (0MB)
Jul  5 23:38:16 node7 kernel: [    0.000000] efi: mem102: type=5, attr=0x800000000000000f, range=[0x00000000dbb46000-0x00000000dbb4f000) (0MB)
Jul  5 23:38:16 node7 kernel: [    0.000000] efi: mem103: type=5, attr=0x800000000000000f, range=[0x00000000dbb4f000-0x00000000dbb73000) (0MB)
Jul  5 23:38:16 node7 kernel: [    0.000000] efi: mem104: type=4, attr=0xf, range=[0x00000000dbb73000-0x00000000dbb74000) (0MB)
Jul  5 23:38:16 node7 kernel: [    0.000000] efi: mem105: type=10, attr=0xf, range=[0x00000000dbb74000-0x00000000dbbf7000) (0MB)
Jul  5 23:38:16 node7 kernel: [    0.000000] efi: mem106: type=4, attr=0xf, range=[0x00000000dbbf7000-0x00000000dbd42000) (1MB)
Jul  5 23:38:16 node7 kernel: [    0.000000] efi: mem107: type=3, attr=0xf, range=[0x00000000dbd42000-0x00000000dbfda000) (2MB)
Jul  5 23:38:16 node7 kernel: [    0.000000] efi: mem108: type=4, attr=0xf, range=[0x00000000dbfda000-0x00000000dbfdf000) (0MB)
Jul  5 23:38:16 node7 kernel: [    0.000000] efi: mem109: type=3, attr=0xf, range=[0x00000000dbfdf000-0x00000000dbfe5000) (0MB)
Jul  5 23:38:16 node7 kernel: [    0.000000] efi: mem110: type=4, attr=0xf, range=[0x00000000dbfe5000-0x00000000dc000000) (0MB)
Jul  5 23:38:16 node7 kernel: [    0.000000] efi: mem111: type=7, attr=0xf, range=[0x0000000100000000-0x0000000120000000) (512MB)
Jul  5 23:38:16 node7 kernel: [    0.000000] efi: mem112: type=11, attr=0x8000000000000001, range=[0x00000000f0000000-0x00000000f8000000) (128MB)
Jul  5 23:38:16 node7 kernel: [    0.000000] efi: mem113: type=11, attr=0x8000000000000001, range=[0x00000000fed1c000-0x00000000fed20000) (0MB)
Jul  5 23:38:16 node7 kernel: [    0.000000] efi: mem114: type=11, attr=0x8000000000000001, range=[0x00000000ff000000-0x0000000100000000) (16MB)
Jul  5 23:38:16 node7 kernel: [    0.000000] DMI 2.7 present.
Jul  5 23:38:16 node7 kernel: [    0.000000] DMI: Hewlett-Packard HP Z420 Workstation/1589, BIOS J61 v02.08 10/17/2012
Jul  5 23:38:16 node7 kernel: [    0.000000] e820: update [mem 0x00000000-0x0000ffff] usable ==> reserved
Jul  5 23:38:16 node7 kernel: [    0.000000] e820: remove [mem 0x000a0000-0x000fffff] usable
Jul  5 23:38:16 node7 kernel: [    0.000000] No AGP bridge found
Jul  5 23:38:16 node7 kernel: [    0.000000] e820: last_pfn = 0x120000 max_arch_pfn = 0x400000000
Jul  5 23:38:16 node7 kernel: [    0.000000] MTRR default type: write-back
Jul  5 23:38:16 node7 kernel: [    0.000000] MTRR fixed ranges enabled:
Jul  5 23:38:16 node7 kernel: [    0.000000]   00000-9FFFF write-back
Jul  5 23:38:16 node7 kernel: [    0.000000]   A0000-BFFFF uncachable
Jul  5 23:38:16 node7 kernel: [    0.000000]   C0000-DBFFF write-protect
Jul  5 23:38:16 node7 kernel: [    0.000000]   DC000-DFFFF uncachable
Jul  5 23:38:16 node7 kernel: [    0.000000]   E0000-FFFFF write-protect
Jul  5 23:38:16 node7 kernel: [    0.000000] MTRR variable ranges enabled:
Jul  5 23:38:16 node7 kernel: [    0.000000]   0 base 0000DC000000 mask 3FFFFC000000 uncachable
Jul  5 23:38:16 node7 kernel: [    0.000000]   1 base 0000E0000000 mask 3FFFE0000000 uncachable
Jul  5 23:38:16 node7 kernel: [    0.000000]   2 base 000120000000 mask 3FFFE0000000 uncachable
Jul  5 23:38:16 node7 kernel: [    0.000000]   3 disabled
Jul  5 23:38:16 node7 kernel: [    0.000000]   4 disabled
Jul  5 23:38:16 node7 kernel: [    0.000000]   5 disabled
Jul  5 23:38:16 node7 kernel: [    0.000000]   6 disabled
Jul  5 23:38:16 node7 kernel: [    0.000000]   7 disabled
Jul  5 23:38:16 node7 kernel: [    0.000000]   8 disabled
Jul  5 23:38:16 node7 kernel: [    0.000000]   9 disabled
Jul  5 23:38:16 node7 kernel: [    0.000000] x86 PAT enabled: cpu 0, old 0x7040600070406, new 0x7010600070106
Jul  5 23:38:16 node7 kernel: [    0.000000] e820: last_pfn = 0xdc000 max_arch_pfn = 0x400000000
Jul  5 23:38:16 node7 kernel: [    0.000000] found SMP MP-table at [mem 0x000f4bc0-0x000f4bcf] mapped at [ffff8800000f4bc0]
Jul  5 23:38:16 node7 kernel: [    0.000000] initial memory mapped: [mem 0x00000000-0x1fffffff]
Jul  5 23:38:16 node7 kernel: [    0.000000] Base memory trampoline at [ffff880000090000] 90000 size 24576
Jul  5 23:38:16 node7 kernel: [    0.000000] Using GB pages for direct mapping
Jul  5 23:38:16 node7 kernel: [    0.000000] init_memory_mapping: [mem 0x00000000-0xdbffffff]
Jul  5 23:38:16 node7 kernel: [    0.000000]  [mem 0x00000000-0xbfffffff] page 1G
Jul  5 23:38:16 node7 kernel: [    0.000000]  [mem 0xc0000000-0xdbffffff] page 2M
Jul  5 23:38:16 node7 kernel: [    0.000000] kernel direct mapping tables up to 0xdbffffff @ [mem 0x1fffe000-0x1fffffff]
Jul  5 23:38:16 node7 kernel: [    0.000000] init_memory_mapping: [mem 0x100000000-0x11fffffff]
Jul  5 23:38:16 node7 kernel: [    0.000000]  [mem 0x100000000-0x11fffffff] page 2M
Jul  5 23:38:16 node7 kernel: [    0.000000] kernel direct mapping tables up to 0x11fffffff @ [mem 0xda76f000-0xda770fff]
Jul  5 23:38:16 node7 kernel: [    0.000000] RAMDISK: [mem 0x36248000-0x3711bfff]
Jul  5 23:38:16 node7 kernel: [    0.000000] ACPI: RSDP 00000000db890000 00024 (v02 HPQOEM)
Jul  5 23:38:16 node7 kernel: [    0.000000] ACPI: XSDT 00000000db890078 0006C (v01 HPQOEM SLIC-WKS 01072009 AMI  00010013)
Jul  5 23:38:16 node7 kernel: [    0.000000] ACPI: FACP 00000000db897048 000F4 (v04 HPQOEM SLIC-WKS 01072009 AMI  00010013)
Jul  5 23:38:16 node7 kernel: [    0.000000] ACPI: DSDT 00000000db890170 06ED6 (v02 HPQOEM SLIC-WKS 00000208 INTL 20051117)
Jul  5 23:38:16 node7 kernel: [    0.000000] ACPI: FACS 00000000dba7ff80 00040
Jul  5 23:38:16 node7 kernel: [    0.000000] ACPI: APIC 00000000db897140 000C8 (v03 HPQOEM SLIC-WKS 01072009 AMI  00010013)
Jul  5 23:38:16 node7 kernel: [    0.000000] ACPI: MCFG 00000000db897208 0003C (v01 HPQOEM OEMMCFG. 01072009 MSFT 00000097)
Jul  5 23:38:16 node7 kernel: [    0.000000] ACPI: HPET 00000000db897248 00038 (v01 HPQOEM SLIC-WKS 01072009 AMI. 00000005)
Jul  5 23:38:16 node7 kernel: [    0.000000] ACPI: SSDT 00000000db897280 05913 (v01 COMPAQ      WMI 00000001 MSFT 03000001)
Jul  5 23:38:16 node7 kernel: [    0.000000] ACPI: SLIC 00000000db89cb98 00176 (v01 HPQOEM SLIC-WKS 00000001      00000000)
Jul  5 23:38:16 node7 kernel: [    0.000000] ACPI: SSDT 00000000db89cd10 017C9 (v02 HPQOEM   CpuDef 00004000 INTL 20051117)
Jul  5 23:38:16 node7 kernel: [    0.000000] ACPI: SSDT 00000000db89e4e0 6E284 (v02  INTEL    CpuPm 00004000 INTL 20051117)
Jul  5 23:38:16 node7 kernel: [    0.000000] ACPI: ASF! 00000000db90c768 000A5 (v32 INTEL       HCG 00000001 TFSM 000F4240)
Jul  5 23:38:16 node7 kernel: [    0.000000] ACPI: Local APIC address 0xfee00000
Jul  5 23:38:16 node7 kernel: [    0.000000] No NUMA configuration found
Jul  5 23:38:16 node7 kernel: [    0.000000] Faking a node at [mem 0x0000000000000000-0x000000011fffffff]
Jul  5 23:38:16 node7 kernel: [    0.000000] Initmem setup node 0 [mem 0x00000000-0x11fffffff]
Jul  5 23:38:16 node7 kernel: [    0.000000]   NODE_DATA [mem 0x11fffc000-0x11fffffff]
Jul  5 23:38:16 node7 kernel: [    0.000000]  [ffffea0000000000-ffffea00047fffff] PMD -> [ffff88011b600000-ffff88011f5fffff] on node 0
Jul  5 23:38:16 node7 kernel: [    0.000000] Zone ranges:
Jul  5 23:38:16 node7 kernel: [    0.000000]   DMA      [mem 0x00010000-0x00ffffff]
Jul  5 23:38:16 node7 kernel: [    0.000000]   DMA32    [mem 0x01000000-0xffffffff]
Jul  5 23:38:16 node7 kernel: [    0.000000]   Normal   [mem 0x100000000-0x11fffffff]
Jul  5 23:38:16 node7 kernel: [    0.000000] Movable zone start for each node
Jul  5 23:38:16 node7 kernel: [    0.000000] Early memory node ranges
Jul  5 23:38:16 node7 kernel: [    0.000000]   node   0: [mem 0x00010000-0x0009ffff]
Jul  5 23:38:16 node7 kernel: [    0.000000]   node   0: [mem 0x00100000-0xc8e84fff]
Jul  5 23:38:16 node7 kernel: [    0.000000]   node   0: [mem 0xc9e85000-0xdb573fff]
Jul  5 23:38:16 node7 kernel: [    0.000000]   node   0: [mem 0xdbb73000-0xdbb73fff]
Jul  5 23:38:16 node7 kernel: [    0.000000]   node   0: [mem 0xdbbf7000-0xdbffffff]
Jul  5 23:38:16 node7 kernel: [    0.000000]   node   0: [mem 0x100000000-0x11fffffff]
Jul  5 23:38:16 node7 kernel: [    0.000000] On node 0 totalpages: 1026318
Jul  5 23:38:16 node7 kernel: [    0.000000]   DMA zone: 64 pages used for memmap
Jul  5 23:38:16 node7 kernel: [    0.000000]   DMA zone: 49 pages reserved
Jul  5 23:38:16 node7 kernel: [    0.000000]   DMA zone: 3871 pages, LIFO batch:0
Jul  5 23:38:16 node7 kernel: [    0.000000]   DMA32 zone: 16320 pages used for memmap
Jul  5 23:38:16 node7 kernel: [    0.000000]   DMA32 zone: 874942 pages, LIFO batch:31
Jul  5 23:38:16 node7 kernel: [    0.000000]   Normal zone: 2048 pages used for memmap
Jul  5 23:38:16 node7 kernel: [    0.000000]   Normal zone: 129024 pages, LIFO batch:31
Jul  5 23:38:16 node7 kernel: [    0.000000] ACPI: PM-Timer IO Port: 0x408
Jul  5 23:38:16 node7 kernel: [    0.000000] ACPI: Local APIC address 0xfee00000
Jul  5 23:38:16 node7 kernel: [    0.000000] ACPI: LAPIC (acpi_id[0x00] lapic_id[0x00] enabled)
Jul  5 23:38:16 node7 kernel: [    0.000000] ACPI: LAPIC (acpi_id[0x02] lapic_id[0x02] enabled)
Jul  5 23:38:16 node7 kernel: [    0.000000] ACPI: LAPIC (acpi_id[0x04] lapic_id[0x04] enabled)
Jul  5 23:38:16 node7 kernel: [    0.000000] ACPI: LAPIC (acpi_id[0x06] lapic_id[0x06] enabled)
Jul  5 23:38:16 node7 kernel: [    0.000000] ACPI: LAPIC (acpi_id[0x01] lapic_id[0x01] enabled)
Jul  5 23:38:16 node7 kernel: [    0.000000] ACPI: LAPIC (acpi_id[0x03] lapic_id[0x03] enabled)
Jul  5 23:38:16 node7 kernel: [    0.000000] ACPI: LAPIC (acpi_id[0x05] lapic_id[0x05] enabled)
Jul  5 23:38:16 node7 kernel: [    0.000000] ACPI: LAPIC (acpi_id[0x07] lapic_id[0x07] enabled)
Jul  5 23:38:16 node7 kernel: [    0.000000] ACPI: LAPIC_NMI (acpi_id[0x00] high edge lint[0x1])
Jul  5 23:38:16 node7 kernel: [    0.000000] ACPI: LAPIC_NMI (acpi_id[0x02] high edge lint[0x1])
Jul  5 23:38:16 node7 kernel: [    0.000000] ACPI: LAPIC_NMI (acpi_id[0x04] high edge lint[0x1])
Jul  5 23:38:16 node7 kernel: [    0.000000] ACPI: LAPIC_NMI (acpi_id[0x06] high edge lint[0x1])
Jul  5 23:38:16 node7 kernel: [    0.000000] ACPI: LAPIC_NMI (acpi_id[0x01] high edge lint[0x1])
Jul  5 23:38:16 node7 kernel: [    0.000000] ACPI: LAPIC_NMI (acpi_id[0x03] high edge lint[0x1])
Jul  5 23:38:16 node7 kernel: [    0.000000] ACPI: LAPIC_NMI (acpi_id[0x05] high edge lint[0x1])
Jul  5 23:38:16 node7 kernel: [    0.000000] ACPI: LAPIC_NMI (acpi_id[0x07] high edge lint[0x1])
Jul  5 23:38:16 node7 kernel: [    0.000000] ACPI: IOAPIC (id[0x00] address[0xfec00000] gsi_base[0])
Jul  5 23:38:16 node7 kernel: [    0.000000] IOAPIC[0]: apic_id 0, version 32, address 0xfec00000, GSI 0-23
Jul  5 23:38:16 node7 kernel: [    0.000000] ACPI: IOAPIC (id[0x02] address[0xfec01000] gsi_base[24])
Jul  5 23:38:16 node7 kernel: [    0.000000] IOAPIC[1]: apic_id 2, version 32, address 0xfec01000, GSI 24-47
Jul  5 23:38:16 node7 kernel: [    0.000000] ACPI: INT_SRC_OVR (bus 0 bus_irq 0 global_irq 2 dfl dfl)
Jul  5 23:38:16 node7 kernel: [    0.000000] ACPI: INT_SRC_OVR (bus 0 bus_irq 9 global_irq 9 high level)
Jul  5 23:38:16 node7 kernel: [    0.000000] ACPI: IRQ0 used by override.
Jul  5 23:38:16 node7 kernel: [    0.000000] ACPI: IRQ2 used by override.
Jul  5 23:38:16 node7 kernel: [    0.000000] ACPI: IRQ9 used by override.
Jul  5 23:38:16 node7 kernel: [    0.000000] Using ACPI (MADT) for SMP configuration information
Jul  5 23:38:16 node7 kernel: [    0.000000] ACPI: HPET id: 0x8086a701 base: 0xfed00000
Jul  5 23:38:16 node7 kernel: [    0.000000] SMP: Allowing 8 CPUs, 0 hotplug CPUs
Jul  5 23:38:16 node7 kernel: [    0.000000] nr_irqs_gsi: 64
Jul  5 23:38:16 node7 kernel: [    0.000000] PM: Registered nosave memory: 00000000000a0000 - 0000000000100000
Jul  5 23:38:16 node7 kernel: [    0.000000] PM: Registered nosave memory: 00000000c8e85000 - 00000000c9e85000
Jul  5 23:38:16 node7 kernel: [    0.000000] PM: Registered nosave memory: 00000000db574000 - 00000000db871000
Jul  5 23:38:16 node7 kernel: [    0.000000] PM: Registered nosave memory: 00000000db871000 - 00000000db90d000
Jul  5 23:38:16 node7 kernel: [    0.000000] PM: Registered nosave memory: 00000000db90d000 - 00000000dba82000
Jul  5 23:38:16 node7 kernel: [    0.000000] PM: Registered nosave memory: 00000000dba82000 - 00000000dbb73000
Jul  5 23:38:16 node7 kernel: [    0.000000] PM: Registered nosave memory: 00000000dbb74000 - 00000000dbbf7000
Jul  5 23:38:16 node7 kernel: [    0.000000] PM: Registered nosave memory: 00000000dc000000 - 00000000f0000000
Jul  5 23:38:16 node7 kernel: [    0.000000] PM: Registered nosave memory: 00000000f0000000 - 00000000f8000000
Jul  5 23:38:16 node7 kernel: [    0.000000] PM: Registered nosave memory: 00000000f8000000 - 00000000fed1c000
Jul  5 23:38:16 node7 kernel: [    0.000000] PM: Registered nosave memory: 00000000fed1c000 - 00000000fed20000
Jul  5 23:38:16 node7 kernel: [    0.000000] PM: Registered nosave memory: 00000000fed20000 - 00000000ff000000
Jul  5 23:38:16 node7 kernel: [    0.000000] PM: Registered nosave memory: 00000000ff000000 - 0000000100000000
Jul  5 23:38:16 node7 kernel: [    0.000000] e820: [mem 0xdc000000-0xefffffff] available for PCI devices
Jul  5 23:38:16 node7 kernel: [    0.000000] Booting paravirtualized kernel on bare hardware
Jul  5 23:38:16 node7 kernel: [    0.000000] setup_percpu: NR_CPUS:256 nr_cpumask_bits:256 nr_cpu_ids:8 nr_node_ids:1
Jul  5 23:38:16 node7 kernel: [    0.000000] PERCPU: Embedded 28 pages/cpu @ffff88011fc00000 s83584 r8192 d22912 u262144
Jul  5 23:38:16 node7 kernel: [    0.000000] pcpu-alloc: s83584 r8192 d22912 u262144 alloc=1*2097152
Jul  5 23:38:16 node7 kernel: [    0.000000] pcpu-alloc: [0] 0 1 2 3 4 5 6 7 
Jul  5 23:38:16 node7 kernel: [    0.000000] Built 1 zonelists in Node order, mobility grouping on.  Total pages: 1007837
Jul  5 23:38:16 node7 kernel: [    0.000000] Policy zone: Normal
Jul  5 23:38:16 node7 kernel: [    0.000000] Kernel command line: BOOT_IMAGE=/boot/vmlinuz-3.5.0-23-generic root=UUID=0f81f3d1-4b7a-4d21-a2d2-5c25f323c06a ro quiet splash vt.handoff=7
Jul  5 23:38:16 node7 kernel: [    0.000000] PID hash table entries: 4096 (order: 3, 32768 bytes)
Jul  5 23:38:16 node7 kernel: [    0.000000] __ex_table already sorted, skipping sort
Jul  5 23:38:16 node7 kernel: [    0.000000] xsave/xrstor: enabled xstate_bv 0x7, cntxt size 0x340
Jul  5 23:38:16 node7 kernel: [    0.000000] Checking aperture...
Jul  5 23:38:16 node7 kernel: [    0.000000] No AGP bridge found
Jul  5 23:38:16 node7 kernel: [    0.000000] Calgary: detecting Calgary via BIOS EBDA area
Jul  5 23:38:16 node7 kernel: [    0.000000] Calgary: Unable to locate Rio Grande table in EBDA - bailing!
Jul  5 23:38:16 node7 kernel: [    0.000000] Memory: 3713884k/4718592k available (6828k kernel code, 613320k absent, 391388k reserved, 6342k data, 948k init)
Jul  5 23:38:16 node7 kernel: [    0.000000] SLUB: Genslabs=15, HWalign=64, Order=0-3, MinObjects=0, CPUs=8, Nodes=1
Jul  5 23:38:16 node7 kernel: [    0.000000] Hierarchical RCU implementation.
Jul  5 23:38:16 node7 kernel: [    0.000000] 	RCU dyntick-idle grace-period acceleration is enabled.
Jul  5 23:38:16 node7 kernel: [    0.000000] NR_IRQS:16640 nr_irqs:1152 16
Jul  5 23:38:16 node7 kernel: [    0.000000] Extended CMOS year: 2000
Jul  5 23:38:16 node7 kernel: [    0.000000] vt handoff: transparent VT on vt#7
Jul  5 23:38:16 node7 kernel: [    0.000000] Console: colour dummy device 80x25
Jul  5 23:38:16 node7 kernel: [    0.000000] console [tty0] enabled
Jul  5 23:38:16 node7 kernel: [    0.000000] allocated 16777216 bytes of page_cgroup
Jul  5 23:38:16 node7 kernel: [    0.000000] please try 'cgroup_disable=memory' option if you don't want memory cgroups
Jul  5 23:38:16 node7 kernel: [    0.000000] hpet clockevent registered
Jul  5 23:38:16 node7 kernel: [    0.000000] Fast TSC calibration using PIT
Jul  5 23:38:16 node7 kernel: [    0.004000] Detected 3590.786 MHz processor.
Jul  5 23:38:16 node7 kernel: [    0.000002] Calibrating delay loop (skipped), value calculated using timer frequency.. 7181.57 BogoMIPS (lpj=14363144)
Jul  5 23:38:16 node7 kernel: [    0.000004] pid_max: default: 32768 minimum: 301
Jul  5 23:38:16 node7 kernel: [    0.011615] Security Framework initialized
Jul  5 23:38:16 node7 kernel: [    0.011624] AppArmor: AppArmor initialized
Jul  5 23:38:16 node7 kernel: [    0.011625] Yama: becoming mindful.
Jul  5 23:38:16 node7 kernel: [    0.011816] Dentry cache hash table entries: 524288 (order: 10, 4194304 bytes)
Jul  5 23:38:16 node7 kernel: [    0.012397] Inode-cache hash table entries: 262144 (order: 9, 2097152 bytes)
Jul  5 23:38:16 node7 kernel: [    0.012643] Mount-cache hash table entries: 256
Jul  5 23:38:16 node7 kernel: [    0.012753] Initializing cgroup subsys cpuacct
Jul  5 23:38:16 node7 kernel: [    0.012755] Initializing cgroup subsys memory
Jul  5 23:38:16 node7 kernel: [    0.012760] Initializing cgroup subsys devices
Jul  5 23:38:16 node7 kernel: [    0.012761] Initializing cgroup subsys freezer
Jul  5 23:38:16 node7 kernel: [    0.012761] Initializing cgroup subsys blkio
Jul  5 23:38:16 node7 kernel: [    0.012762] Initializing cgroup subsys perf_event
Jul  5 23:38:16 node7 kernel: [    0.012780] CPU: Physical Processor ID: 0
Jul  5 23:38:16 node7 kernel: [    0.012781] CPU: Processor Core ID: 0
Jul  5 23:38:16 node7 kernel: [    0.012784] ENERGY_PERF_BIAS: Set to 'normal', was 'performance'
Jul  5 23:38:16 node7 kernel: [    0.012784] ENERGY_PERF_BIAS: View and update with x86_energy_perf_policy(8)
Jul  5 23:38:16 node7 kernel: [    0.012786] mce: CPU supports 16 MCE banks
Jul  5 23:38:16 node7 kernel: [    0.012803] CPU0: Thermal monitoring enabled (TM1)
Jul  5 23:38:16 node7 kernel: [    0.012815] using mwait in idle threads.
Jul  5 23:38:16 node7 kernel: [    0.014540] ACPI: Core revision 20120320
Jul  5 23:38:16 node7 kernel: [    0.029201] ftrace: allocating 27653 entries in 109 pages
Jul  5 23:38:16 node7 kernel: [    0.039226] ..TIMER: vector=0x30 apic1=0 pin1=2 apic2=-1 pin2=-1
Jul  5 23:38:16 node7 kernel: [    0.078885] CPU0: Intel(R) Xeon(R) CPU E5-1620 0 @ 3.60GHz stepping 07
Jul  5 23:38:16 node7 kernel: [    0.185346] Performance Events: PEBS fmt1+, 16-deep LBR, SandyBridge events, Intel PMU driver.
Jul  5 23:38:16 node7 kernel: [    0.185350] PEBS disabled due to CPU errata.
Jul  5 23:38:16 node7 kernel: [    0.185351] ... version:                3
Jul  5 23:38:16 node7 kernel: [    0.185352] ... bit width:              48
Jul  5 23:38:16 node7 kernel: [    0.185352] ... generic registers:      4
Jul  5 23:38:16 node7 kernel: [    0.185353] ... value mask:             0000ffffffffffff
Jul  5 23:38:16 node7 kernel: [    0.185354] ... max period:             000000007fffffff
Jul  5 23:38:16 node7 kernel: [    0.185354] ... fixed-purpose events:   3
Jul  5 23:38:16 node7 kernel: [    0.185355] ... event mask:             000000070000000f
Jul  5 23:38:16 node7 kernel: [    0.185470] NMI watchdog: enabled on all CPUs, permanently consumes one hw-PMU counter.
Jul  5 23:38:16 node7 kernel: [    0.185531] Booting Node   0, Processors  #1 #2 #3 #4 #5 #6 #7 Ok.
Jul  5 23:38:16 node7 kernel: [    0.277806] Brought up 8 CPUs
Jul  5 23:38:16 node7 kernel: [    0.277809] Total of 8 processors activated (57452.57 BogoMIPS).
Jul  5 23:38:16 node7 kernel: [    0.285295] devtmpfs: initialized
Jul  5 23:38:16 node7 kernel: [    0.285842] EVM: security.selinux
Jul  5 23:38:16 node7 kernel: [    0.285843] EVM: security.SMACK64
Jul  5 23:38:16 node7 kernel: [    0.285843] EVM: security.capability
Jul  5 23:38:16 node7 kernel: [    0.285869] PM: Registering ACPI NVS region [mem 0xdb90d000-0xdba81fff] (1527808 bytes)
Jul  5 23:38:16 node7 kernel: [    0.285884] PM: Registering ACPI NVS region [mem 0xdbb74000-0xdbbf6fff] (536576 bytes)
Jul  5 23:38:16 node7 kernel: [    0.286345] dummy: 
Jul  5 23:38:16 node7 kernel: [    0.286371] RTC time: 16:38:04, date: 07/05/13
Jul  5 23:38:16 node7 kernel: [    0.286392] NET: Registered protocol family 16
Jul  5 23:38:16 node7 kernel: [    0.286454] Trying to unpack rootfs image as initramfs...
Jul  5 23:38:16 node7 kernel: [    0.286490] ACPI FADT declares the system doesn't support PCIe ASPM, so disable it
Jul  5 23:38:16 node7 kernel: [    0.286491] ACPI: bus type pci registered
Jul  5 23:38:16 node7 kernel: [    0.286524] PCI: MMCONFIG for domain 0000 [bus 00-7f] at [mem 0xf0000000-0xf7ffffff] (base 0xf0000000)
Jul  5 23:38:16 node7 kernel: [    0.286525] PCI: MMCONFIG at [mem 0xf0000000-0xf7ffffff] reserved in E820
Jul  5 23:38:16 node7 kernel: [    0.294352] PCI: Using configuration type 1 for base access
Jul  5 23:38:16 node7 kernel: [    0.294923] bio: create slab <bio-0> at 0
Jul  5 23:38:16 node7 kernel: [    0.294969] ACPI: Added _OSI(Module Device)
Jul  5 23:38:16 node7 kernel: [    0.294971] ACPI: Added _OSI(Processor Device)
Jul  5 23:38:16 node7 kernel: [    0.294972] ACPI: Added _OSI(3.0 _SCP Extensions)
Jul  5 23:38:16 node7 kernel: [    0.294973] ACPI: Added _OSI(Processor Aggregator Device)
Jul  5 23:38:16 node7 kernel: [    0.298220] ACPI: EC: Look up EC in DSDT
Jul  5 23:38:16 node7 kernel: [    0.301506] ACPI: Executed 1 blocks of module-level executable AML code
Jul  5 23:38:16 node7 kernel: [    0.350071] ACPI: Interpreter enabled
Jul  5 23:38:16 node7 kernel: [    0.350075] ACPI: (supports S0 S3 S4 S5)
Jul  5 23:38:16 node7 kernel: [    0.350087] ACPI: Using IOAPIC for interrupt routing
Jul  5 23:38:16 node7 kernel: [    0.350560] [Firmware Bug]: ACPI: BIOS _OSI(Linux) query ignored
Jul  5 23:38:16 node7 kernel: [    0.353308] ACPI: No dock devices found.
Jul  5 23:38:16 node7 kernel: [    0.353311] PCI: Using host bridge windows from ACPI; if necessary, use "pci=nocrs" and report a bug
Jul  5 23:38:16 node7 kernel: [    0.353452] ACPI: PCI Root Bridge [PCI0] (domain 0000 [bus 00-3f])
Jul  5 23:38:16 node7 kernel: [    0.353617] pci_root PNP0A08:00: host bridge window [io  0x0000-0x03af]
Jul  5 23:38:16 node7 kernel: [    0.353619] pci_root PNP0A08:00: host bridge window [io  0x03e0-0x0cf7]
Jul  5 23:38:16 node7 kernel: [    0.353620] pci_root PNP0A08:00: host bridge window [io  0x03b0-0x03df]
Jul  5 23:38:16 node7 kernel: [    0.353621] pci_root PNP0A08:00: host bridge window [io  0x0d00-0xffff]
Jul  5 23:38:16 node7 kernel: [    0.353622] pci_root PNP0A08:00: host bridge window [mem 0x000a0000-0x000bffff]
Jul  5 23:38:16 node7 kernel: [    0.353623] pci_root PNP0A08:00: host bridge window [mem 0x000c0000-0x000dffff]
Jul  5 23:38:16 node7 kernel: [    0.353624] pci_root PNP0A08:00: host bridge window [mem 0xe0000000-0xefffffff]
Jul  5 23:38:16 node7 kernel: [    0.353642] PCI host bridge to bus 0000:00
Jul  5 23:38:16 node7 kernel: [    0.353643] pci_bus 0000:00: root bus resource [io  0x0000-0x03af]
Jul  5 23:38:16 node7 kernel: [    0.353645] pci_bus 0000:00: root bus resource [io  0x03e0-0x0cf7]
Jul  5 23:38:16 node7 kernel: [    0.353646] pci_bus 0000:00: root bus resource [io  0x03b0-0x03df]
Jul  5 23:38:16 node7 kernel: [    0.353647] pci_bus 0000:00: root bus resource [io  0x0d00-0xffff]
Jul  5 23:38:16 node7 kernel: [    0.353648] pci_bus 0000:00: root bus resource [mem 0x000a0000-0x000bffff]
Jul  5 23:38:16 node7 kernel: [    0.353649] pci_bus 0000:00: root bus resource [mem 0x000c0000-0x000dffff]
Jul  5 23:38:16 node7 kernel: [    0.353650] pci_bus 0000:00: root bus resource [mem 0xe0000000-0xefffffff]
Jul  5 23:38:16 node7 kernel: [    0.353660] pci 0000:00:00.0: [8086:3c00] type 00 class 0x060000
Jul  5 23:38:16 node7 kernel: [    0.353708] pci 0000:00:00.0: PME# supported from D0 D3hot D3cold
Jul  5 23:38:16 node7 kernel: [    0.353729] pci 0000:00:01.0: [8086:3c02] type 01 class 0x060400
Jul  5 23:38:16 node7 kernel: [    0.353784] pci 0000:00:01.0: PME# supported from D0 D3hot D3cold
Jul  5 23:38:16 node7 kernel: [    0.353811] pci 0000:00:02.0: [8086:3c04] type 01 class 0x060400
Jul  5 23:38:16 node7 kernel: [    0.353866] pci 0000:00:02.0: PME# supported from D0 D3hot D3cold
Jul  5 23:38:16 node7 kernel: [    0.353892] pci 0000:00:03.0: [8086:3c08] type 01 class 0x060400
Jul  5 23:38:16 node7 kernel: [    0.353946] pci 0000:00:03.0: PME# supported from D0 D3hot D3cold
Jul  5 23:38:16 node7 kernel: [    0.353969] pci 0000:00:05.0: [8086:3c28] type 00 class 0x088000
Jul  5 23:38:16 node7 kernel: [    0.354034] pci 0000:00:05.2: [8086:3c2a] type 00 class 0x088000
Jul  5 23:38:16 node7 kernel: [    0.354097] pci 0000:00:05.4: [8086:3c2c] type 00 class 0x080020
Jul  5 23:38:16 node7 kernel: [    0.354107] pci 0000:00:05.4: reg 10: [mem 0xef327000-0xef327fff]
Jul  5 23:38:16 node7 kernel: [    0.354173] pci 0000:00:11.0: [8086:1d3e] type 01 class 0x060400
Jul  5 23:38:16 node7 kernel: [    0.354269] pci 0000:00:11.0: PME# supported from D0 D3hot D3cold
Jul  5 23:38:16 node7 kernel: [    0.354300] pci 0000:00:16.0: [8086:1d3a] type 00 class 0x078000
Jul  5 23:38:16 node7 kernel: [    0.354321] pci 0000:00:16.0: reg 10: [mem 0xef326000-0xef32600f 64bit]
Jul  5 23:38:16 node7 kernel: [    0.354388] pci 0000:00:16.0: PME# supported from D0 D3hot D3cold
Jul  5 23:38:16 node7 kernel: [    0.354408] pci 0000:00:16.2: [8086:1d3c] type 00 class 0x010185
Jul  5 23:38:16 node7 kernel: [    0.354423] pci 0000:00:16.2: reg 10: [io  0xe0b0-0xe0b7]
Jul  5 23:38:16 node7 kernel: [    0.354431] pci 0000:00:16.2: reg 14: [io  0xe0a0-0xe0a3]
Jul  5 23:38:16 node7 kernel: [    0.354439] pci 0000:00:16.2: reg 18: [io  0xe090-0xe097]
Jul  5 23:38:16 node7 kernel: [    0.354447] pci 0000:00:16.2: reg 1c: [io  0xe080-0xe083]
Jul  5 23:38:16 node7 kernel: [    0.354455] pci 0000:00:16.2: reg 20: [io  0xe070-0xe07f]
Jul  5 23:38:16 node7 kernel: [    0.354517] pci 0000:00:16.3: [8086:1d3d] type 00 class 0x070002
Jul  5 23:38:16 node7 kernel: [    0.354533] pci 0000:00:16.3: reg 10: [io  0xe060-0xe067]
Jul  5 23:38:16 node7 kernel: [    0.354540] pci 0000:00:16.3: reg 14: [mem 0xef324000-0xef324fff]
Jul  5 23:38:16 node7 kernel: [    0.354626] pci 0000:00:19.0: [8086:1502] type 00 class 0x020000
Jul  5 23:38:16 node7 kernel: [    0.354641] pci 0000:00:19.0: reg 10: [mem 0xef300000-0xef31ffff]
Jul  5 23:38:16 node7 kernel: [    0.354648] pci 0000:00:19.0: reg 14: [mem 0xef32a000-0xef32afff]
Jul  5 23:38:16 node7 kernel: [    0.354655] pci 0000:00:19.0: reg 18: [io  0xe040-0xe05f]
Jul  5 23:38:16 node7 kernel: [    0.354710] pci 0000:00:19.0: PME# supported from D0 D3hot D3cold
Jul  5 23:38:16 node7 kernel: [    0.354731] pci 0000:00:1a.0: [8086:1d2d] type 00 class 0x0c0320
Jul  5 23:38:16 node7 kernel: [    0.354749] pci 0000:00:1a.0: reg 10: [mem 0xef32c000-0xef32c3ff]
Jul  5 23:38:16 node7 kernel: [    0.354830] pci 0000:00:1a.0: PME# supported from D0 D3hot D3cold
Jul  5 23:38:16 node7 kernel: [    0.354852] pci 0000:00:1b.0: [8086:1d20] type 00 class 0x040300
Jul  5 23:38:16 node7 kernel: [    0.354864] pci 0000:00:1b.0: reg 10: [mem 0xef320000-0xef323fff 64bit]
Jul  5 23:38:16 node7 kernel: [    0.354922] pci 0000:00:1b.0: PME# supported from D0 D3hot D3cold
Jul  5 23:38:16 node7 kernel: [    0.354942] pci 0000:00:1c.0: [8086:1d12] type 01 class 0x060400
Jul  5 23:38:16 node7 kernel: [    0.355013] pci 0000:00:1c.0: PME# supported from D0 D3hot D3cold
Jul  5 23:38:16 node7 kernel: [    0.355043] pci 0000:00:1c.5: [8086:1d18] type 01 class 0x060400
Jul  5 23:38:16 node7 kernel: [    0.355170] pci 0000:00:1c.5: PME# supported from D0 D3hot D3cold
Jul  5 23:38:16 node7 kernel: [    0.355201] pci 0000:00:1c.6: [8086:1d14] type 01 class 0x060400
Jul  5 23:38:16 node7 kernel: [    0.355271] pci 0000:00:1c.6: PME# supported from D0 D3hot D3cold
Jul  5 23:38:16 node7 kernel: [    0.355293] pci 0000:00:1c.7: [8086:1d16] type 01 class 0x060400
Jul  5 23:38:16 node7 kernel: [    0.355363] pci 0000:00:1c.7: PME# supported from D0 D3hot D3cold
Jul  5 23:38:16 node7 kernel: [    0.355388] pci 0000:00:1d.0: [8086:1d26] type 00 class 0x0c0320
Jul  5 23:38:16 node7 kernel: [    0.355406] pci 0000:00:1d.0: reg 10: [mem 0xef32b000-0xef32b3ff]
Jul  5 23:38:16 node7 kernel: [    0.355487] pci 0000:00:1d.0: PME# supported from D0 D3hot D3cold
Jul  5 23:38:16 node7 kernel: [    0.355504] pci 0000:00:1e.0: [8086:244e] type 01 class 0x060401
Jul  5 23:38:16 node7 kernel: [    0.355558] pci 0000:00:1f.0: [8086:1d41] type 00 class 0x060100
Jul  5 23:38:16 node7 kernel: [    0.355670] pci 0000:00:1f.2: [8086:2826] type 00 class 0x010400
Jul  5 23:38:16 node7 kernel: [    0.355685] pci 0000:00:1f.2: reg 10: [io  0xe0f0-0xe0f7]
Jul  5 23:38:16 node7 kernel: [    0.355691] pci 0000:00:1f.2: reg 14: [io  0xe0e0-0xe0e3]
Jul  5 23:38:16 node7 kernel: [    0.355698] pci 0000:00:1f.2: reg 18: [io  0xe0d0-0xe0d7]
Jul  5 23:38:16 node7 kernel: [    0.355704] pci 0000:00:1f.2: reg 1c: [io  0xe0c0-0xe0c3]
Jul  5 23:38:16 node7 kernel: [    0.355710] pci 0000:00:1f.2: reg 20: [io  0xe020-0xe03f]
Jul  5 23:38:16 node7 kernel: [    0.355716] pci 0000:00:1f.2: reg 24: [mem 0xef329000-0xef3297ff]
Jul  5 23:38:16 node7 kernel: [    0.355755] pci 0000:00:1f.2: PME# supported from D3hot
Jul  5 23:38:16 node7 kernel: [    0.355770] pci 0000:00:1f.3: [8086:1d22] type 00 class 0x0c0500
Jul  5 23:38:16 node7 kernel: [    0.355782] pci 0000:00:1f.3: reg 10: [mem 0xef328000-0xef3280ff 64bit]
Jul  5 23:38:16 node7 kernel: [    0.355800] pci 0000:00:1f.3: reg 20: [io  0xe000-0xe01f]
Jul  5 23:38:16 node7 kernel: [    0.355855] pci 0000:00:01.0: PCI bridge to [bus 03-03]
Jul  5 23:38:16 node7 kernel: [    0.355900] pci 0000:05:00.0: [10de:0df8] type 00 class 0x030000
Jul  5 23:38:16 node7 kernel: [    0.355907] pci 0000:05:00.0: reg 10: [mem 0xee000000-0xeeffffff]
Jul  5 23:38:16 node7 kernel: [    0.355914] pci 0000:05:00.0: reg 14: [mem 0xe0000000-0xe7ffffff 64bit pref]
Jul  5 23:38:16 node7 kernel: [    0.355921] pci 0000:05:00.0: reg 1c: [mem 0xe8000000-0xe9ffffff 64bit pref]
Jul  5 23:38:16 node7 kernel: [    0.355926] pci 0000:05:00.0: reg 24: [io  0xc000-0xc07f]
Jul  5 23:38:16 node7 kernel: [    0.355931] pci 0000:05:00.0: reg 30: [mem 0xef000000-0xef07ffff pref]
Jul  5 23:38:16 node7 kernel: [    0.355970] pci 0000:05:00.1: [10de:0bea] type 00 class 0x040300
Jul  5 23:38:16 node7 kernel: [    0.355977] pci 0000:05:00.1: reg 10: [mem 0xef080000-0xef083fff]
Jul  5 23:38:16 node7 kernel: [    0.361264] pci 0000:00:02.0: PCI bridge to [bus 05-05]
Jul  5 23:38:16 node7 kernel: [    0.361267] pci 0000:00:02.0:   bridge window [io  0xc000-0xcfff]
Jul  5 23:38:16 node7 kernel: [    0.361270] pci 0000:00:02.0:   bridge window [mem 0xee000000-0xef0fffff]
Jul  5 23:38:16 node7 kernel: [    0.361274] pci 0000:00:02.0:   bridge window [mem 0xe0000000-0xe9ffffff 64bit pref]
Jul  5 23:38:16 node7 kernel: [    0.361306] pci 0000:00:03.0: PCI bridge to [bus 04-04]
Jul  5 23:38:16 node7 kernel: [    0.361375] pci 0000:02:00.0: [8086:1d6b] type 00 class 0x010700
Jul  5 23:38:16 node7 kernel: [    0.361392] pci 0000:02:00.0: reg 10: [mem 0xea87c000-0xea87ffff 64bit pref]
Jul  5 23:38:16 node7 kernel: [    0.361406] pci 0000:02:00.0: reg 18: [mem 0xea400000-0xea7fffff 64bit pref]
Jul  5 23:38:16 node7 kernel: [    0.361415] pci 0000:02:00.0: reg 20: [io  0xd000-0xd0ff]
Jul  5 23:38:16 node7 kernel: [    0.361515] pci 0000:02:00.0: reg 164: [mem 0xea800000-0xea803fff 64bit pref]
Jul  5 23:38:16 node7 kernel: [    0.361568] pci 0000:00:11.0: PCI bridge to [bus 02-02]
Jul  5 23:38:16 node7 kernel: [    0.361572] pci 0000:00:11.0:   bridge window [io  0xd000-0xdfff]
Jul  5 23:38:16 node7 kernel: [    0.361580] pci 0000:00:11.0:   bridge window [mem 0xea400000-0xea8fffff 64bit pref]
Jul  5 23:38:16 node7 kernel: [    0.361620] pci 0000:00:1c.0: PCI bridge to [bus 01-01]
Jul  5 23:38:16 node7 kernel: [    0.361697] pci 0000:00:1c.5: PCI bridge to [bus 06-06]
Jul  5 23:38:16 node7 kernel: [    0.361748] pci 0000:00:1c.6: PCI bridge to [bus 07-07]
Jul  5 23:38:16 node7 kernel: [    0.361813] pci 0000:08:00.0: [104c:8241] type 00 class 0x0c0330
Jul  5 23:38:16 node7 kernel: [    0.361836] pci 0000:08:00.0: reg 10: [mem 0xef200000-0xef20ffff 64bit]
Jul  5 23:38:16 node7 kernel: [    0.361855] pci 0000:08:00.0: reg 18: [mem 0xef210000-0xef211fff 64bit]
Jul  5 23:38:16 node7 kernel: [    0.361953] pci 0000:08:00.0: supports D1 D2
Jul  5 23:38:16 node7 kernel: [    0.361954] pci 0000:08:00.0: PME# supported from D0 D1 D2 D3hot D3cold
Jul  5 23:38:16 node7 kernel: [    0.369262] pci 0000:00:1c.7: PCI bridge to [bus 08-08]
Jul  5 23:38:16 node7 kernel: [    0.369267] pci 0000:00:1c.7:   bridge window [mem 0xef200000-0xef2fffff]
Jul  5 23:38:16 node7 kernel: [    0.369302] pci 0000:09:05.0: [11c1:5811] type 00 class 0x0c0010
Jul  5 23:38:16 node7 kernel: [    0.369316] pci 0000:09:05.0: reg 10: [mem 0xef100000-0xef100fff]
Jul  5 23:38:16 node7 kernel: [    0.369383] pci 0000:09:05.0: supports D1 D2
Jul  5 23:38:16 node7 kernel: [    0.369384] pci 0000:09:05.0: PME# supported from D0 D1 D2 D3hot
Jul  5 23:38:16 node7 kernel: [    0.369420] pci 0000:00:1e.0: PCI bridge to [bus 09-09] (subtractive decode)
Jul  5 23:38:16 node7 kernel: [    0.369424] pci 0000:00:1e.0:   bridge window [mem 0xef100000-0xef1fffff]
Jul  5 23:38:16 node7 kernel: [    0.369428] pci 0000:00:1e.0:   bridge window [io  0x0000-0x03af] (subtractive decode)
Jul  5 23:38:16 node7 kernel: [    0.369429] pci 0000:00:1e.0:   bridge window [io  0x03e0-0x0cf7] (subtractive decode)
Jul  5 23:38:16 node7 kernel: [    0.369430] pci 0000:00:1e.0:   bridge window [io  0x03b0-0x03df] (subtractive decode)
Jul  5 23:38:16 node7 kernel: [    0.369432] pci 0000:00:1e.0:   bridge window [io  0x0d00-0xffff] (subtractive decode)
Jul  5 23:38:16 node7 kernel: [    0.369433] pci 0000:00:1e.0:   bridge window [mem 0x000a0000-0x000bffff] (subtractive decode)
Jul  5 23:38:16 node7 kernel: [    0.369434] pci 0000:00:1e.0:   bridge window [mem 0x000c0000-0x000dffff] (subtractive decode)
Jul  5 23:38:16 node7 kernel: [    0.369435] pci 0000:00:1e.0:   bridge window [mem 0xe0000000-0xefffffff] (subtractive decode)
Jul  5 23:38:16 node7 kernel: [    0.369473] ACPI: PCI Interrupt Routing Table [\_SB_.PCI0._PRT]
Jul  5 23:38:16 node7 kernel: [    0.369553] ACPI: PCI Interrupt Routing Table [\_SB_.PCI0.BR20._PRT]
Jul  5 23:38:16 node7 kernel: [    0.369580] ACPI: PCI Interrupt Routing Table [\_SB_.PCI0.NPE1._PRT]
Jul  5 23:38:16 node7 kernel: [    0.369596] ACPI: PCI Interrupt Routing Table [\_SB_.PCI0.NPE2._PRT]
Jul  5 23:38:16 node7 kernel: [    0.369612] ACPI: PCI Interrupt Routing Table [\_SB_.PCI0.NPE3._PRT]
Jul  5 23:38:16 node7 kernel: [    0.369630] ACPI: PCI Interrupt Routing Table [\_SB_.PCI0.PEX1._PRT]
Jul  5 23:38:16 node7 kernel: [    0.369641] ACPI: PCI Interrupt Routing Table [\_SB_.PCI0.PEX2._PRT]
Jul  5 23:38:16 node7 kernel: [    0.369656] ACPI: PCI Interrupt Routing Table [\_SB_.PCI0.PEX3._PRT]
Jul  5 23:38:16 node7 kernel: [    0.369668] ACPI: PCI Interrupt Routing Table [\_SB_.PCI0.PEX4._PRT]
Jul  5 23:38:16 node7 kernel: [    0.369683] ACPI: PCI Interrupt Routing Table [\_SB_.PCI0.PEX8._PRT]
Jul  5 23:38:16 node7 kernel: [    0.369742]  pci0000:00: Requesting ACPI _OSC control (0x1d)
Jul  5 23:38:16 node7 kernel: [    0.369817]  pci0000:00: ACPI _OSC request failed (AE_SUPPORT), returned control mask: 0x0d
Jul  5 23:38:16 node7 kernel: [    0.369818] ACPI _OSC control for PCIe not granted, disabling ASPM
Jul  5 23:38:16 node7 kernel: [    0.373202] ACPI: PCI Root Bridge [PCI1] (domain 0000 [bus 40-ff])
Jul  5 23:38:16 node7 kernel: [    0.373320] pci_root PNP0A08:01: host bridge window [io  0x0000-0x03af]
Jul  5 23:38:16 node7 kernel: [    0.373322] pci_root PNP0A08:01: host bridge window [io  0x03e0-0x0cf7]
Jul  5 23:38:16 node7 kernel: [    0.373323] pci_root PNP0A08:01: host bridge window [mem 0x000c0000-0x000dffff]
Jul  5 23:38:16 node7 kernel: [    0.373339] PCI host bridge to bus 0000:40
Jul  5 23:38:16 node7 kernel: [    0.373340] pci_bus 0000:40: root bus resource [io  0x0000-0x03af]
Jul  5 23:38:16 node7 kernel: [    0.373341] pci_bus 0000:40: root bus resource [io  0x03e0-0x0cf7]
Jul  5 23:38:16 node7 kernel: [    0.373342] pci_bus 0000:40: root bus resource [mem 0x000c0000-0x000dffff]
Jul  5 23:38:16 node7 kernel: [    0.373369] ACPI: PCI Interrupt Routing Table [\_SB_.PCI1._PRT]
Jul  5 23:38:16 node7 kernel: [    0.373429]  pci0000:40: Requesting ACPI _OSC control (0x1d)
Jul  5 23:38:16 node7 kernel: [    0.373502]  pci0000:40: ACPI _OSC request failed (AE_SUPPORT), returned control mask: 0x0d
Jul  5 23:38:16 node7 kernel: [    0.373503] ACPI _OSC control for PCIe not granted, disabling ASPM
Jul  5 23:38:16 node7 kernel: [    0.373530] ACPI: PCI Interrupt Link [LNKA] (IRQs 3 4 5 6 7 10 *11 12 14 15)
Jul  5 23:38:16 node7 kernel: [    0.373556] ACPI: PCI Interrupt Link [LNKB] (IRQs 3 4 5 6 *7 10 11 12 14 15)
Jul  5 23:38:16 node7 kernel: [    0.373580] ACPI: PCI Interrupt Link [LNKC] (IRQs 3 *4 5 6 10 11 12 14 15)
Jul  5 23:38:16 node7 kernel: [    0.373604] ACPI: PCI Interrupt Link [LNKD] (IRQs *3 4 5 6 10 11 12 14 15)
Jul  5 23:38:16 node7 kernel: [    0.373628] ACPI: PCI Interrupt Link [LNKE] (IRQs 3 4 *5 6 7 10 11 12 14 15)
Jul  5 23:38:16 node7 kernel: [    0.373651] ACPI: PCI Interrupt Link [LNKF] (IRQs 3 4 5 6 7 10 11 12 14 15) *0
Jul  5 23:38:16 node7 kernel: [    0.373675] ACPI: PCI Interrupt Link [LNKG] (IRQs 3 4 5 6 7 10 *11 12 14 15)
Jul  5 23:38:16 node7 kernel: [    0.373700] ACPI: PCI Interrupt Link [LNKH] (IRQs 3 4 5 6 7 *10 11 12 14 15)
Jul  5 23:38:16 node7 kernel: [    0.373766] vgaarb: device added: PCI:0000:05:00.0,decodes=io+mem,owns=io+mem,locks=none
Jul  5 23:38:16 node7 kernel: [    0.373767] vgaarb: loaded
Jul  5 23:38:16 node7 kernel: [    0.373768] vgaarb: bridge control possible 0000:05:00.0
Jul  5 23:38:16 node7 kernel: [    0.373863] SCSI subsystem initialized
Jul  5 23:38:16 node7 kernel: [    0.373893] libata version 3.00 loaded.
Jul  5 23:38:16 node7 kernel: [    0.373906] ACPI: bus type usb registered
Jul  5 23:38:16 node7 kernel: [    0.373916] usbcore: registered new interface driver usbfs
Jul  5 23:38:16 node7 kernel: [    0.373921] usbcore: registered new interface driver hub
Jul  5 23:38:16 node7 kernel: [    0.373932] usbcore: registered new device driver usb
Jul  5 23:38:16 node7 kernel: [    0.373970] PCI: Using ACPI for IRQ routing
Jul  5 23:38:16 node7 kernel: [    0.376603] PCI: Discovered peer bus 7f
Jul  5 23:38:16 node7 kernel: [    0.376604] PCI: root bus 7f: using default resources
Jul  5 23:38:16 node7 kernel: [    0.376606] PCI: Probing PCI hardware (bus 7f)
Jul  5 23:38:16 node7 kernel: [    0.376621] PCI host bridge to bus 0000:7f
Jul  5 23:38:16 node7 kernel: [    0.376622] pci_bus 0000:7f: root bus resource [io  0x0000-0xffff]
Jul  5 23:38:16 node7 kernel: [    0.376624] pci_bus 0000:7f: root bus resource [mem 0x00000000-0x3fffffffffff]
Jul  5 23:38:16 node7 kernel: [    0.376631] pci 0000:7f:08.0: [8086:3c80] type 00 class 0x088000
Jul  5 23:38:16 node7 kernel: [    0.376661] pci 0000:7f:08.3: [8086:3c83] type 00 class 0x088000
Jul  5 23:38:16 node7 kernel: [    0.376697] pci 0000:7f:08.4: [8086:3c84] type 00 class 0x088000
Jul  5 23:38:16 node7 kernel: [    0.376738] pci 0000:7f:09.0: [8086:3c90] type 00 class 0x088000
Jul  5 23:38:16 node7 kernel: [    0.376766] pci 0000:7f:09.3: [8086:3c93] type 00 class 0x088000
Jul  5 23:38:16 node7 kernel: [    0.376801] pci 0000:7f:09.4: [8086:3c94] type 00 class 0x088000
Jul  5 23:38:16 node7 kernel: [    0.376843] pci 0000:7f:0a.0: [8086:3cc0] type 00 class 0x088000
Jul  5 23:38:16 node7 kernel: [    0.376863] pci 0000:7f:0a.1: [8086:3cc1] type 00 class 0x088000
Jul  5 23:38:16 node7 kernel: [    0.376884] pci 0000:7f:0a.2: [8086:3cc2] type 00 class 0x088000
Jul  5 23:38:16 node7 kernel: [    0.376904] pci 0000:7f:0a.3: [8086:3cd0] type 00 class 0x088000
Jul  5 23:38:16 node7 kernel: [    0.376925] pci 0000:7f:0b.0: [8086:3ce0] type 00 class 0x088000
Jul  5 23:38:16 node7 kernel: [    0.376944] pci 0000:7f:0b.3: [8086:3ce3] type 00 class 0x088000
Jul  5 23:38:16 node7 kernel: [    0.376962] pci 0000:7f:0c.0: [8086:3ce8] type 00 class 0x088000
Jul  5 23:38:16 node7 kernel: [    0.376980] pci 0000:7f:0c.1: [8086:3ce8] type 00 class 0x088000
Jul  5 23:38:16 node7 kernel: [    0.377000] pci 0000:7f:0c.6: [8086:3cf4] type 00 class 0x088000
Jul  5 23:38:16 node7 kernel: [    0.377018] pci 0000:7f:0c.7: [8086:3cf6] type 00 class 0x088000
Jul  5 23:38:16 node7 kernel: [    0.377036] pci 0000:7f:0d.0: [8086:3ce8] type 00 class 0x088000
Jul  5 23:38:16 node7 kernel: [    0.377055] pci 0000:7f:0d.1: [8086:3ce8] type 00 class 0x088000
Jul  5 23:38:16 node7 kernel: [    0.377074] pci 0000:7f:0d.6: [8086:3cf5] type 00 class 0x088000
Jul  5 23:38:16 node7 kernel: [    0.377092] pci 0000:7f:0e.0: [8086:3ca0] type 00 class 0x088000
Jul  5 23:38:16 node7 kernel: [    0.377113] pci 0000:7f:0e.1: [8086:3c46] type 00 class 0x110100
Jul  5 23:38:16 node7 kernel: [    0.377137] pci 0000:7f:0f.0: [8086:3ca8] type 00 class 0x088000
Jul  5 23:38:16 node7 kernel: [    0.377166] pci 0000:7f:0f.1: [8086:3c71] type 00 class 0x088000
Jul  5 23:38:16 node7 kernel: [    0.377195] pci 0000:7f:0f.2: [8086:3caa] type 00 class 0x088000
Jul  5 23:38:16 node7 kernel: [    0.377225] pci 0000:7f:0f.3: [8086:3cab] type 00 class 0x088000
Jul  5 23:38:16 node7 kernel: [    0.377257] pci 0000:7f:0f.4: [8086:3cac] type 00 class 0x088000
Jul  5 23:38:16 node7 kernel: [    0.377286] pci 0000:7f:0f.5: [8086:3cad] type 00 class 0x088000
Jul  5 23:38:16 node7 kernel: [    0.377313] pci 0000:7f:0f.6: [8086:3cae] type 00 class 0x088000
Jul  5 23:38:16 node7 kernel: [    0.377337] pci 0000:7f:10.0: [8086:3cb0] type 00 class 0x088000
Jul  5 23:38:16 node7 kernel: [    0.377367] pci 0000:7f:10.1: [8086:3cb1] type 00 class 0x088000
Jul  5 23:38:16 node7 kernel: [    0.377396] pci 0000:7f:10.2: [8086:3cb2] type 00 class 0x088000
Jul  5 23:38:16 node7 kernel: [    0.377425] pci 0000:7f:10.3: [8086:3cb3] type 00 class 0x088000
Jul  5 23:38:16 node7 kernel: [    0.377455] pci 0000:7f:10.4: [8086:3cb4] type 00 class 0x088000
Jul  5 23:38:16 node7 kernel: [    0.377485] pci 0000:7f:10.5: [8086:3cb5] type 00 class 0x088000
Jul  5 23:38:16 node7 kernel: [    0.377514] pci 0000:7f:10.6: [8086:3cb6] type 00 class 0x088000
Jul  5 23:38:16 node7 kernel: [    0.377543] pci 0000:7f:10.7: [8086:3cb7] type 00 class 0x088000
Jul  5 23:38:16 node7 kernel: [    0.377571] pci 0000:7f:11.0: [8086:3cb8] type 00 class 0x088000
Jul  5 23:38:16 node7 kernel: [    0.377598] pci 0000:7f:13.0: [8086:3ce4] type 00 class 0x088000
Jul  5 23:38:16 node7 kernel: [    0.377616] pci 0000:7f:13.1: [8086:3c43] type 00 class 0x110100
Jul  5 23:38:16 node7 kernel: [    0.377635] pci 0000:7f:13.4: [8086:3ce6] type 00 class 0x110100
Jul  5 23:38:16 node7 kernel: [    0.377654] pci 0000:7f:13.5: [8086:3c44] type 00 class 0x110100
Jul  5 23:38:16 node7 kernel: [    0.377673] pci 0000:7f:13.6: [8086:3c45] type 00 class 0x088000
Jul  5 23:38:16 node7 kernel: [    0.378079] PCI: pci_cache_line_size set to 64 bytes
Jul  5 23:38:16 node7 kernel: [    0.378193] e820: reserve RAM buffer [mem 0xc8e85000-0xcbffffff]
Jul  5 23:38:16 node7 kernel: [    0.378195] e820: reserve RAM buffer [mem 0xdb574000-0xdbffffff]
Jul  5 23:38:16 node7 kernel: [    0.378196] e820: reserve RAM buffer [mem 0xdbb74000-0xdbffffff]
Jul  5 23:38:16 node7 kernel: [    0.378254] NetLabel: Initializing
Jul  5 23:38:16 node7 kernel: [    0.378255] NetLabel:  domain hash size = 128
Jul  5 23:38:16 node7 kernel: [    0.378256] NetLabel:  protocols = UNLABELED CIPSOv4
Jul  5 23:38:16 node7 kernel: [    0.378263] NetLabel:  unlabeled traffic allowed by default
Jul  5 23:38:16 node7 kernel: [    0.378299] hpet0: at MMIO 0xfed00000, IRQs 2, 8, 0, 0, 0, 0, 0, 0
Jul  5 23:38:16 node7 kernel: [    0.378303] hpet0: 8 comparators, 64-bit 14.318180 MHz counter
Jul  5 23:38:16 node7 kernel: [    0.380322] Switching to clocksource hpet
Jul  5 23:38:16 node7 kernel: [    0.383974] AppArmor: AppArmor Filesystem Enabled
Jul  5 23:38:16 node7 kernel: [    0.383986] pnp: PnP ACPI init
Jul  5 23:38:16 node7 kernel: [    0.383994] ACPI: bus type pnp registered
Jul  5 23:38:16 node7 kernel: [    0.384110] pnp 00:00: [bus 00-3f]
Jul  5 23:38:16 node7 kernel: [    0.384112] pnp 00:00: [io  0x0cf8-0x0cff]
Jul  5 23:38:16 node7 kernel: [    0.384113] pnp 00:00: [io  0x0000-0x03af window]
Jul  5 23:38:16 node7 kernel: [    0.384114] pnp 00:00: [io  0x03e0-0x0cf7 window]
Jul  5 23:38:16 node7 kernel: [    0.384115] pnp 00:00: [io  0x03b0-0x03df window]
Jul  5 23:38:16 node7 kernel: [    0.384116] pnp 00:00: [io  0x0d00-0xffff window]
Jul  5 23:38:16 node7 kernel: [    0.384117] pnp 00:00: [mem 0x000a0000-0x000bffff window]
Jul  5 23:38:16 node7 kernel: [    0.384118] pnp 00:00: [mem 0x000c0000-0x000dffff window]
Jul  5 23:38:16 node7 kernel: [    0.384119] pnp 00:00: [mem 0xe0000000-0xefffffff window]
Jul  5 23:38:16 node7 kernel: [    0.384121] pnp 00:00: [mem 0x00000000 window]
Jul  5 23:38:16 node7 kernel: [    0.384122] pnp 00:00: [mem 0x00000000 window]
Jul  5 23:38:16 node7 kernel: [    0.384163] pnp 00:00: Plug and Play ACPI device, IDs PNP0a08 PNP0a03 (active)
Jul  5 23:38:16 node7 kernel: [    0.384184] pnp 00:01: [mem 0xfc000000-0xfcffffff window]
Jul  5 23:38:16 node7 kernel: [    0.384185] pnp 00:01: [mem 0xfd000000-0xfdffffff window]
Jul  5 23:38:16 node7 kernel: [    0.384186] pnp 00:01: [mem 0xfe000000-0xfeafffff window]
Jul  5 23:38:16 node7 kernel: [    0.384187] pnp 00:01: [mem 0xfeb00000-0xfebfffff window]
Jul  5 23:38:16 node7 kernel: [    0.384188] pnp 00:01: [mem 0xfed00400-0xfed3ffff window]
Jul  5 23:38:16 node7 kernel: [    0.384190] pnp 00:01: [mem 0xfed45000-0xfedfffff window]
Jul  5 23:38:16 node7 kernel: [    0.384191] pnp 00:01: [mem 0xeffff000-0xefffffff window]
Jul  5 23:38:16 node7 kernel: [    0.384232] system 00:01: [mem 0xfc000000-0xfcffffff window] has been reserved
Jul  5 23:38:16 node7 kernel: [    0.384234] system 00:01: [mem 0xfd000000-0xfdffffff window] has been reserved
Jul  5 23:38:16 node7 kernel: [    0.384235] system 00:01: [mem 0xfe000000-0xfeafffff window] has been reserved
Jul  5 23:38:16 node7 kernel: [    0.384236] system 00:01: [mem 0xfeb00000-0xfebfffff window] has been reserved
Jul  5 23:38:16 node7 kernel: [    0.384238] system 00:01: [mem 0xfed00400-0xfed3ffff window] could not be reserved
Jul  5 23:38:16 node7 kernel: [    0.384239] system 00:01: [mem 0xfed45000-0xfedfffff window] has been reserved
Jul  5 23:38:16 node7 kernel: [    0.384240] system 00:01: [mem 0xeffff000-0xefffffff window] has been reserved
Jul  5 23:38:16 node7 kernel: [    0.384242] system 00:01: Plug and Play ACPI device, IDs PNP0c01 (active)
Jul  5 23:38:16 node7 kernel: [    0.384305] pnp 00:02: [io  0x0000-0xffffffffffffffff disabled]
Jul  5 23:38:16 node7 kernel: [    0.384306] pnp 00:02: [io  0x0620-0x063f]
Jul  5 23:38:16 node7 kernel: [    0.384308] pnp 00:02: [io  0x0800-0x07ff disabled]
Jul  5 23:38:16 node7 kernel: [    0.384309] pnp 00:02: [io  0x0610-0x061f]
Jul  5 23:38:16 node7 kernel: [    0.384336] system 00:02: [io  0x0620-0x063f] has been reserved
Jul  5 23:38:16 node7 kernel: [    0.384338] system 00:02: [io  0x0610-0x061f] has been reserved
Jul  5 23:38:16 node7 kernel: [    0.384339] system 00:02: Plug and Play ACPI device, IDs PNP0c02 (active)
Jul  5 23:38:16 node7 kernel: [    0.384360] pnp 00:03: [io  0x0060]
Jul  5 23:38:16 node7 kernel: [    0.384361] pnp 00:03: [io  0x0064]
Jul  5 23:38:16 node7 kernel: [    0.384370] pnp 00:03: [irq 1]
Jul  5 23:38:16 node7 kernel: [    0.384384] pnp 00:03: Plug and Play ACPI device, IDs PNP0303 PNP030b (active)
Jul  5 23:38:16 node7 kernel: [    0.384402] pnp 00:04: [irq 12]
Jul  5 23:38:16 node7 kernel: [    0.384413] pnp 00:04: Plug and Play ACPI device, IDs PNP0f03 PNP0f13 (active)
Jul  5 23:38:16 node7 kernel: [    0.384419] pnp 00:05: [dma 4]
Jul  5 23:38:16 node7 kernel: [    0.384420] pnp 00:05: [io  0x0000-0x000f]
Jul  5 23:38:16 node7 kernel: [    0.384421] pnp 00:05: [io  0x0081-0x0083]
Jul  5 23:38:16 node7 kernel: [    0.384422] pnp 00:05: [io  0x0087]
Jul  5 23:38:16 node7 kernel: [    0.384423] pnp 00:05: [io  0x0089-0x008b]
Jul  5 23:38:16 node7 kernel: [    0.384424] pnp 00:05: [io  0x008f]
Jul  5 23:38:16 node7 kernel: [    0.384425] pnp 00:05: [io  0x00c0-0x00df]
Jul  5 23:38:16 node7 kernel: [    0.384435] pnp 00:05: Plug and Play ACPI device, IDs PNP0200 (active)
Jul  5 23:38:16 node7 kernel: [    0.384440] pnp 00:06: [io  0x0070-0x0071]
Jul  5 23:38:16 node7 kernel: [    0.384443] pnp 00:06: [irq 8]
Jul  5 23:38:16 node7 kernel: [    0.384452] pnp 00:06: Plug and Play ACPI device, IDs PNP0b00 (active)
Jul  5 23:38:16 node7 kernel: [    0.384456] pnp 00:07: [io  0x0061]
Jul  5 23:38:16 node7 kernel: [    0.384467] pnp 00:07: Plug and Play ACPI device, IDs PNP0800 (active)
Jul  5 23:38:16 node7 kernel: [    0.384480] pnp 00:08: [io  0x0010-0x001f]
Jul  5 23:38:16 node7 kernel: [    0.384481] pnp 00:08: [io  0x0022-0x003f]
Jul  5 23:38:16 node7 kernel: [    0.384482] pnp 00:08: [io  0x0044-0x005f]
Jul  5 23:38:16 node7 kernel: [    0.384483] pnp 00:08: [io  0x0062-0x0063]
Jul  5 23:38:16 node7 kernel: [    0.384484] pnp 00:08: [io  0x0065-0x006f]
Jul  5 23:38:16 node7 kernel: [    0.384485] pnp 00:08: [io  0x0072-0x007f]
Jul  5 23:38:16 node7 kernel: [    0.384486] pnp 00:08: [io  0x0080]
Jul  5 23:38:16 node7 kernel: [    0.384487] pnp 00:08: [io  0x0084-0x0086]
Jul  5 23:38:16 node7 kernel: [    0.384488] pnp 00:08: [io  0x0088]
Jul  5 23:38:16 node7 kernel: [    0.384489] pnp 00:08: [io  0x008c-0x008e]
Jul  5 23:38:16 node7 kernel: [    0.384490] pnp 00:08: [io  0x0090-0x009f]
Jul  5 23:38:16 node7 kernel: [    0.384491] pnp 00:08: [io  0x00a2-0x00bf]
Jul  5 23:38:16 node7 kernel: [    0.384492] pnp 00:08: [io  0x00e0-0x00ef]
Jul  5 23:38:16 node7 kernel: [    0.384493] pnp 00:08: [io  0x04d0-0x04d1]
Jul  5 23:38:16 node7 kernel: [    0.384523] system 00:08: [io  0x04d0-0x04d1] has been reserved
Jul  5 23:38:16 node7 kernel: [    0.384524] system 00:08: Plug and Play ACPI device, IDs PNP0c02 (active)
Jul  5 23:38:16 node7 kernel: [    0.384529] pnp 00:09: [io  0x00f0-0x00ff]
Jul  5 23:38:16 node7 kernel: [    0.384532] pnp 00:09: [irq 13]
Jul  5 23:38:16 node7 kernel: [    0.384543] pnp 00:09: Plug and Play ACPI device, IDs PNP0c04 (active)
Jul  5 23:38:16 node7 kernel: [    0.384694] pnp 00:0a: [io  0x0400-0x0453]
Jul  5 23:38:16 node7 kernel: [    0.384695] pnp 00:0a: [io  0x0458-0x047f]
Jul  5 23:38:16 node7 kernel: [    0.384696] pnp 00:0a: [io  0x1180-0x119f]
Jul  5 23:38:16 node7 kernel: [    0.384697] pnp 00:0a: [io  0x0500-0x057f]
Jul  5 23:38:16 node7 kernel: [    0.384698] pnp 00:0a: [mem 0xfed1c000-0xfed1ffff]
Jul  5 23:38:16 node7 kernel: [    0.384699] pnp 00:0a: [mem 0xfec00000-0xfecfffff]
Jul  5 23:38:16 node7 kernel: [    0.384701] pnp 00:0a: [mem 0xfed08000-0xfed08fff]
Jul  5 23:38:16 node7 kernel: [    0.384702] pnp 00:0a: [mem 0xff000000-0xffffffff]
Jul  5 23:38:16 node7 kernel: [    0.384735] system 00:0a: [io  0x0400-0x0453] has been reserved
Jul  5 23:38:16 node7 kernel: [    0.384737] system 00:0a: [io  0x0458-0x047f] has been reserved
Jul  5 23:38:16 node7 kernel: [    0.384738] system 00:0a: [io  0x1180-0x119f] has been reserved
Jul  5 23:38:16 node7 kernel: [    0.384739] system 00:0a: [io  0x0500-0x057f] has been reserved
Jul  5 23:38:16 node7 kernel: [    0.384740] system 00:0a: [mem 0xfed1c000-0xfed1ffff] has been reserved
Jul  5 23:38:16 node7 kernel: [    0.384742] system 00:0a: [mem 0xfec00000-0xfecfffff] could not be reserved
Jul  5 23:38:16 node7 kernel: [    0.384743] system 00:0a: [mem 0xfed08000-0xfed08fff] has been reserved
Jul  5 23:38:16 node7 kernel: [    0.384744] system 00:0a: [mem 0xff000000-0xffffffff] has been reserved
Jul  5 23:38:16 node7 kernel: [    0.384746] system 00:0a: Plug and Play ACPI device, IDs PNP0c01 (active)
Jul  5 23:38:16 node7 kernel: [    0.384765] pnp 00:0b: [io  0x0454-0x0457]
Jul  5 23:38:16 node7 kernel: [    0.384793] system 00:0b: [io  0x0454-0x0457] has been reserved
Jul  5 23:38:16 node7 kernel: [    0.384795] system 00:0b: Plug and Play ACPI device, IDs INT3f0d PNP0c02 (active)
Jul  5 23:38:16 node7 kernel: [    0.384856] pnp 00:0c: [mem 0xfed00000-0xfed003ff]
Jul  5 23:38:16 node7 kernel: [    0.384876] pnp 00:0c: Plug and Play ACPI device, IDs PNP0103 (active)
Jul  5 23:38:16 node7 kernel: [    0.384959] pnp 00:0d: [bus 40-ff]
Jul  5 23:38:16 node7 kernel: [    0.384960] pnp 00:0d: [io  0x0cf8-0x0cff]
Jul  5 23:38:16 node7 kernel: [    0.384961] pnp 00:0d: [io  0x0000-0x03af window]
Jul  5 23:38:16 node7 kernel: [    0.384962] pnp 00:0d: [io  0x03e0-0x0cf7 window]
Jul  5 23:38:16 node7 kernel: [    0.384963] pnp 00:0d: [io  0x0000 window]
Jul  5 23:38:16 node7 kernel: [    0.384964] pnp 00:0d: [io  0x0000-0xffff window]
Jul  5 23:38:16 node7 kernel: [    0.384965] pnp 00:0d: [mem 0x00000000 window]
Jul  5 23:38:16 node7 kernel: [    0.384967] pnp 00:0d: [mem 0x000c0000-0x000dffff window]
Jul  5 23:38:16 node7 kernel: [    0.384968] pnp 00:0d: [mem 0x00000000 window]
Jul  5 23:38:16 node7 kernel: [    0.384969] pnp 00:0d: [mem 0x00000000 window]
Jul  5 23:38:16 node7 kernel: [    0.384969] pnp 00:0d: [mem 0x00000000 window]
Jul  5 23:38:16 node7 kernel: [    0.384991] pnp 00:0d: Plug and Play ACPI device, IDs PNP0a08 PNP0a03 (active)
Jul  5 23:38:16 node7 kernel: [    0.385144] pnp 00:0e: [mem 0xfed40000-0xfed44fff]
Jul  5 23:38:16 node7 kernel: [    0.385183] system 00:0e: [mem 0xfed40000-0xfed44fff] has been reserved
Jul  5 23:38:16 node7 kernel: [    0.385185] system 00:0e: Plug and Play ACPI device, IDs PNP0c02 (active)
Jul  5 23:38:16 node7 kernel: [    0.385187] pnp: PnP ACPI: found 15 devices
Jul  5 23:38:16 node7 kernel: [    0.385187] ACPI: ACPI bus type pnp unregistered
Jul  5 23:38:16 node7 kernel: [    0.390813] pci 0000:00:01.0: PCI bridge to [bus 03-03]
Jul  5 23:38:16 node7 kernel: [    0.390821] pci 0000:00:02.0: PCI bridge to [bus 05-05]
Jul  5 23:38:16 node7 kernel: [    0.390823] pci 0000:00:02.0:   bridge window [io  0xc000-0xcfff]
Jul  5 23:38:16 node7 kernel: [    0.390826] pci 0000:00:02.0:   bridge window [mem 0xee000000-0xef0fffff]
Jul  5 23:38:16 node7 kernel: [    0.390829] pci 0000:00:02.0:   bridge window [mem 0xe0000000-0xe9ffffff 64bit pref]
Jul  5 23:38:16 node7 kernel: [    0.390833] pci 0000:00:03.0: PCI bridge to [bus 04-04]
Jul  5 23:38:16 node7 kernel: [    0.390840] pci 0000:00:11.0: PCI bridge to [bus 02-02]
Jul  5 23:38:16 node7 kernel: [    0.390843] pci 0000:00:11.0:   bridge window [io  0xd000-0xdfff]
Jul  5 23:38:16 node7 kernel: [    0.390850] pci 0000:00:11.0:   bridge window [mem 0xea400000-0xea8fffff 64bit pref]
Jul  5 23:38:16 node7 kernel: [    0.390856] pci 0000:00:1c.0: PCI bridge to [bus 01-01]
Jul  5 23:38:16 node7 kernel: [    0.390866] pci 0000:00:1c.5: PCI bridge to [bus 06-06]
Jul  5 23:38:16 node7 kernel: [    0.390882] pci 0000:00:1c.6: PCI bridge to [bus 07-07]
Jul  5 23:38:16 node7 kernel: [    0.390891] pci 0000:00:1c.7: PCI bridge to [bus 08-08]
Jul  5 23:38:16 node7 kernel: [    0.390895] pci 0000:00:1c.7:   bridge window [mem 0xef200000-0xef2fffff]
Jul  5 23:38:16 node7 kernel: [    0.390902] pci 0000:00:1e.0: PCI bridge to [bus 09-09]
Jul  5 23:38:16 node7 kernel: [    0.390905] pci 0000:00:1e.0:   bridge window [mem 0xef100000-0xef1fffff]
Jul  5 23:38:16 node7 kernel: [    0.390964] pci 0000:00:1e.0: setting latency timer to 64
Jul  5 23:38:16 node7 kernel: [    0.390967] pci_bus 0000:00: resource 4 [io  0x0000-0x03af]
Jul  5 23:38:16 node7 kernel: [    0.390968] pci_bus 0000:00: resource 5 [io  0x03e0-0x0cf7]
Jul  5 23:38:16 node7 kernel: [    0.390970] pci_bus 0000:00: resource 6 [io  0x03b0-0x03df]
Jul  5 23:38:16 node7 kernel: [    0.390971] pci_bus 0000:00: resource 7 [io  0x0d00-0xffff]
Jul  5 23:38:16 node7 kernel: [    0.390972] pci_bus 0000:00: resource 8 [mem 0x000a0000-0x000bffff]
Jul  5 23:38:16 node7 kernel: [    0.390973] pci_bus 0000:00: resource 9 [mem 0x000c0000-0x000dffff]
Jul  5 23:38:16 node7 kernel: [    0.390974] pci_bus 0000:00: resource 10 [mem 0xe0000000-0xefffffff]
Jul  5 23:38:16 node7 kernel: [    0.390975] pci_bus 0000:05: resource 0 [io  0xc000-0xcfff]
Jul  5 23:38:16 node7 kernel: [    0.390976] pci_bus 0000:05: resource 1 [mem 0xee000000-0xef0fffff]
Jul  5 23:38:16 node7 kernel: [    0.390977] pci_bus 0000:05: resource 2 [mem 0xe0000000-0xe9ffffff 64bit pref]
Jul  5 23:38:16 node7 kernel: [    0.390979] pci_bus 0000:02: resource 0 [io  0xd000-0xdfff]
Jul  5 23:38:16 node7 kernel: [    0.390980] pci_bus 0000:02: resource 2 [mem 0xea400000-0xea8fffff 64bit pref]
Jul  5 23:38:16 node7 kernel: [    0.390981] pci_bus 0000:08: resource 1 [mem 0xef200000-0xef2fffff]
Jul  5 23:38:16 node7 kernel: [    0.390983] pci_bus 0000:09: resource 1 [mem 0xef100000-0xef1fffff]
Jul  5 23:38:16 node7 kernel: [    0.390984] pci_bus 0000:09: resource 4 [io  0x0000-0x03af]
Jul  5 23:38:16 node7 kernel: [    0.390985] pci_bus 0000:09: resource 5 [io  0x03e0-0x0cf7]
Jul  5 23:38:16 node7 kernel: [    0.390986] pci_bus 0000:09: resource 6 [io  0x03b0-0x03df]
Jul  5 23:38:16 node7 kernel: [    0.390987] pci_bus 0000:09: resource 7 [io  0x0d00-0xffff]
Jul  5 23:38:16 node7 kernel: [    0.390988] pci_bus 0000:09: resource 8 [mem 0x000a0000-0x000bffff]
Jul  5 23:38:16 node7 kernel: [    0.390989] pci_bus 0000:09: resource 9 [mem 0x000c0000-0x000dffff]
Jul  5 23:38:16 node7 kernel: [    0.390990] pci_bus 0000:09: resource 10 [mem 0xe0000000-0xefffffff]
Jul  5 23:38:16 node7 kernel: [    0.390991] pci_bus 0000:40: resource 4 [io  0x0000-0x03af]
Jul  5 23:38:16 node7 kernel: [    0.390992] pci_bus 0000:40: resource 5 [io  0x03e0-0x0cf7]
Jul  5 23:38:16 node7 kernel: [    0.390993] pci_bus 0000:40: resource 6 [mem 0x000c0000-0x000dffff]
Jul  5 23:38:16 node7 kernel: [    0.390995] pci_bus 0000:7f: resource 4 [io  0x0000-0xffff]
Jul  5 23:38:16 node7 kernel: [    0.390996] pci_bus 0000:7f: resource 5 [mem 0x00000000-0x3fffffffffff]
Jul  5 23:38:16 node7 kernel: [    0.391015] NET: Registered protocol family 2
Jul  5 23:38:16 node7 kernel: [    0.391089] IP route cache hash table entries: 131072 (order: 8, 1048576 bytes)
Jul  5 23:38:16 node7 kernel: [    0.391500] TCP established hash table entries: 524288 (order: 11, 8388608 bytes)
Jul  5 23:38:16 node7 kernel: [    0.392445] TCP bind hash table entries: 65536 (order: 8, 1048576 bytes)
Jul  5 23:38:16 node7 kernel: [    0.392562] TCP: Hash tables configured (established 524288 bind 65536)
Jul  5 23:38:16 node7 kernel: [    0.392563] TCP: reno registered
Jul  5 23:38:16 node7 kernel: [    0.392570] UDP hash table entries: 2048 (order: 4, 65536 bytes)
Jul  5 23:38:16 node7 kernel: [    0.392581] UDP-Lite hash table entries: 2048 (order: 4, 65536 bytes)
Jul  5 23:38:16 node7 kernel: [    0.392630] NET: Registered protocol family 1
Jul  5 23:38:16 node7 kernel: [    0.432362] pci 0000:05:00.0: Boot video device
Jul  5 23:38:16 node7 kernel: [    0.432589] PCI: CLS 64 bytes, default 64
Jul  5 23:38:16 node7 kernel: [    0.432590] PCI-DMA: Using software bounce buffering for IO (SWIOTLB)
Jul  5 23:38:16 node7 kernel: [    0.432592] software IO TLB [mem 0xc4e85000-0xc8e84fff] (64MB) mapped at [ffff8800c4e85000-ffff8800c8e84fff]
Jul  5 23:38:16 node7 kernel: [    0.433031] audit: initializing netlink socket (disabled)
Jul  5 23:38:16 node7 kernel: [    0.433043] type=2000 audit(1373042284.320:1): initialized
Jul  5 23:38:16 node7 kernel: [    0.448083] HugeTLB registered 2 MB page size, pre-allocated 0 pages
Jul  5 23:38:16 node7 kernel: [    0.449041] VFS: Disk quotas dquot_6.5.2
Jul  5 23:38:16 node7 kernel: [    0.449066] Dquot-cache hash table entries: 512 (order 0, 4096 bytes)
Jul  5 23:38:16 node7 kernel: [    0.449321] fuse init (API version 7.19)
Jul  5 23:38:16 node7 kernel: [    0.449363] msgmni has been set to 7698
Jul  5 23:38:16 node7 kernel: [    0.449574] Block layer SCSI generic (bsg) driver version 0.4 loaded (major 252)
Jul  5 23:38:16 node7 kernel: [    0.449590] io scheduler noop registered
Jul  5 23:38:16 node7 kernel: [    0.449592] io scheduler deadline registered (default)
Jul  5 23:38:16 node7 kernel: [    0.449606] io scheduler cfq registered
Jul  5 23:38:16 node7 kernel: [    0.450030] ioapic: probe of 0000:00:05.4 failed with error -22
Jul  5 23:38:16 node7 kernel: [    0.450036] pci_hotplug: PCI Hot Plug PCI Core version: 0.5
Jul  5 23:38:16 node7 kernel: [    0.450046] pciehp: PCI Express Hot Plug Controller Driver version: 0.4
Jul  5 23:38:16 node7 kernel: [    0.450100] efifb: probing for efifb
Jul  5 23:38:16 node7 kernel: [    0.450267] efifb: framebuffer at 0xe9000000, mapped to 0xffffc90012280000, using 1920k, total 1920k
Jul  5 23:38:16 node7 kernel: [    0.450268] efifb: mode is 800x600x32, linelength=3200, pages=1
Jul  5 23:38:16 node7 kernel: [    0.450269] efifb: scrolling: redraw
Jul  5 23:38:16 node7 kernel: [    0.450270] efifb: Truecolor: size=8:8:8:8, shift=24:16:8:0
Jul  5 23:38:16 node7 kernel: [    0.450317] Console: switching to colour frame buffer device 100x37
Jul  5 23:38:16 node7 kernel: [    0.450326] fb0: EFI VGA frame buffer device
Jul  5 23:38:16 node7 kernel: [    0.450329] intel_idle: MWAIT substates: 0x21120
Jul  5 23:38:16 node7 kernel: [    0.450330] intel_idle: v0.4 model 0x2D
Jul  5 23:38:16 node7 kernel: [    0.450330] intel_idle: lapic_timer_reliable_states 0xffffffff
Jul  5 23:38:16 node7 kernel: [    0.450383] input: Power Button as /devices/LNXSYSTM:00/device:00/PNP0C0C:00/input/input0
Jul  5 23:38:16 node7 kernel: [    0.450387] ACPI: Power Button [PWRB]
Jul  5 23:38:16 node7 kernel: [    0.450410] input: Power Button as /devices/LNXSYSTM:00/LNXPWRBN:00/input/input1
Jul  5 23:38:16 node7 kernel: [    0.450411] ACPI: Power Button [PWRF]
Jul  5 23:38:16 node7 kernel: [    0.450458] ACPI: Requesting acpi_cpufreq
Jul  5 23:38:16 node7 kernel: [    0.454460] Freeing initrd memory: 15184k freed
Jul  5 23:38:16 node7 kernel: [    0.468082] GHES: HEST is not enabled!
Jul  5 23:38:16 node7 kernel: [    0.468140] Serial: 8250/16550 driver, 32 ports, IRQ sharing enabled
Jul  5 23:38:16 node7 kernel: [    0.468760] serial 0000:00:16.3: enabling device (0000 -> 0003)
Jul  5 23:38:16 node7 kernel: [    0.468789] serial8250: skipping TxEn test for device [8086:1d3d] subsystem [103c:1589]
Jul  5 23:38:16 node7 kernel: [    0.488981] 0000:00:16.3: ttyS4 at I/O 0xe060 (irq = 17) is a 16550A
Jul  5 23:38:16 node7 kernel: [    0.489123] Linux agpgart interface v0.103
Jul  5 23:38:16 node7 kernel: [    0.489842] brd: module loaded
Jul  5 23:38:16 node7 kernel: [    0.490199] loop: module loaded
Jul  5 23:38:16 node7 kernel: [    0.490259] ahci 0000:00:1f.2: version 3.0
Jul  5 23:38:16 node7 kernel: [    0.490308] ahci 0000:00:1f.2: irq 64 for MSI/MSI-X
Jul  5 23:38:16 node7 kernel: [    0.504331] ahci 0000:00:1f.2: AHCI 0001.0300 32 slots 6 ports 6 Gbps 0x5 impl RAID mode
Jul  5 23:38:16 node7 kernel: [    0.504333] ahci 0000:00:1f.2: flags: 64bit ncq sntf pm led clo pio slum part ems sxs apst 
Jul  5 23:38:16 node7 kernel: [    0.504336] ahci 0000:00:1f.2: setting latency timer to 64
Jul  5 23:38:16 node7 kernel: [    0.512541] scsi0 : ahci
Jul  5 23:38:16 node7 kernel: [    0.512580] scsi1 : ahci
Jul  5 23:38:16 node7 kernel: [    0.512613] scsi2 : ahci
Jul  5 23:38:16 node7 kernel: [    0.512644] scsi3 : ahci
Jul  5 23:38:16 node7 kernel: [    0.512677] scsi4 : ahci
Jul  5 23:38:16 node7 kernel: [    0.512708] scsi5 : ahci
Jul  5 23:38:16 node7 kernel: [    0.512776] ata1: SATA max UDMA/133 abar m2048@0xef329000 port 0xef329100 irq 64
Jul  5 23:38:16 node7 kernel: [    0.512776] ata2: DUMMY
Jul  5 23:38:16 node7 kernel: [    0.512778] ata3: SATA max UDMA/133 abar m2048@0xef329000 port 0xef329200 irq 64
Jul  5 23:38:16 node7 kernel: [    0.512779] ata4: DUMMY
Jul  5 23:38:16 node7 kernel: [    0.512779] ata5: DUMMY
Jul  5 23:38:16 node7 kernel: [    0.512780] ata6: DUMMY
Jul  5 23:38:16 node7 kernel: [    0.512847] pata_acpi 0000:00:16.2: setting latency timer to 64
Jul  5 23:38:16 node7 kernel: [    0.512887] ata_generic 0000:00:16.2: setting latency timer to 64
Jul  5 23:38:16 node7 kernel: [    0.513019] scsi6 : ata_generic
Jul  5 23:38:16 node7 kernel: [    0.513054] scsi7 : ata_generic
Jul  5 23:38:16 node7 kernel: [    0.513073] ata7: PATA max UDMA/100 cmd 0xe0b0 ctl 0xe0a0 bmdma 0xe070 irq 18
Jul  5 23:38:16 node7 kernel: [    0.513074] ata8: PATA max UDMA/100 cmd 0xe090 ctl 0xe080 bmdma 0xe078 irq 18
Jul  5 23:38:16 node7 kernel: [    0.513217] Fixed MDIO Bus: probed
Jul  5 23:38:16 node7 kernel: [    0.513237] tun: Universal TUN/TAP device driver, 1.6
Jul  5 23:38:16 node7 kernel: [    0.513238] tun: (C) 1999-2004 Max Krasnyansky <maxk@qualcomm.com>
Jul  5 23:38:16 node7 kernel: [    0.513260] PPP generic driver version 2.4.2
Jul  5 23:38:16 node7 kernel: [    0.513285] ehci_hcd: USB 2.0 'Enhanced' Host Controller (EHCI) Driver
Jul  5 23:38:16 node7 kernel: [    0.513307] ehci_hcd 0000:00:1a.0: setting latency timer to 64
Jul  5 23:38:16 node7 kernel: [    0.513309] ehci_hcd 0000:00:1a.0: EHCI Host Controller
Jul  5 23:38:16 node7 kernel: [    0.513313] ehci_hcd 0000:00:1a.0: new USB bus registered, assigned bus number 1
Jul  5 23:38:16 node7 kernel: [    0.513330] ehci_hcd 0000:00:1a.0: debug port 2
Jul  5 23:38:16 node7 kernel: [    0.517198] ehci_hcd 0000:00:1a.0: cache line size of 64 is not supported
Jul  5 23:38:16 node7 kernel: [    0.517207] ehci_hcd 0000:00:1a.0: irq 16, io mem 0xef32c000
Jul  5 23:38:16 node7 kernel: [    0.528294] ehci_hcd 0000:00:1a.0: USB 2.0 started, EHCI 1.00
Jul  5 23:38:16 node7 kernel: [    0.528323] usb usb1: New USB device found, idVendor=1d6b, idProduct=0002
Jul  5 23:38:16 node7 kernel: [    0.528324] usb usb1: New USB device strings: Mfr=3, Product=2, SerialNumber=1
Jul  5 23:38:16 node7 kernel: [    0.528326] usb usb1: Product: EHCI Host Controller
Jul  5 23:38:16 node7 kernel: [    0.528327] usb usb1: Manufacturer: Linux 3.5.0-23-generic ehci_hcd
Jul  5 23:38:16 node7 kernel: [    0.528328] usb usb1: SerialNumber: 0000:00:1a.0
Jul  5 23:38:16 node7 kernel: [    0.528388] hub 1-0:1.0: USB hub found
Jul  5 23:38:16 node7 kernel: [    0.528391] hub 1-0:1.0: 2 ports detected
Jul  5 23:38:16 node7 kernel: [    0.528446] ehci_hcd 0000:00:1d.0: setting latency timer to 64
Jul  5 23:38:16 node7 kernel: [    0.528448] ehci_hcd 0000:00:1d.0: EHCI Host Controller
Jul  5 23:38:16 node7 kernel: [    0.528451] ehci_hcd 0000:00:1d.0: new USB bus registered, assigned bus number 2
Jul  5 23:38:16 node7 kernel: [    0.528467] ehci_hcd 0000:00:1d.0: debug port 2
Jul  5 23:38:16 node7 kernel: [    0.532356] ehci_hcd 0000:00:1d.0: cache line size of 64 is not supported
Jul  5 23:38:16 node7 kernel: [    0.532366] ehci_hcd 0000:00:1d.0: irq 23, io mem 0xef32b000
Jul  5 23:38:16 node7 kernel: [    0.544287] ehci_hcd 0000:00:1d.0: USB 2.0 started, EHCI 1.00
Jul  5 23:38:16 node7 kernel: [    0.544313] usb usb2: New USB device found, idVendor=1d6b, idProduct=0002
Jul  5 23:38:16 node7 kernel: [    0.544314] usb usb2: New USB device strings: Mfr=3, Product=2, SerialNumber=1
Jul  5 23:38:16 node7 kernel: [    0.544316] usb usb2: Product: EHCI Host Controller
Jul  5 23:38:16 node7 kernel: [    0.544317] usb usb2: Manufacturer: Linux 3.5.0-23-generic ehci_hcd
Jul  5 23:38:16 node7 kernel: [    0.544318] usb usb2: SerialNumber: 0000:00:1d.0
Jul  5 23:38:16 node7 kernel: [    0.544370] hub 2-0:1.0: USB hub found
Jul  5 23:38:16 node7 kernel: [    0.544372] hub 2-0:1.0: 2 ports detected
Jul  5 23:38:16 node7 kernel: [    0.544411] ohci_hcd: USB 1.1 'Open' Host Controller (OHCI) Driver
Jul  5 23:38:16 node7 kernel: [    0.544421] uhci_hcd: USB Universal Host Controller Interface driver
Jul  5 23:38:16 node7 kernel: [    0.544455] xhci_hcd 0000:08:00.0: xHCI Host Controller
Jul  5 23:38:16 node7 kernel: [    0.544458] xhci_hcd 0000:08:00.0: new USB bus registered, assigned bus number 3
Jul  5 23:38:16 node7 kernel: [    0.544618] xhci_hcd 0000:08:00.0: irq 19, io mem 0xef200000
Jul  5 23:38:16 node7 kernel: [    0.544680] xhci_hcd 0000:08:00.0: irq 65 for MSI/MSI-X
Jul  5 23:38:16 node7 kernel: [    0.544683] xhci_hcd 0000:08:00.0: irq 66 for MSI/MSI-X
Jul  5 23:38:16 node7 kernel: [    0.544686] xhci_hcd 0000:08:00.0: irq 67 for MSI/MSI-X
Jul  5 23:38:16 node7 kernel: [    0.544690] xhci_hcd 0000:08:00.0: irq 68 for MSI/MSI-X
Jul  5 23:38:16 node7 kernel: [    0.544693] xhci_hcd 0000:08:00.0: irq 69 for MSI/MSI-X
Jul  5 23:38:16 node7 kernel: [    0.544696] xhci_hcd 0000:08:00.0: irq 70 for MSI/MSI-X
Jul  5 23:38:16 node7 kernel: [    0.544700] xhci_hcd 0000:08:00.0: irq 71 for MSI/MSI-X
Jul  5 23:38:16 node7 kernel: [    0.544704] xhci_hcd 0000:08:00.0: irq 72 for MSI/MSI-X
Jul  5 23:38:16 node7 kernel: [    0.544788] usb usb3: New USB device found, idVendor=1d6b, idProduct=0002
Jul  5 23:38:16 node7 kernel: [    0.544789] usb usb3: New USB device strings: Mfr=3, Product=2, SerialNumber=1
Jul  5 23:38:16 node7 kernel: [    0.544790] usb usb3: Product: xHCI Host Controller
Jul  5 23:38:16 node7 kernel: [    0.544791] usb usb3: Manufacturer: Linux 3.5.0-23-generic xhci_hcd
Jul  5 23:38:16 node7 kernel: [    0.544792] usb usb3: SerialNumber: 0000:08:00.0
Jul  5 23:38:16 node7 kernel: [    0.544829] xHCI xhci_add_endpoint called for root hub
Jul  5 23:38:16 node7 kernel: [    0.544830] xHCI xhci_check_bandwidth called for root hub
Jul  5 23:38:16 node7 kernel: [    0.544841] hub 3-0:1.0: USB hub found
Jul  5 23:38:16 node7 kernel: [    0.544848] hub 3-0:1.0: 4 ports detected
Jul  5 23:38:16 node7 kernel: [    0.544895] xhci_hcd 0000:08:00.0: xHCI Host Controller
Jul  5 23:38:16 node7 kernel: [    0.544897] xhci_hcd 0000:08:00.0: new USB bus registered, assigned bus number 4
Jul  5 23:38:16 node7 kernel: [    0.544914] usb usb4: New USB device found, idVendor=1d6b, idProduct=0003
Jul  5 23:38:16 node7 kernel: [    0.544915] usb usb4: New USB device strings: Mfr=3, Product=2, SerialNumber=1
Jul  5 23:38:16 node7 kernel: [    0.544916] usb usb4: Product: xHCI Host Controller
Jul  5 23:38:16 node7 kernel: [    0.544918] usb usb4: Manufacturer: Linux 3.5.0-23-generic xhci_hcd
Jul  5 23:38:16 node7 kernel: [    0.544919] usb usb4: SerialNumber: 0000:08:00.0
Jul  5 23:38:16 node7 kernel: [    0.544950] xHCI xhci_add_endpoint called for root hub
Jul  5 23:38:16 node7 kernel: [    0.544951] xHCI xhci_check_bandwidth called for root hub
Jul  5 23:38:16 node7 kernel: [    0.544962] hub 4-0:1.0: USB hub found
Jul  5 23:38:16 node7 kernel: [    0.544970] hub 4-0:1.0: 4 ports detected
Jul  5 23:38:16 node7 kernel: [    0.545052] usbcore: registered new interface driver libusual
Jul  5 23:38:16 node7 kernel: [    0.545074] i8042: PNP: PS/2 Controller [PNP0303:PS2K,PNP0f03:PS2M] at 0x60,0x64 irq 1,12
Jul  5 23:38:16 node7 kernel: [    0.547746] serio: i8042 KBD port at 0x60,0x64 irq 1
Jul  5 23:38:16 node7 kernel: [    0.547750] serio: i8042 AUX port at 0x60,0x64 irq 12
Jul  5 23:38:16 node7 kernel: [    0.547792] mousedev: PS/2 mouse device common for all mice
Jul  5 23:38:16 node7 kernel: [    0.547870] rtc_cmos 00:06: RTC can wake from S4
Jul  5 23:38:16 node7 kernel: [    0.547968] rtc_cmos 00:06: rtc core: registered rtc_cmos as rtc0
Jul  5 23:38:16 node7 kernel: [    0.547992] rtc0: alarms up to one month, y3k, 114 bytes nvram, hpet irqs
Jul  5 23:38:16 node7 kernel: [    0.548030] device-mapper: uevent: version 1.0.3
Jul  5 23:38:16 node7 kernel: [    0.548065] device-mapper: ioctl: 4.22.0-ioctl (2011-10-19) initialised: dm-devel@redhat.com
Jul  5 23:38:16 node7 kernel: [    0.548146] cpuidle: using governor ladder
Jul  5 23:38:16 node7 kernel: [    0.548253] cpuidle: using governor menu
Jul  5 23:38:16 node7 kernel: [    0.548254] EFI Variables Facility v0.08 2004-May-17
Jul  5 23:38:16 node7 kernel: [    0.554638] ashmem: initialized
Jul  5 23:38:16 node7 kernel: [    0.554709] TCP: cubic registered
Jul  5 23:38:16 node7 kernel: [    0.554757] NET: Registered protocol family 10
Jul  5 23:38:16 node7 kernel: [    0.554866] NET: Registered protocol family 17
Jul  5 23:38:16 node7 kernel: [    0.554871] Key type dns_resolver registered
Jul  5 23:38:16 node7 kernel: [    0.554952] PM: Hibernation image not present or could not be loaded.
Jul  5 23:38:16 node7 kernel: [    0.554961] registered taskstats version 1
Jul  5 23:38:16 node7 kernel: [    0.556286] Key type trusted registered
Jul  5 23:38:16 node7 kernel: [    0.557463] Key type encrypted registered
Jul  5 23:38:16 node7 kernel: [    0.559618]   Magic number: 5:658:640
Jul  5 23:38:16 node7 kernel: [    0.559722] rtc_cmos 00:06: setting system clock to 2013-07-05 16:38:05 UTC (1373042285)
Jul  5 23:38:16 node7 kernel: [    0.560538] BIOS EDD facility v0.16 2004-Jun-25, 0 devices found
Jul  5 23:38:16 node7 kernel: [    0.560539] EDD information not available.
Jul  5 23:38:16 node7 kernel: [    0.832168] ata3: SATA link up 1.5 Gbps (SStatus 113 SControl 300)
Jul  5 23:38:16 node7 kernel: [    0.832186] ata1: SATA link up 6.0 Gbps (SStatus 133 SControl 300)
Jul  5 23:38:16 node7 kernel: [    0.833174] ata1.00: ATA-8: ST500DM002-1BD142, HP73, max UDMA/100
Jul  5 23:38:16 node7 kernel: [    0.833176] ata1.00: 976773168 sectors, multi 16: LBA48 NCQ (depth 31/32)
Jul  5 23:38:16 node7 kernel: [    0.834429] ata1.00: configured for UDMA/100
Jul  5 23:38:16 node7 kernel: [    0.834510] scsi 0:0:0:0: Direct-Access     ATA      ST500DM002-1BD14 HP73 PQ: 0 ANSI: 5
Jul  5 23:38:16 node7 kernel: [    0.834533] ata3.00: ATAPI: hp      DVD A  DH16ACSHR, JHG7, max UDMA/100
Jul  5 23:38:16 node7 kernel: [    0.834635] sd 0:0:0:0: [sda] 976773168 512-byte logical blocks: (500 GB/465 GiB)
Jul  5 23:38:16 node7 kernel: [    0.834637] sd 0:0:0:0: [sda] 4096-byte physical blocks
Jul  5 23:38:16 node7 kernel: [    0.834659] sd 0:0:0:0: Attached scsi generic sg0 type 0
Jul  5 23:38:16 node7 kernel: [    0.834805] sd 0:0:0:0: [sda] Write Protect is off
Jul  5 23:38:16 node7 kernel: [    0.834808] sd 0:0:0:0: [sda] Mode Sense: 00 3a 00 00
Jul  5 23:38:16 node7 kernel: [    0.834939] sd 0:0:0:0: [sda] Write cache: enabled, read cache: enabled, doesn't support DPO or FUA
Jul  5 23:38:16 node7 kernel: [    0.835441] ata3.00: configured for UDMA/100
Jul  5 23:38:16 node7 kernel: [    0.840155] usb 1-1: new high-speed USB device number 2 using ehci_hcd
Jul  5 23:38:16 node7 kernel: [    0.872279]  sda: sda1 sda2 sda3
Jul  5 23:38:16 node7 kernel: [    0.873057] sd 0:0:0:0: [sda] Attached SCSI disk
Jul  5 23:38:16 node7 kernel: [    0.876465] scsi 2:0:0:0: CD-ROM            hp       DVD A  DH16ACSHR JHG7 PQ: 0 ANSI: 5
Jul  5 23:38:16 node7 kernel: [    0.880262] sr0: scsi3-mmc drive: 40x/40x writer dvd-ram cd/rw xa/form2 cdda tray
Jul  5 23:38:16 node7 kernel: [    0.880264] cdrom: Uniform CD-ROM driver Revision: 3.20
Jul  5 23:38:16 node7 kernel: [    0.880365] sr 2:0:0:0: Attached scsi CD-ROM sr0
Jul  5 23:38:16 node7 kernel: [    0.880451] sr 2:0:0:0: Attached scsi generic sg1 type 5
Jul  5 23:38:16 node7 kernel: [    0.972459] usb 1-1: New USB device found, idVendor=8087, idProduct=0024
Jul  5 23:38:16 node7 kernel: [    0.972461] usb 1-1: New USB device strings: Mfr=0, Product=0, SerialNumber=0
Jul  5 23:38:16 node7 kernel: [    0.972715] hub 1-1:1.0: USB hub found
Jul  5 23:38:16 node7 kernel: [    0.972821] hub 1-1:1.0: 6 ports detected
Jul  5 23:38:16 node7 kernel: [    1.047778] Freeing unused kernel memory: 948k freed
Jul  5 23:38:16 node7 kernel: [    1.047871] Write protecting the kernel read-only data: 12288k
Jul  5 23:38:16 node7 kernel: [    1.050254] Freeing unused kernel memory: 1352k freed
Jul  5 23:38:16 node7 kernel: [    1.052172] Freeing unused kernel memory: 1048k freed
Jul  5 23:38:16 node7 kernel: [    1.078797] isci: Intel(R) C600 SAS Controller Driver - version 1.1.0
Jul  5 23:38:16 node7 kernel: [    1.078817] isci 0000:02:00.0: driver configured for rev: 5 silicon
Jul  5 23:38:16 node7 kernel: [    1.078897] isci 0000:02:00.0: Unable to obtain EFI var data for OEM parms
Jul  5 23:38:16 node7 kernel: [    1.078900] isci 0000:02:00.0: OEM parameter table found in OROM
Jul  5 23:38:16 node7 kernel: [    1.078903] isci 0000:02:00.0: OEM SAS parameters (version: 1.1) loaded (platform)
Jul  5 23:38:16 node7 kernel: [    1.079706] e1000e: Intel(R) PRO/1000 Network Driver - 2.0.0-k
Jul  5 23:38:16 node7 kernel: [    1.079708] e1000e: Copyright(c) 1999 - 2012 Intel Corporation.
Jul  5 23:38:16 node7 kernel: [    1.079737] e1000e 0000:00:19.0: setting latency timer to 64
Jul  5 23:38:16 node7 kernel: [    1.079794] e1000e 0000:00:19.0: Interrupt Throttling Rate (ints/sec) set to dynamic conservative mode
Jul  5 23:38:16 node7 kernel: [    1.079826] e1000e 0000:00:19.0: irq 73 for MSI/MSI-X
Jul  5 23:38:16 node7 kernel: [    1.080133] isci 0000:02:00.0: SCU controller 0: phy 3-0 cables: {short, short, short, short}
Jul  5 23:38:16 node7 kernel: [    1.082339] scsi8 : isci
Jul  5 23:38:16 node7 kernel: [    1.082717] isci 0000:02:00.0: irq 74 for MSI/MSI-X
Jul  5 23:38:16 node7 kernel: [    1.082723] isci 0000:02:00.0: irq 75 for MSI/MSI-X
Jul  5 23:38:16 node7 kernel: [    1.084019] usb 2-1: new high-speed USB device number 2 using ehci_hcd
Jul  5 23:38:16 node7 kernel: [    1.088231] firewire_ohci 0000:09:05.0: enabling device (0100 -> 0102)
Jul  5 23:38:16 node7 kernel: [    1.144021] firewire_ohci 0000:09:05.0: added OHCI v1.0 device as card 0, 8 IR + 8 IT contexts, quirks 0x0
Jul  5 23:38:16 node7 kernel: [    1.216277] usb 2-1: New USB device found, idVendor=8087, idProduct=0024
Jul  5 23:38:16 node7 kernel: [    1.216283] usb 2-1: New USB device strings: Mfr=0, Product=0, SerialNumber=0
Jul  5 23:38:16 node7 kernel: [    1.216531] hub 2-1:1.0: USB hub found
Jul  5 23:38:16 node7 kernel: [    1.216639] hub 2-1:1.0: 8 ports detected
Jul  5 23:38:16 node7 kernel: [    1.286851] e1000e 0000:00:19.0: eth0: (PCI Express:2.5GT/s:Width x1) 10:60:4b:6b:f8:48
Jul  5 23:38:16 node7 kernel: [    1.286853] e1000e 0000:00:19.0: eth0: Intel(R) PRO/1000 Network Connection
Jul  5 23:38:16 node7 kernel: [    1.286894] e1000e 0000:00:19.0: eth0: MAC: 10, PHY: 11, PBA No: 0100FF-0FF
Jul  5 23:38:16 node7 kernel: [    1.431866] Refined TSC clocksource calibration: 3591.121 MHz.
Jul  5 23:38:16 node7 kernel: [    1.431869] Switching to clocksource tsc
Jul  5 23:38:16 node7 kernel: [    1.487877] usb 2-1.1: new low-speed USB device number 3 using ehci_hcd
Jul  5 23:38:16 node7 kernel: [    1.529090] EXT4-fs (sda2): mounted filesystem with ordered data mode. Opts: (null)
Jul  5 23:38:16 node7 kernel: [    1.586258] usb 2-1.1: New USB device found, idVendor=413c, idProduct=2112
Jul  5 23:38:16 node7 kernel: [    1.586261] usb 2-1.1: New USB device strings: Mfr=1, Product=2, SerialNumber=0
Jul  5 23:38:16 node7 kernel: [    1.586262] usb 2-1.1: Product: Dell USB Wired Multimedia Keyboard
Jul  5 23:38:16 node7 kernel: [    1.586263] usb 2-1.1: Manufacturer: DELL
Jul  5 23:38:16 node7 kernel: [    1.643790] firewire_core 0000:09:05.0: created device fw0: GUID 0060b0000091f700, S400
Jul  5 23:38:16 node7 kernel: [    1.655860] usb 2-1.2: new low-speed USB device number 4 using ehci_hcd
Jul  5 23:38:16 node7 kernel: [    1.753499] usb 2-1.2: New USB device found, idVendor=046d, idProduct=c063
Jul  5 23:38:16 node7 kernel: [    1.753505] usb 2-1.2: New USB device strings: Mfr=1, Product=2, SerialNumber=0
Jul  5 23:38:16 node7 kernel: [    1.753509] usb 2-1.2: Product: DELL USB Laser Mouse
Jul  5 23:38:16 node7 kernel: [    1.753523] usb 2-1.2: Manufacturer: DELL
Jul  5 23:38:16 node7 kernel: [    3.243365] Adding 4105212k swap on /dev/sda3.  Priority:-1 extents:1 across:4105212k 
Jul  5 23:38:16 node7 kernel: [    4.108720] IPv6: ADDRCONF(NETDEV_UP): eth0: link is not ready
Jul  5 23:38:16 node7 kernel: [    4.697710] lp: driver loaded but no devices found
Jul  5 23:38:16 node7 kernel: [    5.176303] wmi: Mapper loaded
Jul  5 23:38:16 node7 kernel: [    5.213230] ACPI Warning: 0x0000000000000430-0x0000000000000433 SystemIO conflicts with Region \_SB_.PCI0.SBRG.SMIE 1 (20120320/utaddress-251)
Jul  5 23:38:16 node7 kernel: [    5.213234] ACPI: If an ACPI driver is available for this device, you should use it instead of the native driver
Jul  5 23:38:16 node7 kernel: [    5.213235] lpc_ich: Resource conflict(s) found affecting iTCO_wdt
Jul  5 23:38:16 node7 kernel: [    5.224088] microcode: CPU0 sig=0x206d7, pf=0x1, revision=0x70d
Jul  5 23:38:16 node7 kernel: [    5.263114] microcode: CPU1 sig=0x206d7, pf=0x1, revision=0x70d
Jul  5 23:38:16 node7 kernel: [    5.263789] microcode: CPU2 sig=0x206d7, pf=0x1, revision=0x70d
Jul  5 23:38:16 node7 kernel: [    5.264415] microcode: CPU3 sig=0x206d7, pf=0x1, revision=0x70d
Jul  5 23:38:16 node7 kernel: [    5.265021] microcode: CPU4 sig=0x206d7, pf=0x1, revision=0x70d
Jul  5 23:38:16 node7 kernel: [    5.265624] microcode: CPU5 sig=0x206d7, pf=0x1, revision=0x70d
Jul  5 23:38:16 node7 kernel: [    5.266226] microcode: CPU6 sig=0x206d7, pf=0x1, revision=0x70d
Jul  5 23:38:16 node7 kernel: [    5.266839] microcode: CPU7 sig=0x206d7, pf=0x1, revision=0x70d
Jul  5 23:38:16 node7 kernel: [    5.267463] microcode: Microcode Update Driver: v2.00 <tigran@aivazian.fsnet.co.uk>, Peter Oruba
Jul  5 23:38:16 node7 kernel: [    5.292218] EDAC MC: Ver: 2.1.0
Jul  5 23:38:16 node7 kernel: [    5.302185] EDAC sbridge: Seeking for: dev 0e.0 PCI ID 8086:3ca0
Jul  5 23:38:16 node7 kernel: [    5.302193] EDAC sbridge: Seeking for: dev 0e.0 PCI ID 8086:3ca0
Jul  5 23:38:16 node7 kernel: [    5.302196] EDAC sbridge: Seeking for: dev 0f.0 PCI ID 8086:3ca8
Jul  5 23:38:16 node7 kernel: [    5.302201] EDAC sbridge: Seeking for: dev 0f.0 PCI ID 8086:3ca8
Jul  5 23:38:16 node7 kernel: [    5.302202] EDAC sbridge: Seeking for: dev 0f.1 PCI ID 8086:3c71
Jul  5 23:38:16 node7 kernel: [    5.302205] EDAC sbridge: Seeking for: dev 0f.1 PCI ID 8086:3c71
Jul  5 23:38:16 node7 kernel: [    5.302207] EDAC sbridge: Seeking for: dev 0f.2 PCI ID 8086:3caa
Jul  5 23:38:16 node7 kernel: [    5.302210] EDAC sbridge: Seeking for: dev 0f.2 PCI ID 8086:3caa
Jul  5 23:38:16 node7 kernel: [    5.302211] EDAC sbridge: Seeking for: dev 0f.3 PCI ID 8086:3cab
Jul  5 23:38:16 node7 kernel: [    5.302214] EDAC sbridge: Seeking for: dev 0f.3 PCI ID 8086:3cab
Jul  5 23:38:16 node7 kernel: [    5.302215] EDAC sbridge: Seeking for: dev 0f.4 PCI ID 8086:3cac
Jul  5 23:38:16 node7 kernel: [    5.302218] EDAC sbridge: Seeking for: dev 0f.4 PCI ID 8086:3cac
Jul  5 23:38:16 node7 kernel: [    5.302220] EDAC sbridge: Seeking for: dev 0f.5 PCI ID 8086:3cad
Jul  5 23:38:16 node7 kernel: [    5.302223] EDAC sbridge: Seeking for: dev 0f.5 PCI ID 8086:3cad
Jul  5 23:38:16 node7 kernel: [    5.302224] EDAC sbridge: Seeking for: dev 11.0 PCI ID 8086:3cb8
Jul  5 23:38:16 node7 kernel: [    5.302227] EDAC sbridge: Seeking for: dev 11.0 PCI ID 8086:3cb8
Jul  5 23:38:16 node7 kernel: [    5.302228] EDAC sbridge: Seeking for: dev 0c.6 PCI ID 8086:3cf4
Jul  5 23:38:16 node7 kernel: [    5.302231] EDAC sbridge: Seeking for: dev 0c.6 PCI ID 8086:3cf4
Jul  5 23:38:16 node7 kernel: [    5.302233] EDAC sbridge: Seeking for: dev 0c.7 PCI ID 8086:3cf6
Jul  5 23:38:16 node7 kernel: [    5.302235] EDAC sbridge: Seeking for: dev 0c.7 PCI ID 8086:3cf6
Jul  5 23:38:16 node7 kernel: [    5.302237] EDAC sbridge: Seeking for: dev 0d.6 PCI ID 8086:3cf5
Jul  5 23:38:16 node7 kernel: [    5.302239] EDAC sbridge: Seeking for: dev 0d.6 PCI ID 8086:3cf5
Jul  5 23:38:16 node7 kernel: [    5.302285] EDAC MC0: Giving out device to 'sbridge_edac.c' 'Sandy Bridge Socket#0': DEV 0000:7f:0e.0
Jul  5 23:38:16 node7 kernel: [    5.302287] EDAC sbridge: Driver loaded.
Jul  5 23:38:16 node7 kernel: [    5.322348] [drm] Initialized drm 1.1.0 20060810
