Jul  8 10:09:09 node4 rsyslogd: [origin software="rsyslogd" swVersion="5.8.6" x-pid="1093" x-info="http://www.rsyslog.com"] rsyslogd was HUPed
Jul  8 10:10:20 node4 kernel: [ 3177.945443] nfs: server 10.1.1.2 not responding, timed out
Jul  8 10:12:25 node4 anacron[1378]: Job `cron.daily' terminated
Jul  8 10:12:25 node4 anacron[1378]: Normal exit (1 job run)
Jul  8 10:17:01 node4 CRON[3081]: (root) CMD (   cd / && run-parts --report /etc/cron.hourly)
Jul  8 11:17:01 node4 CRON[4665]: (root) CMD (   cd / && run-parts --report /etc/cron.hourly)
Jul  8 11:22:44 node4 kernel: [ 7519.287984] e1000e: eth0 NIC Link is Down
Jul  8 11:22:47 node4 kernel: [ 7522.488973] e1000e: eth0 NIC Link is Up 100 Mbps Full Duplex, Flow Control: None
Jul  8 11:22:47 node4 kernel: [ 7522.488982] e1000e 0000:00:19.0: eth0: 10/100 speed: disabling TSO
Jul  8 11:23:21 node4 kernel: [ 7556.816518] e1000e: eth0 NIC Link is Down
Jul  8 11:23:23 node4 kernel: [ 7558.542292] e1000e: eth0 NIC Link is Up 100 Mbps Full Duplex, Flow Control: Rx/Tx
Jul  8 11:23:23 node4 kernel: [ 7558.542300] e1000e 0000:00:19.0: eth0: 10/100 speed: disabling TSO
Jul  8 11:23:24 node4 kernel: [ 7559.719040] e1000e: eth0 NIC Link is Down
Jul  8 11:23:26 node4 kernel: [ 7561.456783] e1000e: eth0 NIC Link is Up 100 Mbps Full Duplex, Flow Control: Rx/Tx
Jul  8 11:23:26 node4 kernel: [ 7561.456791] e1000e 0000:00:19.0: eth0: 10/100 speed: disabling TSO
Jul  8 12:17:01 node4 CRON[7200]: (root) CMD (   cd / && run-parts --report /etc/cron.hourly)
Jul  8 13:17:01 node4 CRON[9805]: (root) CMD (   cd / && run-parts --report /etc/cron.hourly)
Jul  8 14:17:01 node4 CRON[15551]: (root) CMD (   cd / && run-parts --report /etc/cron.hourly)
Jul  8 22:29:08 node4 kernel: imklog 5.8.6, log source = /proc/kmsg started.
Jul  8 22:29:08 node4 rsyslogd: [origin software="rsyslogd" swVersion="5.8.6" x-pid="1089" x-info="http://www.rsyslog.com"] start
Jul  8 22:29:08 node4 rsyslogd: rsyslogd's groupid changed to 103
Jul  8 22:29:08 node4 rsyslogd: rsyslogd's userid changed to 101
Jul  8 22:29:08 node4 rsyslogd-2039: Could not open output pipe '/dev/xconsole' [try http://www.rsyslog.com/e/2039 ]
Jul  8 22:29:08 node4 kernel: [    0.000000] Initializing cgroup subsys cpuset
Jul  8 22:29:08 node4 kernel: [    0.000000] Initializing cgroup subsys cpu
Jul  8 22:29:08 node4 kernel: [    0.000000] Linux version 3.5.0-23-generic (buildd@komainu) (gcc version 4.6.3 (Ubuntu/Linaro 4.6.3-1ubuntu5) ) #35~precise1-Ubuntu SMP Fri Jan 25 17:13:26 UTC 2013 (Ubuntu 3.5.0-23.35~precise1-generic 3.5.7.2)
Jul  8 22:29:08 node4 kernel: [    0.000000] Command line: BOOT_IMAGE=/boot/vmlinuz-3.5.0-23-generic root=UUID=a7500ebb-becb-4bb8-b67a-5eacb14191cf ro quiet splash vt.handoff=7
Jul  8 22:29:08 node4 kernel: [    0.000000] KERNEL supported cpus:
Jul  8 22:29:08 node4 kernel: [    0.000000]   Intel GenuineIntel
Jul  8 22:29:08 node4 kernel: [    0.000000]   AMD AuthenticAMD
Jul  8 22:29:08 node4 kernel: [    0.000000]   Centaur CentaurHauls
Jul  8 22:29:08 node4 kernel: [    0.000000] e820: BIOS-provided physical RAM map:
Jul  8 22:29:08 node4 kernel: [    0.000000] BIOS-e820: [mem 0x0000000000000000-0x000000000009ffff] usable
Jul  8 22:29:08 node4 kernel: [    0.000000] BIOS-e820: [mem 0x0000000000100000-0x00000000c8ed0fff] usable
Jul  8 22:29:08 node4 kernel: [    0.000000] BIOS-e820: [mem 0x00000000c8ed1000-0x00000000c9ed0fff] reserved
Jul  8 22:29:08 node4 kernel: [    0.000000] BIOS-e820: [mem 0x00000000c9ed1000-0x00000000db573fff] usable
Jul  8 22:29:08 node4 kernel: [    0.000000] BIOS-e820: [mem 0x00000000db574000-0x00000000db870fff] reserved
Jul  8 22:29:08 node4 kernel: [    0.000000] BIOS-e820: [mem 0x00000000db871000-0x00000000db90cfff] ACPI data
Jul  8 22:29:08 node4 kernel: [    0.000000] BIOS-e820: [mem 0x00000000db90d000-0x00000000dba81fff] ACPI NVS
Jul  8 22:29:08 node4 kernel: [    0.000000] BIOS-e820: [mem 0x00000000dba82000-0x00000000dbb72fff] reserved
Jul  8 22:29:08 node4 kernel: [    0.000000] BIOS-e820: [mem 0x00000000dbb73000-0x00000000dbb73fff] usable
Jul  8 22:29:08 node4 kernel: [    0.000000] BIOS-e820: [mem 0x00000000dbb74000-0x00000000dbbf6fff] ACPI NVS
Jul  8 22:29:08 node4 kernel: [    0.000000] BIOS-e820: [mem 0x00000000dbbf7000-0x00000000dbffffff] usable
Jul  8 22:29:08 node4 kernel: [    0.000000] BIOS-e820: [mem 0x00000000f0000000-0x00000000f7ffffff] reserved
Jul  8 22:29:08 node4 kernel: [    0.000000] BIOS-e820: [mem 0x00000000fed1c000-0x00000000fed1ffff] reserved
Jul  8 22:29:08 node4 kernel: [    0.000000] BIOS-e820: [mem 0x00000000ff000000-0x00000000ffffffff] reserved
Jul  8 22:29:08 node4 kernel: [    0.000000] BIOS-e820: [mem 0x0000000100000000-0x000000011fffffff] usable
Jul  8 22:29:08 node4 kernel: [    0.000000] NX (Execute Disable) protection: active
Jul  8 22:29:08 node4 kernel: [    0.000000] efi: EFI v2.31 by American Megatrends
Jul  8 22:29:08 node4 kernel: [    0.000000] efi:  ACPI 2.0=0xdb890000  SMBIOS=0xdbb44b98  ACPI=0xdb890000  MPS=0xf4bd0 
Jul  8 22:29:08 node4 kernel: [    0.000000] efi: mem00: type=3, attr=0xf, range=[0x0000000000000000-0x0000000000008000) (0MB)
Jul  8 22:29:08 node4 kernel: [    0.000000] efi: mem01: type=7, attr=0xf, range=[0x0000000000008000-0x000000000003f000) (0MB)
Jul  8 22:29:08 node4 kernel: [    0.000000] efi: mem02: type=4, attr=0xf, range=[0x000000000003f000-0x0000000000050000) (0MB)
Jul  8 22:29:08 node4 kernel: [    0.000000] efi: mem03: type=3, attr=0xf, range=[0x0000000000050000-0x00000000000a0000) (0MB)
Jul  8 22:29:08 node4 kernel: [    0.000000] efi: mem04: type=3, attr=0xf, range=[0x0000000000100000-0x0000000000110000) (0MB)
Jul  8 22:29:08 node4 kernel: [    0.000000] efi: mem05: type=2, attr=0xf, range=[0x0000000000110000-0x00000000005ff000) (4MB)
Jul  8 22:29:08 node4 kernel: [    0.000000] efi: mem06: type=7, attr=0xf, range=[0x00000000005ff000-0x0000000001000000) (10MB)
Jul  8 22:29:08 node4 kernel: [    0.000000] efi: mem07: type=2, attr=0xf, range=[0x0000000001000000-0x0000000001100000) (1MB)
Jul  8 22:29:08 node4 kernel: [    0.000000] efi: mem08: type=7, attr=0xf, range=[0x0000000001100000-0x0000000036244000) (849MB)
Jul  8 22:29:08 node4 kernel: [    0.000000] efi: mem09: type=2, attr=0xf, range=[0x0000000036244000-0x0000000036247000) (0MB)
Jul  8 22:29:08 node4 kernel: [    0.000000] efi: mem10: type=7, attr=0xf, range=[0x0000000036247000-0x000000003624a000) (0MB)
Jul  8 22:29:08 node4 kernel: [    0.000000] efi: mem11: type=2, attr=0xf, range=[0x000000003624a000-0x000000003711d000) (14MB)
Jul  8 22:29:08 node4 kernel: [    0.000000] efi: mem12: type=7, attr=0xf, range=[0x000000003711d000-0x0000000095c8f000) (1515MB)
Jul  8 22:29:08 node4 kernel: [    0.000000] efi: mem13: type=2, attr=0xf, range=[0x0000000095c8f000-0x00000000c8ecb000) (818MB)
Jul  8 22:29:08 node4 kernel: [    0.000000] efi: mem14: type=7, attr=0xf, range=[0x00000000c8ecb000-0x00000000c8ed1000) (0MB)
Jul  8 22:29:08 node4 kernel: [    0.000000] efi: mem15: type=14, attr=0xf, range=[0x00000000c8ed1000-0x00000000c9ed1000) (16MB)
Jul  8 22:29:08 node4 kernel: [    0.000000] efi: mem16: type=1, attr=0xf, range=[0x00000000c9ed1000-0x00000000c9eef000) (0MB)
Jul  8 22:29:08 node4 kernel: [    0.000000] efi: mem17: type=7, attr=0xf, range=[0x00000000c9eef000-0x00000000cc647000) (39MB)
Jul  8 22:29:08 node4 kernel: [    0.000000] efi: mem18: type=4, attr=0xf, range=[0x00000000cc647000-0x00000000cc73e000) (0MB)
Jul  8 22:29:08 node4 kernel: [    0.000000] efi: mem19: type=7, attr=0xf, range=[0x00000000cc73e000-0x00000000cc753000) (0MB)
Jul  8 22:29:08 node4 kernel: [    0.000000] efi: mem20: type=4, attr=0xf, range=[0x00000000cc753000-0x00000000cc7fb000) (0MB)
Jul  8 22:29:08 node4 kernel: [    0.000000] efi: mem21: type=7, attr=0xf, range=[0x00000000cc7fb000-0x00000000cc863000) (0MB)
Jul  8 22:29:08 node4 kernel: [    0.000000] efi: mem22: type=4, attr=0xf, range=[0x00000000cc863000-0x00000000cd18e000) (9MB)
Jul  8 22:29:08 node4 kernel: [    0.000000] efi: mem23: type=7, attr=0xf, range=[0x00000000cd18e000-0x00000000cd18f000) (0MB)
Jul  8 22:29:08 node4 kernel: [    0.000000] efi: mem24: type=4, attr=0xf, range=[0x00000000cd18f000-0x00000000cd190000) (0MB)
Jul  8 22:29:08 node4 kernel: [    0.000000] efi: mem25: type=7, attr=0xf, range=[0x00000000cd190000-0x00000000cd193000) (0MB)
Jul  8 22:29:08 node4 kernel: [    0.000000] efi: mem26: type=4, attr=0xf, range=[0x00000000cd193000-0x00000000cd194000) (0MB)
Jul  8 22:29:08 node4 kernel: [    0.000000] efi: mem27: type=7, attr=0xf, range=[0x00000000cd194000-0x00000000cd1c1000) (0MB)
Jul  8 22:29:08 node4 kernel: [    0.000000] efi: mem28: type=4, attr=0xf, range=[0x00000000cd1c1000-0x00000000cd1c2000) (0MB)
Jul  8 22:29:08 node4 kernel: [    0.000000] efi: mem29: type=7, attr=0xf, range=[0x00000000cd1c2000-0x00000000cd1c4000) (0MB)
Jul  8 22:29:08 node4 kernel: [    0.000000] efi: mem30: type=4, attr=0xf, range=[0x00000000cd1c4000-0x00000000cd1c5000) (0MB)
Jul  8 22:29:08 node4 kernel: [    0.000000] efi: mem31: type=7, attr=0xf, range=[0x00000000cd1c5000-0x00000000cd280000) (0MB)
Jul  8 22:29:08 node4 kernel: [    0.000000] efi: mem32: type=4, attr=0xf, range=[0x00000000cd280000-0x00000000cd295000) (0MB)
Jul  8 22:29:08 node4 kernel: [    0.000000] efi: mem33: type=7, attr=0xf, range=[0x00000000cd295000-0x00000000cd2e1000) (0MB)
Jul  8 22:29:08 node4 kernel: [    0.000000] efi: mem34: type=4, attr=0xf, range=[0x00000000cd2e1000-0x00000000cd2e2000) (0MB)
Jul  8 22:29:08 node4 kernel: [    0.000000] efi: mem35: type=7, attr=0xf, range=[0x00000000cd2e2000-0x00000000cd33d000) (0MB)
Jul  8 22:29:08 node4 kernel: [    0.000000] efi: mem36: type=4, attr=0xf, range=[0x00000000cd33d000-0x00000000cd3a2000) (0MB)
Jul  8 22:29:08 node4 kernel: [    0.000000] efi: mem37: type=7, attr=0xf, range=[0x00000000cd3a2000-0x00000000cd3a3000) (0MB)
Jul  8 22:29:08 node4 kernel: [    0.000000] efi: mem38: type=4, attr=0xf, range=[0x00000000cd3a3000-0x00000000cd3cc000) (0MB)
Jul  8 22:29:08 node4 kernel: [    0.000000] efi: mem39: type=7, attr=0xf, range=[0x00000000cd3cc000-0x00000000cd3cd000) (0MB)
Jul  8 22:29:08 node4 kernel: [    0.000000] efi: mem40: type=4, attr=0xf, range=[0x00000000cd3cd000-0x00000000cd3d0000) (0MB)
Jul  8 22:29:08 node4 kernel: [    0.000000] efi: mem41: type=7, attr=0xf, range=[0x00000000cd3d0000-0x00000000cd581000) (1MB)
Jul  8 22:29:08 node4 kernel: [    0.000000] efi: mem42: type=4, attr=0xf, range=[0x00000000cd581000-0x00000000cd582000) (0MB)
Jul  8 22:29:08 node4 kernel: [    0.000000] efi: mem43: type=7, attr=0xf, range=[0x00000000cd582000-0x00000000cd5e0000) (0MB)
Jul  8 22:29:08 node4 kernel: [    0.000000] efi: mem44: type=4, attr=0xf, range=[0x00000000cd5e0000-0x00000000cd5e1000) (0MB)
Jul  8 22:29:08 node4 kernel: [    0.000000] efi: mem45: type=7, attr=0xf, range=[0x00000000cd5e1000-0x00000000cd5e3000) (0MB)
Jul  8 22:29:08 node4 kernel: [    0.000000] efi: mem46: type=4, attr=0xf, range=[0x00000000cd5e3000-0x00000000cd60c000) (0MB)
Jul  8 22:29:08 node4 kernel: [    0.000000] efi: mem47: type=7, attr=0xf, range=[0x00000000cd60c000-0x00000000cd60e000) (0MB)
Jul  8 22:29:08 node4 kernel: [    0.000000] efi: mem48: type=4, attr=0xf, range=[0x00000000cd60e000-0x00000000cd60f000) (0MB)
Jul  8 22:29:08 node4 kernel: [    0.000000] efi: mem49: type=7, attr=0xf, range=[0x00000000cd60f000-0x00000000cd615000) (0MB)
Jul  8 22:29:08 node4 kernel: [    0.000000] efi: mem50: type=4, attr=0xf, range=[0x00000000cd615000-0x00000000cd616000) (0MB)
Jul  8 22:29:08 node4 kernel: [    0.000000] efi: mem51: type=7, attr=0xf, range=[0x00000000cd616000-0x00000000cd81d000) (2MB)
Jul  8 22:29:08 node4 kernel: [    0.000000] efi: mem52: type=4, attr=0xf, range=[0x00000000cd81d000-0x00000000cd81e000) (0MB)
Jul  8 22:29:08 node4 kernel: [    0.000000] efi: mem53: type=7, attr=0xf, range=[0x00000000cd81e000-0x00000000cd81f000) (0MB)
Jul  8 22:29:08 node4 kernel: [    0.000000] efi: mem54: type=4, attr=0xf, range=[0x00000000cd81f000-0x00000000cd848000) (0MB)
Jul  8 22:29:08 node4 kernel: [    0.000000] efi: mem55: type=7, attr=0xf, range=[0x00000000cd848000-0x00000000cd84c000) (0MB)
Jul  8 22:29:08 node4 kernel: [    0.000000] efi: mem56: type=4, attr=0xf, range=[0x00000000cd84c000-0x00000000cd84e000) (0MB)
Jul  8 22:29:08 node4 kernel: [    0.000000] efi: mem57: type=7, attr=0xf, range=[0x00000000cd84e000-0x00000000cda60000) (2MB)
Jul  8 22:29:08 node4 kernel: [    0.000000] efi: mem58: type=4, attr=0xf, range=[0x00000000cda60000-0x00000000cda61000) (0MB)
Jul  8 22:29:08 node4 kernel: [    0.000000] efi: mem59: type=7, attr=0xf, range=[0x00000000cda61000-0x00000000cda62000) (0MB)
Jul  8 22:29:08 node4 kernel: [    0.000000] efi: mem60: type=4, attr=0xf, range=[0x00000000cda62000-0x00000000cda8b000) (0MB)
Jul  8 22:29:08 node4 kernel: [    0.000000] efi: mem61: type=7, attr=0xf, range=[0x00000000cda8b000-0x00000000cda90000) (0MB)
Jul  8 22:29:08 node4 kernel: [    0.000000] efi: mem62: type=4, attr=0xf, range=[0x00000000cda90000-0x00000000cda91000) (0MB)
Jul  8 22:29:08 node4 kernel: [    0.000000] efi: mem63: type=7, attr=0xf, range=[0x00000000cda91000-0x00000000cda98000) (0MB)
Jul  8 22:29:08 node4 kernel: [    0.000000] efi: mem64: type=4, attr=0xf, range=[0x00000000cda98000-0x00000000cda99000) (0MB)
Jul  8 22:29:08 node4 kernel: [    0.000000] efi: mem65: type=7, attr=0xf, range=[0x00000000cda99000-0x00000000cdad7000) (0MB)
Jul  8 22:29:08 node4 kernel: [    0.000000] efi: mem66: type=4, attr=0xf, range=[0x00000000cdad7000-0x00000000cdad8000) (0MB)
Jul  8 22:29:08 node4 kernel: [    0.000000] efi: mem67: type=7, attr=0xf, range=[0x00000000cdad8000-0x00000000cdca0000) (1MB)
Jul  8 22:29:08 node4 kernel: [    0.000000] efi: mem68: type=4, attr=0xf, range=[0x00000000cdca0000-0x00000000cdca2000) (0MB)
Jul  8 22:29:08 node4 kernel: [    0.000000] efi: mem69: type=7, attr=0xf, range=[0x00000000cdca2000-0x00000000cdca5000) (0MB)
Jul  8 22:29:08 node4 kernel: [    0.000000] efi: mem70: type=4, attr=0xf, range=[0x00000000cdca5000-0x00000000cdcce000) (0MB)
Jul  8 22:29:08 node4 kernel: [    0.000000] efi: mem71: type=7, attr=0xf, range=[0x00000000cdcce000-0x00000000cdcd2000) (0MB)
Jul  8 22:29:08 node4 kernel: [    0.000000] efi: mem72: type=4, attr=0xf, range=[0x00000000cdcd2000-0x00000000cdcd4000) (0MB)
Jul  8 22:29:08 node4 kernel: [    0.000000] efi: mem73: type=7, attr=0xf, range=[0x00000000cdcd4000-0x00000000cdef4000) (2MB)
Jul  8 22:29:08 node4 kernel: [    0.000000] efi: mem74: type=4, attr=0xf, range=[0x00000000cdef4000-0x00000000cdef5000) (0MB)
Jul  8 22:29:08 node4 kernel: [    0.000000] efi: mem75: type=7, attr=0xf, range=[0x00000000cdef5000-0x00000000cdef8000) (0MB)
Jul  8 22:29:08 node4 kernel: [    0.000000] efi: mem76: type=4, attr=0xf, range=[0x00000000cdef8000-0x00000000cdf21000) (0MB)
Jul  8 22:29:08 node4 kernel: [    0.000000] efi: mem77: type=7, attr=0xf, range=[0x00000000cdf21000-0x00000000cdfc6000) (0MB)
Jul  8 22:29:08 node4 kernel: [    0.000000] efi: mem78: type=4, attr=0xf, range=[0x00000000cdfc6000-0x00000000ce077000) (0MB)
Jul  8 22:29:08 node4 kernel: [    0.000000] efi: mem79: type=7, attr=0xf, range=[0x00000000ce077000-0x00000000ce099000) (0MB)
Jul  8 22:29:08 node4 kernel: [    0.000000] efi: mem80: type=4, attr=0xf, range=[0x00000000ce099000-0x00000000ce20a000) (1MB)
Jul  8 22:29:08 node4 kernel: [    0.000000] efi: mem81: type=7, attr=0xf, range=[0x00000000ce20a000-0x00000000ce22a000) (0MB)
Jul  8 22:29:08 node4 kernel: [    0.000000] efi: mem82: type=4, attr=0xf, range=[0x00000000ce22a000-0x00000000ce27d000) (0MB)
Jul  8 22:29:08 node4 kernel: [    0.000000] efi: mem83: type=7, attr=0xf, range=[0x00000000ce27d000-0x00000000ce29b000) (0MB)
Jul  8 22:29:08 node4 kernel: [    0.000000] efi: mem84: type=4, attr=0xf, range=[0x00000000ce29b000-0x00000000ce2ab000) (0MB)
Jul  8 22:29:08 node4 kernel: [    0.000000] efi: mem85: type=7, attr=0xf, range=[0x00000000ce2ab000-0x00000000ce2b1000) (0MB)
Jul  8 22:29:08 node4 kernel: [    0.000000] efi: mem86: type=4, attr=0xf, range=[0x00000000ce2b1000-0x00000000ce545000) (2MB)
Jul  8 22:29:08 node4 kernel: [    0.000000] efi: mem87: type=7, attr=0xf, range=[0x00000000ce545000-0x00000000ce549000) (0MB)
Jul  8 22:29:08 node4 kernel: [    0.000000] efi: mem88: type=4, attr=0xf, range=[0x00000000ce549000-0x00000000da029000) (186MB)
Jul  8 22:29:08 node4 kernel: [    0.000000] efi: mem89: type=7, attr=0xf, range=[0x00000000da029000-0x00000000da76d000) (7MB)
Jul  8 22:29:08 node4 kernel: [    0.000000] efi: mem90: type=2, attr=0xf, range=[0x00000000da76d000-0x00000000da771000) (0MB)
Jul  8 22:29:08 node4 kernel: [    0.000000] efi: mem91: type=3, attr=0xf, range=[0x00000000da771000-0x00000000db574000) (14MB)
Jul  8 22:29:08 node4 kernel: [    0.000000] efi: mem92: type=0, attr=0xf, range=[0x00000000db574000-0x00000000db60d000) (0MB)
Jul  8 22:29:08 node4 kernel: [    0.000000] efi: mem93: type=0, attr=0xf, range=[0x00000000db60d000-0x00000000db871000) (2MB)
Jul  8 22:29:08 node4 kernel: [    0.000000] efi: mem94: type=9, attr=0xf, range=[0x00000000db871000-0x00000000db890000) (0MB)
Jul  8 22:29:08 node4 kernel: [    0.000000] efi: mem95: type=9, attr=0xf, range=[0x00000000db890000-0x00000000db90d000) (0MB)
Jul  8 22:29:08 node4 kernel: [    0.000000] efi: mem96: type=10, attr=0xf, range=[0x00000000db90d000-0x00000000db9da000) (0MB)
Jul  8 22:29:08 node4 kernel: [    0.000000] efi: mem97: type=10, attr=0xf, range=[0x00000000db9da000-0x00000000dba82000) (0MB)
Jul  8 22:29:08 node4 kernel: [    0.000000] efi: mem98: type=6, attr=0x800000000000000f, range=[0x00000000dba82000-0x00000000dbaa6000) (0MB)
Jul  8 22:29:08 node4 kernel: [    0.000000] efi: mem99: type=6, attr=0x800000000000000f, range=[0x00000000dbaa6000-0x00000000dbb38000) (0MB)
Jul  8 22:29:08 node4 kernel: [    0.000000] efi: mem100: type=6, attr=0x800000000000000f, range=[0x00000000dbb38000-0x00000000dbb3b000) (0MB)
Jul  8 22:29:08 node4 kernel: [    0.000000] efi: mem101: type=6, attr=0x800000000000000f, range=[0x00000000dbb3b000-0x00000000dbb46000) (0MB)
Jul  8 22:29:08 node4 kernel: [    0.000000] efi: mem102: type=5, attr=0x800000000000000f, range=[0x00000000dbb46000-0x00000000dbb4f000) (0MB)
Jul  8 22:29:08 node4 kernel: [    0.000000] efi: mem103: type=5, attr=0x800000000000000f, range=[0x00000000dbb4f000-0x00000000dbb73000) (0MB)
Jul  8 22:29:08 node4 kernel: [    0.000000] efi: mem104: type=4, attr=0xf, range=[0x00000000dbb73000-0x00000000dbb74000) (0MB)
Jul  8 22:29:08 node4 kernel: [    0.000000] efi: mem105: type=10, attr=0xf, range=[0x00000000dbb74000-0x00000000dbbf7000) (0MB)
Jul  8 22:29:08 node4 kernel: [    0.000000] efi: mem106: type=4, attr=0xf, range=[0x00000000dbbf7000-0x00000000dbd42000) (1MB)
Jul  8 22:29:08 node4 kernel: [    0.000000] efi: mem107: type=3, attr=0xf, range=[0x00000000dbd42000-0x00000000dbfda000) (2MB)
Jul  8 22:29:08 node4 kernel: [    0.000000] efi: mem108: type=4, attr=0xf, range=[0x00000000dbfda000-0x00000000dbfdf000) (0MB)
Jul  8 22:29:08 node4 kernel: [    0.000000] efi: mem109: type=3, attr=0xf, range=[0x00000000dbfdf000-0x00000000dbfe5000) (0MB)
Jul  8 22:29:08 node4 kernel: [    0.000000] efi: mem110: type=4, attr=0xf, range=[0x00000000dbfe5000-0x00000000dc000000) (0MB)
Jul  8 22:29:08 node4 kernel: [    0.000000] efi: mem111: type=7, attr=0xf, range=[0x0000000100000000-0x0000000120000000) (512MB)
Jul  8 22:29:08 node4 kernel: [    0.000000] efi: mem112: type=11, attr=0x8000000000000001, range=[0x00000000f0000000-0x00000000f8000000) (128MB)
Jul  8 22:29:08 node4 kernel: [    0.000000] efi: mem113: type=11, attr=0x8000000000000001, range=[0x00000000fed1c000-0x00000000fed20000) (0MB)
Jul  8 22:29:08 node4 kernel: [    0.000000] efi: mem114: type=11, attr=0x8000000000000001, range=[0x00000000ff000000-0x0000000100000000) (16MB)
Jul  8 22:29:08 node4 kernel: [    0.000000] DMI 2.7 present.
Jul  8 22:29:08 node4 kernel: [    0.000000] DMI: Hewlett-Packard HP Z420 Workstation/1589, BIOS J61 v02.08 10/17/2012
Jul  8 22:29:08 node4 kernel: [    0.000000] e820: update [mem 0x00000000-0x0000ffff] usable ==> reserved
Jul  8 22:29:08 node4 kernel: [    0.000000] e820: remove [mem 0x000a0000-0x000fffff] usable
Jul  8 22:29:08 node4 kernel: [    0.000000] No AGP bridge found
Jul  8 22:29:08 node4 kernel: [    0.000000] e820: last_pfn = 0x120000 max_arch_pfn = 0x400000000
Jul  8 22:29:08 node4 kernel: [    0.000000] MTRR default type: write-back
Jul  8 22:29:08 node4 kernel: [    0.000000] MTRR fixed ranges enabled:
Jul  8 22:29:08 node4 kernel: [    0.000000]   00000-9FFFF write-back
Jul  8 22:29:08 node4 kernel: [    0.000000]   A0000-BFFFF uncachable
Jul  8 22:29:08 node4 kernel: [    0.000000]   C0000-DBFFF write-protect
Jul  8 22:29:08 node4 kernel: [    0.000000]   DC000-DFFFF uncachable
Jul  8 22:29:08 node4 kernel: [    0.000000]   E0000-FFFFF write-protect
Jul  8 22:29:08 node4 kernel: [    0.000000] MTRR variable ranges enabled:
Jul  8 22:29:08 node4 kernel: [    0.000000]   0 base 0000DC000000 mask 3FFFFC000000 uncachable
Jul  8 22:29:08 node4 kernel: [    0.000000]   1 base 0000E0000000 mask 3FFFE0000000 uncachable
Jul  8 22:29:08 node4 kernel: [    0.000000]   2 base 000120000000 mask 3FFFE0000000 uncachable
Jul  8 22:29:08 node4 kernel: [    0.000000]   3 disabled
Jul  8 22:29:08 node4 kernel: [    0.000000]   4 disabled
Jul  8 22:29:08 node4 kernel: [    0.000000]   5 disabled
Jul  8 22:29:08 node4 kernel: [    0.000000]   6 disabled
Jul  8 22:29:08 node4 kernel: [    0.000000]   7 disabled
Jul  8 22:29:08 node4 kernel: [    0.000000]   8 disabled
Jul  8 22:29:08 node4 kernel: [    0.000000]   9 disabled
Jul  8 22:29:08 node4 kernel: [    0.000000] x86 PAT enabled: cpu 0, old 0x7040600070406, new 0x7010600070106
Jul  8 22:29:08 node4 kernel: [    0.000000] e820: last_pfn = 0xdc000 max_arch_pfn = 0x400000000
Jul  8 22:29:08 node4 kernel: [    0.000000] found SMP MP-table at [mem 0x000f4bc0-0x000f4bcf] mapped at [ffff8800000f4bc0]
Jul  8 22:29:08 node4 kernel: [    0.000000] initial memory mapped: [mem 0x00000000-0x1fffffff]
Jul  8 22:29:08 node4 kernel: [    0.000000] Base memory trampoline at [ffff880000090000] 90000 size 24576
Jul  8 22:29:08 node4 kernel: [    0.000000] Using GB pages for direct mapping
Jul  8 22:29:08 node4 kernel: [    0.000000] init_memory_mapping: [mem 0x00000000-0xdbffffff]
Jul  8 22:29:08 node4 kernel: [    0.000000]  [mem 0x00000000-0xbfffffff] page 1G
Jul  8 22:29:08 node4 kernel: [    0.000000]  [mem 0xc0000000-0xdbffffff] page 2M
Jul  8 22:29:08 node4 kernel: [    0.000000] kernel direct mapping tables up to 0xdbffffff @ [mem 0x1fffe000-0x1fffffff]
Jul  8 22:29:08 node4 kernel: [    0.000000] init_memory_mapping: [mem 0x100000000-0x11fffffff]
Jul  8 22:29:08 node4 kernel: [    0.000000]  [mem 0x100000000-0x11fffffff] page 2M
Jul  8 22:29:08 node4 kernel: [    0.000000] kernel direct mapping tables up to 0x11fffffff @ [mem 0xda76f000-0xda770fff]
Jul  8 22:29:08 node4 kernel: [    0.000000] RAMDISK: [mem 0x3624a000-0x3711cfff]
Jul  8 22:29:08 node4 kernel: [    0.000000] ACPI: RSDP 00000000db890000 00024 (v02 HPQOEM)
Jul  8 22:29:08 node4 kernel: [    0.000000] ACPI: XSDT 00000000db890078 0006C (v01 HPQOEM SLIC-WKS 01072009 AMI  00010013)
Jul  8 22:29:08 node4 kernel: [    0.000000] ACPI: FACP 00000000db897048 000F4 (v04 HPQOEM SLIC-WKS 01072009 AMI  00010013)
Jul  8 22:29:08 node4 kernel: [    0.000000] ACPI: DSDT 00000000db890170 06ED6 (v02 HPQOEM SLIC-WKS 00000208 INTL 20051117)
Jul  8 22:29:08 node4 kernel: [    0.000000] ACPI: FACS 00000000dba7ff80 00040
Jul  8 22:29:08 node4 kernel: [    0.000000] ACPI: APIC 00000000db897140 000C8 (v03 HPQOEM SLIC-WKS 01072009 AMI  00010013)
Jul  8 22:29:08 node4 kernel: [    0.000000] ACPI: MCFG 00000000db897208 0003C (v01 HPQOEM OEMMCFG. 01072009 MSFT 00000097)
Jul  8 22:29:08 node4 kernel: [    0.000000] ACPI: HPET 00000000db897248 00038 (v01 HPQOEM SLIC-WKS 01072009 AMI. 00000005)
Jul  8 22:29:08 node4 kernel: [    0.000000] ACPI: SSDT 00000000db897280 05913 (v01 COMPAQ      WMI 00000001 MSFT 03000001)
Jul  8 22:29:08 node4 kernel: [    0.000000] ACPI: SLIC 00000000db89cb98 00176 (v01 HPQOEM SLIC-WKS 00000001      00000000)
Jul  8 22:29:08 node4 kernel: [    0.000000] ACPI: SSDT 00000000db89cd10 017C9 (v02 HPQOEM   CpuDef 00004000 INTL 20051117)
Jul  8 22:29:08 node4 kernel: [    0.000000] ACPI: SSDT 00000000db89e4e0 6E284 (v02  INTEL    CpuPm 00004000 INTL 20051117)
Jul  8 22:29:08 node4 kernel: [    0.000000] ACPI: ASF! 00000000db90c768 000A5 (v32 INTEL       HCG 00000001 TFSM 000F4240)
Jul  8 22:29:08 node4 kernel: [    0.000000] ACPI: Local APIC address 0xfee00000
Jul  8 22:29:08 node4 kernel: [    0.000000] No NUMA configuration found
Jul  8 22:29:08 node4 kernel: [    0.000000] Faking a node at [mem 0x0000000000000000-0x000000011fffffff]
Jul  8 22:29:08 node4 kernel: [    0.000000] Initmem setup node 0 [mem 0x00000000-0x11fffffff]
Jul  8 22:29:08 node4 kernel: [    0.000000]   NODE_DATA [mem 0x11fffc000-0x11fffffff]
Jul  8 22:29:08 node4 kernel: [    0.000000]  [ffffea0000000000-ffffea00047fffff] PMD -> [ffff88011b600000-ffff88011f5fffff] on node 0
Jul  8 22:29:08 node4 kernel: [    0.000000] Zone ranges:
Jul  8 22:29:08 node4 kernel: [    0.000000]   DMA      [mem 0x00010000-0x00ffffff]
Jul  8 22:29:08 node4 kernel: [    0.000000]   DMA32    [mem 0x01000000-0xffffffff]
Jul  8 22:29:08 node4 kernel: [    0.000000]   Normal   [mem 0x100000000-0x11fffffff]
Jul  8 22:29:08 node4 kernel: [    0.000000] Movable zone start for each node
Jul  8 22:29:08 node4 kernel: [    0.000000] Early memory node ranges
Jul  8 22:29:08 node4 kernel: [    0.000000]   node   0: [mem 0x00010000-0x0009ffff]
Jul  8 22:29:08 node4 kernel: [    0.000000]   node   0: [mem 0x00100000-0xc8ed0fff]
Jul  8 22:29:08 node4 kernel: [    0.000000]   node   0: [mem 0xc9ed1000-0xdb573fff]
Jul  8 22:29:08 node4 kernel: [    0.000000]   node   0: [mem 0xdbb73000-0xdbb73fff]
Jul  8 22:29:08 node4 kernel: [    0.000000]   node   0: [mem 0xdbbf7000-0xdbffffff]
Jul  8 22:29:08 node4 kernel: [    0.000000]   node   0: [mem 0x100000000-0x11fffffff]
Jul  8 22:29:08 node4 kernel: [    0.000000] On node 0 totalpages: 1026318
Jul  8 22:29:08 node4 kernel: [    0.000000]   DMA zone: 64 pages used for memmap
Jul  8 22:29:08 node4 kernel: [    0.000000]   DMA zone: 49 pages reserved
Jul  8 22:29:08 node4 kernel: [    0.000000]   DMA zone: 3871 pages, LIFO batch:0
Jul  8 22:29:08 node4 kernel: [    0.000000]   DMA32 zone: 16320 pages used for memmap
Jul  8 22:29:08 node4 kernel: [    0.000000]   DMA32 zone: 874942 pages, LIFO batch:31
Jul  8 22:29:08 node4 kernel: [    0.000000]   Normal zone: 2048 pages used for memmap
Jul  8 22:29:08 node4 kernel: [    0.000000]   Normal zone: 129024 pages, LIFO batch:31
Jul  8 22:29:08 node4 kernel: [    0.000000] ACPI: PM-Timer IO Port: 0x408
Jul  8 22:29:08 node4 kernel: [    0.000000] ACPI: Local APIC address 0xfee00000
Jul  8 22:29:08 node4 kernel: [    0.000000] ACPI: LAPIC (acpi_id[0x00] lapic_id[0x00] enabled)
Jul  8 22:29:08 node4 kernel: [    0.000000] ACPI: LAPIC (acpi_id[0x02] lapic_id[0x02] enabled)
Jul  8 22:29:08 node4 kernel: [    0.000000] ACPI: LAPIC (acpi_id[0x04] lapic_id[0x04] enabled)
Jul  8 22:29:08 node4 kernel: [    0.000000] ACPI: LAPIC (acpi_id[0x06] lapic_id[0x06] enabled)
Jul  8 22:29:08 node4 kernel: [    0.000000] ACPI: LAPIC (acpi_id[0x01] lapic_id[0x01] enabled)
Jul  8 22:29:08 node4 kernel: [    0.000000] ACPI: LAPIC (acpi_id[0x03] lapic_id[0x03] enabled)
Jul  8 22:29:08 node4 kernel: [    0.000000] ACPI: LAPIC (acpi_id[0x05] lapic_id[0x05] enabled)
Jul  8 22:29:08 node4 kernel: [    0.000000] ACPI: LAPIC (acpi_id[0x07] lapic_id[0x07] enabled)
Jul  8 22:29:08 node4 kernel: [    0.000000] ACPI: LAPIC_NMI (acpi_id[0x00] high edge lint[0x1])
Jul  8 22:29:08 node4 kernel: [    0.000000] ACPI: LAPIC_NMI (acpi_id[0x02] high edge lint[0x1])
Jul  8 22:29:08 node4 kernel: [    0.000000] ACPI: LAPIC_NMI (acpi_id[0x04] high edge lint[0x1])
Jul  8 22:29:08 node4 kernel: [    0.000000] ACPI: LAPIC_NMI (acpi_id[0x06] high edge lint[0x1])
Jul  8 22:29:08 node4 kernel: [    0.000000] ACPI: LAPIC_NMI (acpi_id[0x01] high edge lint[0x1])
Jul  8 22:29:08 node4 kernel: [    0.000000] ACPI: LAPIC_NMI (acpi_id[0x03] high edge lint[0x1])
Jul  8 22:29:08 node4 kernel: [    0.000000] ACPI: LAPIC_NMI (acpi_id[0x05] high edge lint[0x1])
Jul  8 22:29:08 node4 kernel: [    0.000000] ACPI: LAPIC_NMI (acpi_id[0x07] high edge lint[0x1])
Jul  8 22:29:08 node4 kernel: [    0.000000] ACPI: IOAPIC (id[0x00] address[0xfec00000] gsi_base[0])
Jul  8 22:29:08 node4 kernel: [    0.000000] IOAPIC[0]: apic_id 0, version 32, address 0xfec00000, GSI 0-23
Jul  8 22:29:08 node4 kernel: [    0.000000] ACPI: IOAPIC (id[0x02] address[0xfec01000] gsi_base[24])
Jul  8 22:29:08 node4 kernel: [    0.000000] IOAPIC[1]: apic_id 2, version 32, address 0xfec01000, GSI 24-47
Jul  8 22:29:08 node4 kernel: [    0.000000] ACPI: INT_SRC_OVR (bus 0 bus_irq 0 global_irq 2 dfl dfl)
Jul  8 22:29:08 node4 kernel: [    0.000000] ACPI: INT_SRC_OVR (bus 0 bus_irq 9 global_irq 9 high level)
Jul  8 22:29:08 node4 kernel: [    0.000000] ACPI: IRQ0 used by override.
Jul  8 22:29:08 node4 kernel: [    0.000000] ACPI: IRQ2 used by override.
Jul  8 22:29:08 node4 kernel: [    0.000000] ACPI: IRQ9 used by override.
Jul  8 22:29:08 node4 kernel: [    0.000000] Using ACPI (MADT) for SMP configuration information
Jul  8 22:29:08 node4 kernel: [    0.000000] ACPI: HPET id: 0x8086a701 base: 0xfed00000
Jul  8 22:29:08 node4 kernel: [    0.000000] SMP: Allowing 8 CPUs, 0 hotplug CPUs
Jul  8 22:29:08 node4 kernel: [    0.000000] nr_irqs_gsi: 64
Jul  8 22:29:08 node4 kernel: [    0.000000] PM: Registered nosave memory: 00000000000a0000 - 0000000000100000
Jul  8 22:29:08 node4 kernel: [    0.000000] PM: Registered nosave memory: 00000000c8ed1000 - 00000000c9ed1000
Jul  8 22:29:08 node4 kernel: [    0.000000] PM: Registered nosave memory: 00000000db574000 - 00000000db871000
Jul  8 22:29:08 node4 kernel: [    0.000000] PM: Registered nosave memory: 00000000db871000 - 00000000db90d000
Jul  8 22:29:08 node4 kernel: [    0.000000] PM: Registered nosave memory: 00000000db90d000 - 00000000dba82000
Jul  8 22:29:08 node4 kernel: [    0.000000] PM: Registered nosave memory: 00000000dba82000 - 00000000dbb73000
Jul  8 22:29:08 node4 kernel: [    0.000000] PM: Registered nosave memory: 00000000dbb74000 - 00000000dbbf7000
Jul  8 22:29:08 node4 kernel: [    0.000000] PM: Registered nosave memory: 00000000dc000000 - 00000000f0000000
Jul  8 22:29:08 node4 kernel: [    0.000000] PM: Registered nosave memory: 00000000f0000000 - 00000000f8000000
Jul  8 22:29:08 node4 kernel: [    0.000000] PM: Registered nosave memory: 00000000f8000000 - 00000000fed1c000
Jul  8 22:29:08 node4 kernel: [    0.000000] PM: Registered nosave memory: 00000000fed1c000 - 00000000fed20000
Jul  8 22:29:08 node4 kernel: [    0.000000] PM: Registered nosave memory: 00000000fed20000 - 00000000ff000000
Jul  8 22:29:08 node4 kernel: [    0.000000] PM: Registered nosave memory: 00000000ff000000 - 0000000100000000
Jul  8 22:29:08 node4 kernel: [    0.000000] e820: [mem 0xdc000000-0xefffffff] available for PCI devices
Jul  8 22:29:08 node4 kernel: [    0.000000] Booting paravirtualized kernel on bare hardware
Jul  8 22:29:08 node4 kernel: [    0.000000] setup_percpu: NR_CPUS:256 nr_cpumask_bits:256 nr_cpu_ids:8 nr_node_ids:1
Jul  8 22:29:08 node4 kernel: [    0.000000] PERCPU: Embedded 28 pages/cpu @ffff88011fc00000 s83584 r8192 d22912 u262144
Jul  8 22:29:08 node4 kernel: [    0.000000] pcpu-alloc: s83584 r8192 d22912 u262144 alloc=1*2097152
Jul  8 22:29:08 node4 kernel: [    0.000000] pcpu-alloc: [0] 0 1 2 3 4 5 6 7 
Jul  8 22:29:08 node4 kernel: [    0.000000] Built 1 zonelists in Node order, mobility grouping on.  Total pages: 1007837
Jul  8 22:29:08 node4 kernel: [    0.000000] Policy zone: Normal
Jul  8 22:29:08 node4 kernel: [    0.000000] Kernel command line: BOOT_IMAGE=/boot/vmlinuz-3.5.0-23-generic root=UUID=a7500ebb-becb-4bb8-b67a-5eacb14191cf ro quiet splash vt.handoff=7
Jul  8 22:29:08 node4 kernel: [    0.000000] PID hash table entries: 4096 (order: 3, 32768 bytes)
Jul  8 22:29:08 node4 kernel: [    0.000000] __ex_table already sorted, skipping sort
Jul  8 22:29:08 node4 kernel: [    0.000000] xsave/xrstor: enabled xstate_bv 0x7, cntxt size 0x340
Jul  8 22:29:08 node4 kernel: [    0.000000] Checking aperture...
Jul  8 22:29:08 node4 kernel: [    0.000000] No AGP bridge found
Jul  8 22:29:08 node4 kernel: [    0.000000] Calgary: detecting Calgary via BIOS EBDA area
Jul  8 22:29:08 node4 kernel: [    0.000000] Calgary: Unable to locate Rio Grande table in EBDA - bailing!
Jul  8 22:29:08 node4 kernel: [    0.000000] Memory: 3713876k/4718592k available (6828k kernel code, 613320k absent, 391396k reserved, 6342k data, 948k init)
Jul  8 22:29:08 node4 kernel: [    0.000000] SLUB: Genslabs=15, HWalign=64, Order=0-3, MinObjects=0, CPUs=8, Nodes=1
Jul  8 22:29:08 node4 kernel: [    0.000000] Hierarchical RCU implementation.
Jul  8 22:29:08 node4 kernel: [    0.000000] 	RCU dyntick-idle grace-period acceleration is enabled.
Jul  8 22:29:08 node4 kernel: [    0.000000] NR_IRQS:16640 nr_irqs:1152 16
Jul  8 22:29:08 node4 kernel: [    0.000000] Extended CMOS year: 2000
Jul  8 22:29:08 node4 kernel: [    0.000000] vt handoff: transparent VT on vt#7
Jul  8 22:29:08 node4 kernel: [    0.000000] Console: colour dummy device 80x25
Jul  8 22:29:08 node4 kernel: [    0.000000] console [tty0] enabled
Jul  8 22:29:08 node4 kernel: [    0.000000] allocated 16777216 bytes of page_cgroup
Jul  8 22:29:08 node4 kernel: [    0.000000] please try 'cgroup_disable=memory' option if you don't want memory cgroups
Jul  8 22:29:08 node4 kernel: [    0.000000] hpet clockevent registered
Jul  8 22:29:08 node4 kernel: [    0.000000] Fast TSC calibration using PIT
Jul  8 22:29:08 node4 kernel: [    0.004000] Detected 3591.307 MHz processor.
Jul  8 22:29:08 node4 kernel: [    0.000002] Calibrating delay loop (skipped), value calculated using timer frequency.. 7182.61 BogoMIPS (lpj=14365228)
Jul  8 22:29:08 node4 kernel: [    0.000004] pid_max: default: 32768 minimum: 301
Jul  8 22:29:08 node4 kernel: [    0.011611] Security Framework initialized
Jul  8 22:29:08 node4 kernel: [    0.011620] AppArmor: AppArmor initialized
Jul  8 22:29:08 node4 kernel: [    0.011621] Yama: becoming mindful.
Jul  8 22:29:08 node4 kernel: [    0.011811] Dentry cache hash table entries: 524288 (order: 10, 4194304 bytes)
Jul  8 22:29:08 node4 kernel: [    0.012392] Inode-cache hash table entries: 262144 (order: 9, 2097152 bytes)
Jul  8 22:29:08 node4 kernel: [    0.012639] Mount-cache hash table entries: 256
Jul  8 22:29:08 node4 kernel: [    0.012749] Initializing cgroup subsys cpuacct
Jul  8 22:29:08 node4 kernel: [    0.012750] Initializing cgroup subsys memory
Jul  8 22:29:08 node4 kernel: [    0.012755] Initializing cgroup subsys devices
Jul  8 22:29:08 node4 kernel: [    0.012756] Initializing cgroup subsys freezer
Jul  8 22:29:08 node4 kernel: [    0.012757] Initializing cgroup subsys blkio
Jul  8 22:29:08 node4 kernel: [    0.012758] Initializing cgroup subsys perf_event
Jul  8 22:29:08 node4 kernel: [    0.012775] CPU: Physical Processor ID: 0
Jul  8 22:29:08 node4 kernel: [    0.012776] CPU: Processor Core ID: 0
Jul  8 22:29:08 node4 kernel: [    0.012779] ENERGY_PERF_BIAS: Set to 'normal', was 'performance'
Jul  8 22:29:08 node4 kernel: [    0.012779] ENERGY_PERF_BIAS: View and update with x86_energy_perf_policy(8)
Jul  8 22:29:08 node4 kernel: [    0.012781] mce: CPU supports 16 MCE banks
Jul  8 22:29:08 node4 kernel: [    0.012798] CPU0: Thermal monitoring enabled (TM1)
Jul  8 22:29:08 node4 kernel: [    0.012812] using mwait in idle threads.
Jul  8 22:29:08 node4 kernel: [    0.014540] ACPI: Core revision 20120320
Jul  8 22:29:08 node4 kernel: [    0.029216] ftrace: allocating 27653 entries in 109 pages
Jul  8 22:29:08 node4 kernel: [    0.039235] ..TIMER: vector=0x30 apic1=0 pin1=2 apic2=-1 pin2=-1
Jul  8 22:29:08 node4 kernel: [    0.078900] CPU0: Intel(R) Xeon(R) CPU E5-1620 0 @ 3.60GHz stepping 07
Jul  8 22:29:08 node4 kernel: [    0.185130] Performance Events: PEBS fmt1+, 16-deep LBR, SandyBridge events, Intel PMU driver.
Jul  8 22:29:08 node4 kernel: [    0.185133] PEBS disabled due to CPU errata.
Jul  8 22:29:08 node4 kernel: [    0.185135] ... version:                3
Jul  8 22:29:08 node4 kernel: [    0.185135] ... bit width:              48
Jul  8 22:29:08 node4 kernel: [    0.185136] ... generic registers:      4
Jul  8 22:29:08 node4 kernel: [    0.185137] ... value mask:             0000ffffffffffff
Jul  8 22:29:08 node4 kernel: [    0.185137] ... max period:             000000007fffffff
Jul  8 22:29:08 node4 kernel: [    0.185138] ... fixed-purpose events:   3
Jul  8 22:29:08 node4 kernel: [    0.185138] ... event mask:             000000070000000f
Jul  8 22:29:08 node4 kernel: [    0.185254] NMI watchdog: enabled on all CPUs, permanently consumes one hw-PMU counter.
Jul  8 22:29:08 node4 kernel: [    0.185315] Booting Node   0, Processors  #1 #2 #3 #4 #5 #6 #7 Ok.
Jul  8 22:29:08 node4 kernel: [    0.277605] Brought up 8 CPUs
Jul  8 22:29:08 node4 kernel: [    0.277608] Total of 8 processors activated (57460.91 BogoMIPS).
Jul  8 22:29:08 node4 kernel: [    0.285083] devtmpfs: initialized
Jul  8 22:29:08 node4 kernel: [    0.285631] EVM: security.selinux
Jul  8 22:29:08 node4 kernel: [    0.285632] EVM: security.SMACK64
Jul  8 22:29:08 node4 kernel: [    0.285632] EVM: security.capability
Jul  8 22:29:08 node4 kernel: [    0.285657] PM: Registering ACPI NVS region [mem 0xdb90d000-0xdba81fff] (1527808 bytes)
Jul  8 22:29:08 node4 kernel: [    0.285673] PM: Registering ACPI NVS region [mem 0xdbb74000-0xdbbf6fff] (536576 bytes)
Jul  8 22:29:08 node4 kernel: [    0.286136] dummy: 
Jul  8 22:29:08 node4 kernel: [    0.286162] RTC time: 15:28:57, date: 07/08/13
Jul  8 22:29:08 node4 kernel: [    0.286183] NET: Registered protocol family 16
Jul  8 22:29:08 node4 kernel: [    0.286244] Trying to unpack rootfs image as initramfs...
Jul  8 22:29:08 node4 kernel: [    0.286279] ACPI FADT declares the system doesn't support PCIe ASPM, so disable it
Jul  8 22:29:08 node4 kernel: [    0.286281] ACPI: bus type pci registered
Jul  8 22:29:08 node4 kernel: [    0.286314] PCI: MMCONFIG for domain 0000 [bus 00-7f] at [mem 0xf0000000-0xf7ffffff] (base 0xf0000000)
Jul  8 22:29:08 node4 kernel: [    0.286315] PCI: MMCONFIG at [mem 0xf0000000-0xf7ffffff] reserved in E820
Jul  8 22:29:08 node4 kernel: [    0.294140] PCI: Using configuration type 1 for base access
Jul  8 22:29:08 node4 kernel: [    0.294712] bio: create slab <bio-0> at 0
Jul  8 22:29:08 node4 kernel: [    0.294757] ACPI: Added _OSI(Module Device)
Jul  8 22:29:08 node4 kernel: [    0.294759] ACPI: Added _OSI(Processor Device)
Jul  8 22:29:08 node4 kernel: [    0.294760] ACPI: Added _OSI(3.0 _SCP Extensions)
Jul  8 22:29:08 node4 kernel: [    0.294761] ACPI: Added _OSI(Processor Aggregator Device)
Jul  8 22:29:08 node4 kernel: [    0.298005] ACPI: EC: Look up EC in DSDT
Jul  8 22:29:08 node4 kernel: [    0.301288] ACPI: Executed 1 blocks of module-level executable AML code
Jul  8 22:29:08 node4 kernel: [    0.349869] ACPI: Interpreter enabled
Jul  8 22:29:08 node4 kernel: [    0.349873] ACPI: (supports S0 S3 S4 S5)
Jul  8 22:29:08 node4 kernel: [    0.349884] ACPI: Using IOAPIC for interrupt routing
Jul  8 22:29:08 node4 kernel: [    0.350358] [Firmware Bug]: ACPI: BIOS _OSI(Linux) query ignored
Jul  8 22:29:08 node4 kernel: [    0.353105] ACPI: No dock devices found.
Jul  8 22:29:08 node4 kernel: [    0.353108] PCI: Using host bridge windows from ACPI; if necessary, use "pci=nocrs" and report a bug
Jul  8 22:29:08 node4 kernel: [    0.353251] ACPI: PCI Root Bridge [PCI0] (domain 0000 [bus 00-3f])
Jul  8 22:29:08 node4 kernel: [    0.353417] pci_root PNP0A08:00: host bridge window [io  0x0000-0x03af]
Jul  8 22:29:08 node4 kernel: [    0.353419] pci_root PNP0A08:00: host bridge window [io  0x03e0-0x0cf7]
Jul  8 22:29:08 node4 kernel: [    0.353420] pci_root PNP0A08:00: host bridge window [io  0x03b0-0x03df]
Jul  8 22:29:08 node4 kernel: [    0.353421] pci_root PNP0A08:00: host bridge window [io  0x0d00-0xffff]
Jul  8 22:29:08 node4 kernel: [    0.353422] pci_root PNP0A08:00: host bridge window [mem 0x000a0000-0x000bffff]
Jul  8 22:29:08 node4 kernel: [    0.353423] pci_root PNP0A08:00: host bridge window [mem 0x000c0000-0x000dffff]
Jul  8 22:29:08 node4 kernel: [    0.353424] pci_root PNP0A08:00: host bridge window [mem 0xe0000000-0xefffffff]
Jul  8 22:29:08 node4 kernel: [    0.353442] PCI host bridge to bus 0000:00
Jul  8 22:29:08 node4 kernel: [    0.353444] pci_bus 0000:00: root bus resource [io  0x0000-0x03af]
Jul  8 22:29:08 node4 kernel: [    0.353445] pci_bus 0000:00: root bus resource [io  0x03e0-0x0cf7]
Jul  8 22:29:08 node4 kernel: [    0.353446] pci_bus 0000:00: root bus resource [io  0x03b0-0x03df]
Jul  8 22:29:08 node4 kernel: [    0.353447] pci_bus 0000:00: root bus resource [io  0x0d00-0xffff]
Jul  8 22:29:08 node4 kernel: [    0.353448] pci_bus 0000:00: root bus resource [mem 0x000a0000-0x000bffff]
Jul  8 22:29:08 node4 kernel: [    0.353449] pci_bus 0000:00: root bus resource [mem 0x000c0000-0x000dffff]
Jul  8 22:29:08 node4 kernel: [    0.353450] pci_bus 0000:00: root bus resource [mem 0xe0000000-0xefffffff]
Jul  8 22:29:08 node4 kernel: [    0.353460] pci 0000:00:00.0: [8086:3c00] type 00 class 0x060000
Jul  8 22:29:08 node4 kernel: [    0.353508] pci 0000:00:00.0: PME# supported from D0 D3hot D3cold
Jul  8 22:29:08 node4 kernel: [    0.353530] pci 0000:00:01.0: [8086:3c02] type 01 class 0x060400
Jul  8 22:29:08 node4 kernel: [    0.353585] pci 0000:00:01.0: PME# supported from D0 D3hot D3cold
Jul  8 22:29:08 node4 kernel: [    0.353612] pci 0000:00:02.0: [8086:3c04] type 01 class 0x060400
Jul  8 22:29:08 node4 kernel: [    0.353667] pci 0000:00:02.0: PME# supported from D0 D3hot D3cold
Jul  8 22:29:08 node4 kernel: [    0.353692] pci 0000:00:03.0: [8086:3c08] type 01 class 0x060400
Jul  8 22:29:08 node4 kernel: [    0.353747] pci 0000:00:03.0: PME# supported from D0 D3hot D3cold
Jul  8 22:29:08 node4 kernel: [    0.353770] pci 0000:00:05.0: [8086:3c28] type 00 class 0x088000
Jul  8 22:29:08 node4 kernel: [    0.353835] pci 0000:00:05.2: [8086:3c2a] type 00 class 0x088000
Jul  8 22:29:08 node4 kernel: [    0.353900] pci 0000:00:05.4: [8086:3c2c] type 00 class 0x080020
Jul  8 22:29:08 node4 kernel: [    0.353910] pci 0000:00:05.4: reg 10: [mem 0xef327000-0xef327fff]
Jul  8 22:29:08 node4 kernel: [    0.353976] pci 0000:00:11.0: [8086:1d3e] type 01 class 0x060400
Jul  8 22:29:08 node4 kernel: [    0.354072] pci 0000:00:11.0: PME# supported from D0 D3hot D3cold
Jul  8 22:29:08 node4 kernel: [    0.354104] pci 0000:00:16.0: [8086:1d3a] type 00 class 0x078000
Jul  8 22:29:08 node4 kernel: [    0.354124] pci 0000:00:16.0: reg 10: [mem 0xef326000-0xef32600f 64bit]
Jul  8 22:29:08 node4 kernel: [    0.354192] pci 0000:00:16.0: PME# supported from D0 D3hot D3cold
Jul  8 22:29:08 node4 kernel: [    0.354212] pci 0000:00:16.2: [8086:1d3c] type 00 class 0x010185
Jul  8 22:29:08 node4 kernel: [    0.354228] pci 0000:00:16.2: reg 10: [io  0xe0b0-0xe0b7]
Jul  8 22:29:08 node4 kernel: [    0.354236] pci 0000:00:16.2: reg 14: [io  0xe0a0-0xe0a3]
Jul  8 22:29:08 node4 kernel: [    0.354244] pci 0000:00:16.2: reg 18: [io  0xe090-0xe097]
Jul  8 22:29:08 node4 kernel: [    0.354251] pci 0000:00:16.2: reg 1c: [io  0xe080-0xe083]
Jul  8 22:29:08 node4 kernel: [    0.354259] pci 0000:00:16.2: reg 20: [io  0xe070-0xe07f]
Jul  8 22:29:08 node4 kernel: [    0.354322] pci 0000:00:16.3: [8086:1d3d] type 00 class 0x070002
Jul  8 22:29:08 node4 kernel: [    0.354338] pci 0000:00:16.3: reg 10: [io  0xe060-0xe067]
Jul  8 22:29:08 node4 kernel: [    0.354346] pci 0000:00:16.3: reg 14: [mem 0xef324000-0xef324fff]
Jul  8 22:29:08 node4 kernel: [    0.354432] pci 0000:00:19.0: [8086:1502] type 00 class 0x020000
Jul  8 22:29:08 node4 kernel: [    0.354447] pci 0000:00:19.0: reg 10: [mem 0xef300000-0xef31ffff]
Jul  8 22:29:08 node4 kernel: [    0.354454] pci 0000:00:19.0: reg 14: [mem 0xef32a000-0xef32afff]
Jul  8 22:29:08 node4 kernel: [    0.354461] pci 0000:00:19.0: reg 18: [io  0xe040-0xe05f]
Jul  8 22:29:08 node4 kernel: [    0.354516] pci 0000:00:19.0: PME# supported from D0 D3hot D3cold
Jul  8 22:29:08 node4 kernel: [    0.354537] pci 0000:00:1a.0: [8086:1d2d] type 00 class 0x0c0320
Jul  8 22:29:08 node4 kernel: [    0.354555] pci 0000:00:1a.0: reg 10: [mem 0xef32c000-0xef32c3ff]
Jul  8 22:29:08 node4 kernel: [    0.354636] pci 0000:00:1a.0: PME# supported from D0 D3hot D3cold
Jul  8 22:29:08 node4 kernel: [    0.354658] pci 0000:00:1b.0: [8086:1d20] type 00 class 0x040300
Jul  8 22:29:08 node4 kernel: [    0.354671] pci 0000:00:1b.0: reg 10: [mem 0xef320000-0xef323fff 64bit]
Jul  8 22:29:08 node4 kernel: [    0.354730] pci 0000:00:1b.0: PME# supported from D0 D3hot D3cold
Jul  8 22:29:08 node4 kernel: [    0.354749] pci 0000:00:1c.0: [8086:1d12] type 01 class 0x060400
Jul  8 22:29:08 node4 kernel: [    0.354819] pci 0000:00:1c.0: PME# supported from D0 D3hot D3cold
Jul  8 22:29:08 node4 kernel: [    0.354849] pci 0000:00:1c.5: [8086:1d18] type 01 class 0x060400
Jul  8 22:29:08 node4 kernel: [    0.354975] pci 0000:00:1c.5: PME# supported from D0 D3hot D3cold
Jul  8 22:29:08 node4 kernel: [    0.355006] pci 0000:00:1c.6: [8086:1d14] type 01 class 0x060400
Jul  8 22:29:08 node4 kernel: [    0.355076] pci 0000:00:1c.6: PME# supported from D0 D3hot D3cold
Jul  8 22:29:08 node4 kernel: [    0.355098] pci 0000:00:1c.7: [8086:1d16] type 01 class 0x060400
Jul  8 22:29:08 node4 kernel: [    0.355168] pci 0000:00:1c.7: PME# supported from D0 D3hot D3cold
Jul  8 22:29:08 node4 kernel: [    0.355192] pci 0000:00:1d.0: [8086:1d26] type 00 class 0x0c0320
Jul  8 22:29:08 node4 kernel: [    0.355211] pci 0000:00:1d.0: reg 10: [mem 0xef32b000-0xef32b3ff]
Jul  8 22:29:08 node4 kernel: [    0.355291] pci 0000:00:1d.0: PME# supported from D0 D3hot D3cold
Jul  8 22:29:08 node4 kernel: [    0.355309] pci 0000:00:1e.0: [8086:244e] type 01 class 0x060401
Jul  8 22:29:08 node4 kernel: [    0.355363] pci 0000:00:1f.0: [8086:1d41] type 00 class 0x060100
Jul  8 22:29:08 node4 kernel: [    0.355475] pci 0000:00:1f.2: [8086:2826] type 00 class 0x010400
Jul  8 22:29:08 node4 kernel: [    0.355490] pci 0000:00:1f.2: reg 10: [io  0xe0f0-0xe0f7]
Jul  8 22:29:08 node4 kernel: [    0.355497] pci 0000:00:1f.2: reg 14: [io  0xe0e0-0xe0e3]
Jul  8 22:29:08 node4 kernel: [    0.355503] pci 0000:00:1f.2: reg 18: [io  0xe0d0-0xe0d7]
Jul  8 22:29:08 node4 kernel: [    0.355509] pci 0000:00:1f.2: reg 1c: [io  0xe0c0-0xe0c3]
Jul  8 22:29:08 node4 kernel: [    0.355515] pci 0000:00:1f.2: reg 20: [io  0xe020-0xe03f]
Jul  8 22:29:08 node4 kernel: [    0.355522] pci 0000:00:1f.2: reg 24: [mem 0xef329000-0xef3297ff]
Jul  8 22:29:08 node4 kernel: [    0.355560] pci 0000:00:1f.2: PME# supported from D3hot
Jul  8 22:29:08 node4 kernel: [    0.355575] pci 0000:00:1f.3: [8086:1d22] type 00 class 0x0c0500
Jul  8 22:29:08 node4 kernel: [    0.355588] pci 0000:00:1f.3: reg 10: [mem 0xef328000-0xef3280ff 64bit]
Jul  8 22:29:08 node4 kernel: [    0.355605] pci 0000:00:1f.3: reg 20: [io  0xe000-0xe01f]
Jul  8 22:29:08 node4 kernel: [    0.355660] pci 0000:00:01.0: PCI bridge to [bus 03-03]
Jul  8 22:29:08 node4 kernel: [    0.355705] pci 0000:05:00.0: [10de:0df8] type 00 class 0x030000
Jul  8 22:29:08 node4 kernel: [    0.355712] pci 0000:05:00.0: reg 10: [mem 0xee000000-0xeeffffff]
Jul  8 22:29:08 node4 kernel: [    0.355719] pci 0000:05:00.0: reg 14: [mem 0xe0000000-0xe7ffffff 64bit pref]
Jul  8 22:29:08 node4 kernel: [    0.355726] pci 0000:05:00.0: reg 1c: [mem 0xe8000000-0xe9ffffff 64bit pref]
Jul  8 22:29:08 node4 kernel: [    0.355731] pci 0000:05:00.0: reg 24: [io  0xc000-0xc07f]
Jul  8 22:29:08 node4 kernel: [    0.355736] pci 0000:05:00.0: reg 30: [mem 0xef000000-0xef07ffff pref]
Jul  8 22:29:08 node4 kernel: [    0.355775] pci 0000:05:00.1: [10de:0bea] type 00 class 0x040300
Jul  8 22:29:08 node4 kernel: [    0.355782] pci 0000:05:00.1: reg 10: [mem 0xef080000-0xef083fff]
Jul  8 22:29:08 node4 kernel: [    0.361048] pci 0000:00:02.0: PCI bridge to [bus 05-05]
Jul  8 22:29:08 node4 kernel: [    0.361051] pci 0000:00:02.0:   bridge window [io  0xc000-0xcfff]
Jul  8 22:29:08 node4 kernel: [    0.361053] pci 0000:00:02.0:   bridge window [mem 0xee000000-0xef0fffff]
Jul  8 22:29:08 node4 kernel: [    0.361057] pci 0000:00:02.0:   bridge window [mem 0xe0000000-0xe9ffffff 64bit pref]
Jul  8 22:29:08 node4 kernel: [    0.361090] pci 0000:00:03.0: PCI bridge to [bus 04-04]
Jul  8 22:29:08 node4 kernel: [    0.361158] pci 0000:02:00.0: [8086:1d6b] type 00 class 0x010700
Jul  8 22:29:08 node4 kernel: [    0.361176] pci 0000:02:00.0: reg 10: [mem 0xea87c000-0xea87ffff 64bit pref]
Jul  8 22:29:08 node4 kernel: [    0.361190] pci 0000:02:00.0: reg 18: [mem 0xea400000-0xea7fffff 64bit pref]
Jul  8 22:29:08 node4 kernel: [    0.361199] pci 0000:02:00.0: reg 20: [io  0xd000-0xd0ff]
Jul  8 22:29:08 node4 kernel: [    0.361299] pci 0000:02:00.0: reg 164: [mem 0xea800000-0xea803fff 64bit pref]
Jul  8 22:29:08 node4 kernel: [    0.361352] pci 0000:00:11.0: PCI bridge to [bus 02-02]
Jul  8 22:29:08 node4 kernel: [    0.361356] pci 0000:00:11.0:   bridge window [io  0xd000-0xdfff]
Jul  8 22:29:08 node4 kernel: [    0.361364] pci 0000:00:11.0:   bridge window [mem 0xea400000-0xea8fffff 64bit pref]
Jul  8 22:29:08 node4 kernel: [    0.361403] pci 0000:00:1c.0: PCI bridge to [bus 01-01]
Jul  8 22:29:08 node4 kernel: [    0.361478] pci 0000:00:1c.5: PCI bridge to [bus 06-06]
Jul  8 22:29:08 node4 kernel: [    0.361529] pci 0000:00:1c.6: PCI bridge to [bus 07-07]
Jul  8 22:29:08 node4 kernel: [    0.361594] pci 0000:08:00.0: [104c:8241] type 00 class 0x0c0330
Jul  8 22:29:08 node4 kernel: [    0.361617] pci 0000:08:00.0: reg 10: [mem 0xef200000-0xef20ffff 64bit]
Jul  8 22:29:08 node4 kernel: [    0.361635] pci 0000:08:00.0: reg 18: [mem 0xef210000-0xef211fff 64bit]
Jul  8 22:29:08 node4 kernel: [    0.361733] pci 0000:08:00.0: supports D1 D2
Jul  8 22:29:08 node4 kernel: [    0.361734] pci 0000:08:00.0: PME# supported from D0 D1 D2 D3hot D3cold
Jul  8 22:29:08 node4 kernel: [    0.369046] pci 0000:00:1c.7: PCI bridge to [bus 08-08]
Jul  8 22:29:08 node4 kernel: [    0.369051] pci 0000:00:1c.7:   bridge window [mem 0xef200000-0xef2fffff]
Jul  8 22:29:08 node4 kernel: [    0.369086] pci 0000:09:05.0: [11c1:5811] type 00 class 0x0c0010
Jul  8 22:29:08 node4 kernel: [    0.369101] pci 0000:09:05.0: reg 10: [mem 0xef100000-0xef100fff]
Jul  8 22:29:08 node4 kernel: [    0.369168] pci 0000:09:05.0: supports D1 D2
Jul  8 22:29:08 node4 kernel: [    0.369169] pci 0000:09:05.0: PME# supported from D0 D1 D2 D3hot
Jul  8 22:29:08 node4 kernel: [    0.369204] pci 0000:00:1e.0: PCI bridge to [bus 09-09] (subtractive decode)
Jul  8 22:29:08 node4 kernel: [    0.369208] pci 0000:00:1e.0:   bridge window [mem 0xef100000-0xef1fffff]
Jul  8 22:29:08 node4 kernel: [    0.369213] pci 0000:00:1e.0:   bridge window [io  0x0000-0x03af] (subtractive decode)
Jul  8 22:29:08 node4 kernel: [    0.369214] pci 0000:00:1e.0:   bridge window [io  0x03e0-0x0cf7] (subtractive decode)
Jul  8 22:29:08 node4 kernel: [    0.369215] pci 0000:00:1e.0:   bridge window [io  0x03b0-0x03df] (subtractive decode)
Jul  8 22:29:08 node4 kernel: [    0.369216] pci 0000:00:1e.0:   bridge window [io  0x0d00-0xffff] (subtractive decode)
Jul  8 22:29:08 node4 kernel: [    0.369217] pci 0000:00:1e.0:   bridge window [mem 0x000a0000-0x000bffff] (subtractive decode)
Jul  8 22:29:08 node4 kernel: [    0.369218] pci 0000:00:1e.0:   bridge window [mem 0x000c0000-0x000dffff] (subtractive decode)
Jul  8 22:29:08 node4 kernel: [    0.369220] pci 0000:00:1e.0:   bridge window [mem 0xe0000000-0xefffffff] (subtractive decode)
Jul  8 22:29:08 node4 kernel: [    0.369258] ACPI: PCI Interrupt Routing Table [\_SB_.PCI0._PRT]
Jul  8 22:29:08 node4 kernel: [    0.369339] ACPI: PCI Interrupt Routing Table [\_SB_.PCI0.BR20._PRT]
Jul  8 22:29:08 node4 kernel: [    0.369368] ACPI: PCI Interrupt Routing Table [\_SB_.PCI0.NPE1._PRT]
Jul  8 22:29:08 node4 kernel: [    0.369384] ACPI: PCI Interrupt Routing Table [\_SB_.PCI0.NPE2._PRT]
Jul  8 22:29:08 node4 kernel: [    0.369400] ACPI: PCI Interrupt Routing Table [\_SB_.PCI0.NPE3._PRT]
Jul  8 22:29:08 node4 kernel: [    0.369418] ACPI: PCI Interrupt Routing Table [\_SB_.PCI0.PEX1._PRT]
Jul  8 22:29:08 node4 kernel: [    0.369429] ACPI: PCI Interrupt Routing Table [\_SB_.PCI0.PEX2._PRT]
Jul  8 22:29:08 node4 kernel: [    0.369445] ACPI: PCI Interrupt Routing Table [\_SB_.PCI0.PEX3._PRT]
Jul  8 22:29:08 node4 kernel: [    0.369456] ACPI: PCI Interrupt Routing Table [\_SB_.PCI0.PEX4._PRT]
Jul  8 22:29:08 node4 kernel: [    0.369472] ACPI: PCI Interrupt Routing Table [\_SB_.PCI0.PEX8._PRT]
Jul  8 22:29:08 node4 kernel: [    0.369531]  pci0000:00: Requesting ACPI _OSC control (0x1d)
Jul  8 22:29:08 node4 kernel: [    0.369607]  pci0000:00: ACPI _OSC request failed (AE_SUPPORT), returned control mask: 0x0d
Jul  8 22:29:08 node4 kernel: [    0.369607] ACPI _OSC control for PCIe not granted, disabling ASPM
Jul  8 22:29:08 node4 kernel: [    0.373010] ACPI: PCI Root Bridge [PCI1] (domain 0000 [bus 40-ff])
Jul  8 22:29:08 node4 kernel: [    0.373129] pci_root PNP0A08:01: host bridge window [io  0x0000-0x03af]
Jul  8 22:29:08 node4 kernel: [    0.373131] pci_root PNP0A08:01: host bridge window [io  0x03e0-0x0cf7]
Jul  8 22:29:08 node4 kernel: [    0.373132] pci_root PNP0A08:01: host bridge window [mem 0x000c0000-0x000dffff]
Jul  8 22:29:08 node4 kernel: [    0.373148] PCI host bridge to bus 0000:40
Jul  8 22:29:08 node4 kernel: [    0.373149] pci_bus 0000:40: root bus resource [io  0x0000-0x03af]
Jul  8 22:29:08 node4 kernel: [    0.373150] pci_bus 0000:40: root bus resource [io  0x03e0-0x0cf7]
Jul  8 22:29:08 node4 kernel: [    0.373151] pci_bus 0000:40: root bus resource [mem 0x000c0000-0x000dffff]
Jul  8 22:29:08 node4 kernel: [    0.373178] ACPI: PCI Interrupt Routing Table [\_SB_.PCI1._PRT]
Jul  8 22:29:08 node4 kernel: [    0.373238]  pci0000:40: Requesting ACPI _OSC control (0x1d)
Jul  8 22:29:08 node4 kernel: [    0.373311]  pci0000:40: ACPI _OSC request failed (AE_SUPPORT), returned control mask: 0x0d
Jul  8 22:29:08 node4 kernel: [    0.373312] ACPI _OSC control for PCIe not granted, disabling ASPM
Jul  8 22:29:08 node4 kernel: [    0.373338] ACPI: PCI Interrupt Link [LNKA] (IRQs 3 4 5 6 7 10 *11 12 14 15)
Jul  8 22:29:08 node4 kernel: [    0.373364] ACPI: PCI Interrupt Link [LNKB] (IRQs 3 4 5 6 *7 10 11 12 14 15)
Jul  8 22:29:08 node4 kernel: [    0.373388] ACPI: PCI Interrupt Link [LNKC] (IRQs 3 *4 5 6 10 11 12 14 15)
Jul  8 22:29:08 node4 kernel: [    0.373411] ACPI: PCI Interrupt Link [LNKD] (IRQs *3 4 5 6 10 11 12 14 15)
Jul  8 22:29:08 node4 kernel: [    0.373435] ACPI: PCI Interrupt Link [LNKE] (IRQs 3 4 *5 6 7 10 11 12 14 15)
Jul  8 22:29:08 node4 kernel: [    0.373459] ACPI: PCI Interrupt Link [LNKF] (IRQs 3 4 5 6 7 10 11 12 14 15) *0
Jul  8 22:29:08 node4 kernel: [    0.373483] ACPI: PCI Interrupt Link [LNKG] (IRQs 3 4 5 6 7 10 *11 12 14 15)
Jul  8 22:29:08 node4 kernel: [    0.373506] ACPI: PCI Interrupt Link [LNKH] (IRQs 3 4 5 6 7 *10 11 12 14 15)
Jul  8 22:29:08 node4 kernel: [    0.373572] vgaarb: device added: PCI:0000:05:00.0,decodes=io+mem,owns=io+mem,locks=none
Jul  8 22:29:08 node4 kernel: [    0.373573] vgaarb: loaded
Jul  8 22:29:08 node4 kernel: [    0.373574] vgaarb: bridge control possible 0000:05:00.0
Jul  8 22:29:08 node4 kernel: [    0.373670] SCSI subsystem initialized
Jul  8 22:29:08 node4 kernel: [    0.373701] libata version 3.00 loaded.
Jul  8 22:29:08 node4 kernel: [    0.373714] ACPI: bus type usb registered
Jul  8 22:29:08 node4 kernel: [    0.373724] usbcore: registered new interface driver usbfs
Jul  8 22:29:08 node4 kernel: [    0.373729] usbcore: registered new interface driver hub
Jul  8 22:29:08 node4 kernel: [    0.373740] usbcore: registered new device driver usb
Jul  8 22:29:08 node4 kernel: [    0.373778] PCI: Using ACPI for IRQ routing
Jul  8 22:29:08 node4 kernel: [    0.376416] PCI: Discovered peer bus 7f
Jul  8 22:29:08 node4 kernel: [    0.376417] PCI: root bus 7f: using default resources
Jul  8 22:29:08 node4 kernel: [    0.376419] PCI: Probing PCI hardware (bus 7f)
Jul  8 22:29:08 node4 kernel: [    0.376434] PCI host bridge to bus 0000:7f
Jul  8 22:29:08 node4 kernel: [    0.376435] pci_bus 0000:7f: root bus resource [io  0x0000-0xffff]
Jul  8 22:29:08 node4 kernel: [    0.376437] pci_bus 0000:7f: root bus resource [mem 0x00000000-0x3fffffffffff]
Jul  8 22:29:08 node4 kernel: [    0.376444] pci 0000:7f:08.0: [8086:3c80] type 00 class 0x088000
Jul  8 22:29:08 node4 kernel: [    0.376474] pci 0000:7f:08.3: [8086:3c83] type 00 class 0x088000
Jul  8 22:29:08 node4 kernel: [    0.376510] pci 0000:7f:08.4: [8086:3c84] type 00 class 0x088000
Jul  8 22:29:08 node4 kernel: [    0.376552] pci 0000:7f:09.0: [8086:3c90] type 00 class 0x088000
Jul  8 22:29:08 node4 kernel: [    0.376580] pci 0000:7f:09.3: [8086:3c93] type 00 class 0x088000
Jul  8 22:29:08 node4 kernel: [    0.376615] pci 0000:7f:09.4: [8086:3c94] type 00 class 0x088000
Jul  8 22:29:08 node4 kernel: [    0.376656] pci 0000:7f:0a.0: [8086:3cc0] type 00 class 0x088000
Jul  8 22:29:08 node4 kernel: [    0.376677] pci 0000:7f:0a.1: [8086:3cc1] type 00 class 0x088000
Jul  8 22:29:08 node4 kernel: [    0.376698] pci 0000:7f:0a.2: [8086:3cc2] type 00 class 0x088000
Jul  8 22:29:08 node4 kernel: [    0.376718] pci 0000:7f:0a.3: [8086:3cd0] type 00 class 0x088000
Jul  8 22:29:08 node4 kernel: [    0.376739] pci 0000:7f:0b.0: [8086:3ce0] type 00 class 0x088000
Jul  8 22:29:08 node4 kernel: [    0.376757] pci 0000:7f:0b.3: [8086:3ce3] type 00 class 0x088000
Jul  8 22:29:08 node4 kernel: [    0.376776] pci 0000:7f:0c.0: [8086:3ce8] type 00 class 0x088000
Jul  8 22:29:08 node4 kernel: [    0.376794] pci 0000:7f:0c.1: [8086:3ce8] type 00 class 0x088000
Jul  8 22:29:08 node4 kernel: [    0.376814] pci 0000:7f:0c.6: [8086:3cf4] type 00 class 0x088000
Jul  8 22:29:08 node4 kernel: [    0.376832] pci 0000:7f:0c.7: [8086:3cf6] type 00 class 0x088000
Jul  8 22:29:08 node4 kernel: [    0.376850] pci 0000:7f:0d.0: [8086:3ce8] type 00 class 0x088000
Jul  8 22:29:08 node4 kernel: [    0.376869] pci 0000:7f:0d.1: [8086:3ce8] type 00 class 0x088000
Jul  8 22:29:08 node4 kernel: [    0.376888] pci 0000:7f:0d.6: [8086:3cf5] type 00 class 0x088000
Jul  8 22:29:08 node4 kernel: [    0.376907] pci 0000:7f:0e.0: [8086:3ca0] type 00 class 0x088000
Jul  8 22:29:08 node4 kernel: [    0.376927] pci 0000:7f:0e.1: [8086:3c46] type 00 class 0x110100
Jul  8 22:29:08 node4 kernel: [    0.376952] pci 0000:7f:0f.0: [8086:3ca8] type 00 class 0x088000
Jul  8 22:29:08 node4 kernel: [    0.376982] pci 0000:7f:0f.1: [8086:3c71] type 00 class 0x088000
Jul  8 22:29:08 node4 kernel: [    0.377010] pci 0000:7f:0f.2: [8086:3caa] type 00 class 0x088000
Jul  8 22:29:08 node4 kernel: [    0.377043] pci 0000:7f:0f.3: [8086:3cab] type 00 class 0x088000
Jul  8 22:29:08 node4 kernel: [    0.377072] pci 0000:7f:0f.4: [8086:3cac] type 00 class 0x088000
Jul  8 22:29:08 node4 kernel: [    0.377101] pci 0000:7f:0f.5: [8086:3cad] type 00 class 0x088000
Jul  8 22:29:08 node4 kernel: [    0.377129] pci 0000:7f:0f.6: [8086:3cae] type 00 class 0x088000
Jul  8 22:29:08 node4 kernel: [    0.377153] pci 0000:7f:10.0: [8086:3cb0] type 00 class 0x088000
Jul  8 22:29:08 node4 kernel: [    0.377182] pci 0000:7f:10.1: [8086:3cb1] type 00 class 0x088000
Jul  8 22:29:08 node4 kernel: [    0.377212] pci 0000:7f:10.2: [8086:3cb2] type 00 class 0x088000
Jul  8 22:29:08 node4 kernel: [    0.377241] pci 0000:7f:10.3: [8086:3cb3] type 00 class 0x088000
Jul  8 22:29:08 node4 kernel: [    0.377271] pci 0000:7f:10.4: [8086:3cb4] type 00 class 0x088000
Jul  8 22:29:08 node4 kernel: [    0.377300] pci 0000:7f:10.5: [8086:3cb5] type 00 class 0x088000
Jul  8 22:29:08 node4 kernel: [    0.377330] pci 0000:7f:10.6: [8086:3cb6] type 00 class 0x088000
Jul  8 22:29:08 node4 kernel: [    0.377359] pci 0000:7f:10.7: [8086:3cb7] type 00 class 0x088000
Jul  8 22:29:08 node4 kernel: [    0.377387] pci 0000:7f:11.0: [8086:3cb8] type 00 class 0x088000
Jul  8 22:29:08 node4 kernel: [    0.377412] pci 0000:7f:13.0: [8086:3ce4] type 00 class 0x088000
Jul  8 22:29:08 node4 kernel: [    0.377430] pci 0000:7f:13.1: [8086:3c43] type 00 class 0x110100
Jul  8 22:29:08 node4 kernel: [    0.377449] pci 0000:7f:13.4: [8086:3ce6] type 00 class 0x110100
Jul  8 22:29:08 node4 kernel: [    0.377468] pci 0000:7f:13.5: [8086:3c44] type 00 class 0x110100
Jul  8 22:29:08 node4 kernel: [    0.377487] pci 0000:7f:13.6: [8086:3c45] type 00 class 0x088000
Jul  8 22:29:08 node4 kernel: [    0.377893] PCI: pci_cache_line_size set to 64 bytes
Jul  8 22:29:08 node4 kernel: [    0.378007] e820: reserve RAM buffer [mem 0xc8ed1000-0xcbffffff]
Jul  8 22:29:08 node4 kernel: [    0.378008] e820: reserve RAM buffer [mem 0xdb574000-0xdbffffff]
Jul  8 22:29:08 node4 kernel: [    0.378010] e820: reserve RAM buffer [mem 0xdbb74000-0xdbffffff]
Jul  8 22:29:08 node4 kernel: [    0.378067] NetLabel: Initializing
Jul  8 22:29:08 node4 kernel: [    0.378068] NetLabel:  domain hash size = 128
Jul  8 22:29:08 node4 kernel: [    0.378069] NetLabel:  protocols = UNLABELED CIPSOv4
Jul  8 22:29:08 node4 kernel: [    0.378076] NetLabel:  unlabeled traffic allowed by default
Jul  8 22:29:08 node4 kernel: [    0.378112] hpet0: at MMIO 0xfed00000, IRQs 2, 8, 0, 0, 0, 0, 0, 0
Jul  8 22:29:08 node4 kernel: [    0.378116] hpet0: 8 comparators, 64-bit 14.318180 MHz counter
Jul  8 22:29:08 node4 kernel: [    0.380135] Switching to clocksource hpet
Jul  8 22:29:08 node4 kernel: [    0.383811] AppArmor: AppArmor Filesystem Enabled
Jul  8 22:29:08 node4 kernel: [    0.383823] pnp: PnP ACPI init
Jul  8 22:29:08 node4 kernel: [    0.383830] ACPI: bus type pnp registered
Jul  8 22:29:08 node4 kernel: [    0.383949] pnp 00:00: [bus 00-3f]
Jul  8 22:29:08 node4 kernel: [    0.383950] pnp 00:00: [io  0x0cf8-0x0cff]
Jul  8 22:29:08 node4 kernel: [    0.383951] pnp 00:00: [io  0x0000-0x03af window]
Jul  8 22:29:08 node4 kernel: [    0.383953] pnp 00:00: [io  0x03e0-0x0cf7 window]
Jul  8 22:29:08 node4 kernel: [    0.383954] pnp 00:00: [io  0x03b0-0x03df window]
Jul  8 22:29:08 node4 kernel: [    0.383955] pnp 00:00: [io  0x0d00-0xffff window]
Jul  8 22:29:08 node4 kernel: [    0.383956] pnp 00:00: [mem 0x000a0000-0x000bffff window]
Jul  8 22:29:08 node4 kernel: [    0.383957] pnp 00:00: [mem 0x000c0000-0x000dffff window]
Jul  8 22:29:08 node4 kernel: [    0.383958] pnp 00:00: [mem 0xe0000000-0xefffffff window]
Jul  8 22:29:08 node4 kernel: [    0.383959] pnp 00:00: [mem 0x00000000 window]
Jul  8 22:29:08 node4 kernel: [    0.383960] pnp 00:00: [mem 0x00000000 window]
Jul  8 22:29:08 node4 kernel: [    0.384000] pnp 00:00: Plug and Play ACPI device, IDs PNP0a08 PNP0a03 (active)
Jul  8 22:29:08 node4 kernel: [    0.384020] pnp 00:01: [mem 0xfc000000-0xfcffffff window]
Jul  8 22:29:08 node4 kernel: [    0.384022] pnp 00:01: [mem 0xfd000000-0xfdffffff window]
Jul  8 22:29:08 node4 kernel: [    0.384023] pnp 00:01: [mem 0xfe000000-0xfeafffff window]
Jul  8 22:29:08 node4 kernel: [    0.384024] pnp 00:01: [mem 0xfeb00000-0xfebfffff window]
Jul  8 22:29:08 node4 kernel: [    0.384025] pnp 00:01: [mem 0xfed00400-0xfed3ffff window]
Jul  8 22:29:08 node4 kernel: [    0.384027] pnp 00:01: [mem 0xfed45000-0xfedfffff window]
Jul  8 22:29:08 node4 kernel: [    0.384028] pnp 00:01: [mem 0xeffff000-0xefffffff window]
Jul  8 22:29:08 node4 kernel: [    0.384067] system 00:01: [mem 0xfc000000-0xfcffffff window] has been reserved
Jul  8 22:29:08 node4 kernel: [    0.384069] system 00:01: [mem 0xfd000000-0xfdffffff window] has been reserved
Jul  8 22:29:08 node4 kernel: [    0.384070] system 00:01: [mem 0xfe000000-0xfeafffff window] has been reserved
Jul  8 22:29:08 node4 kernel: [    0.384071] system 00:01: [mem 0xfeb00000-0xfebfffff window] has been reserved
Jul  8 22:29:08 node4 kernel: [    0.384072] system 00:01: [mem 0xfed00400-0xfed3ffff window] could not be reserved
Jul  8 22:29:08 node4 kernel: [    0.384074] system 00:01: [mem 0xfed45000-0xfedfffff window] has been reserved
Jul  8 22:29:08 node4 kernel: [    0.384075] system 00:01: [mem 0xeffff000-0xefffffff window] has been reserved
Jul  8 22:29:08 node4 kernel: [    0.384077] system 00:01: Plug and Play ACPI device, IDs PNP0c01 (active)
Jul  8 22:29:08 node4 kernel: [    0.384141] pnp 00:02: [io  0x0000-0xffffffffffffffff disabled]
Jul  8 22:29:08 node4 kernel: [    0.384142] pnp 00:02: [io  0x0620-0x063f]
Jul  8 22:29:08 node4 kernel: [    0.384143] pnp 00:02: [io  0x0800-0x07ff disabled]
Jul  8 22:29:08 node4 kernel: [    0.384144] pnp 00:02: [io  0x0610-0x061f]
Jul  8 22:29:08 node4 kernel: [    0.384172] system 00:02: [io  0x0620-0x063f] has been reserved
Jul  8 22:29:08 node4 kernel: [    0.384174] system 00:02: [io  0x0610-0x061f] has been reserved
Jul  8 22:29:08 node4 kernel: [    0.384175] system 00:02: Plug and Play ACPI device, IDs PNP0c02 (active)
Jul  8 22:29:08 node4 kernel: [    0.384196] pnp 00:03: [io  0x0060]
Jul  8 22:29:08 node4 kernel: [    0.384197] pnp 00:03: [io  0x0064]
Jul  8 22:29:08 node4 kernel: [    0.384205] pnp 00:03: [irq 1]
Jul  8 22:29:08 node4 kernel: [    0.384219] pnp 00:03: Plug and Play ACPI device, IDs PNP0303 PNP030b (active)
Jul  8 22:29:08 node4 kernel: [    0.384238] pnp 00:04: [irq 12]
Jul  8 22:29:08 node4 kernel: [    0.384248] pnp 00:04: Plug and Play ACPI device, IDs PNP0f03 PNP0f13 (active)
Jul  8 22:29:08 node4 kernel: [    0.384254] pnp 00:05: [dma 4]
Jul  8 22:29:08 node4 kernel: [    0.384256] pnp 00:05: [io  0x0000-0x000f]
Jul  8 22:29:08 node4 kernel: [    0.384257] pnp 00:05: [io  0x0081-0x0083]
Jul  8 22:29:08 node4 kernel: [    0.384258] pnp 00:05: [io  0x0087]
Jul  8 22:29:08 node4 kernel: [    0.384258] pnp 00:05: [io  0x0089-0x008b]
Jul  8 22:29:08 node4 kernel: [    0.384259] pnp 00:05: [io  0x008f]
Jul  8 22:29:08 node4 kernel: [    0.384260] pnp 00:05: [io  0x00c0-0x00df]
Jul  8 22:29:08 node4 kernel: [    0.384271] pnp 00:05: Plug and Play ACPI device, IDs PNP0200 (active)
Jul  8 22:29:08 node4 kernel: [    0.384276] pnp 00:06: [io  0x0070-0x0071]
Jul  8 22:29:08 node4 kernel: [    0.384279] pnp 00:06: [irq 8]
Jul  8 22:29:08 node4 kernel: [    0.384289] pnp 00:06: Plug and Play ACPI device, IDs PNP0b00 (active)
Jul  8 22:29:08 node4 kernel: [    0.384293] pnp 00:07: [io  0x0061]
Jul  8 22:29:08 node4 kernel: [    0.384303] pnp 00:07: Plug and Play ACPI device, IDs PNP0800 (active)
Jul  8 22:29:08 node4 kernel: [    0.384317] pnp 00:08: [io  0x0010-0x001f]
Jul  8 22:29:08 node4 kernel: [    0.384318] pnp 00:08: [io  0x0022-0x003f]
Jul  8 22:29:08 node4 kernel: [    0.384319] pnp 00:08: [io  0x0044-0x005f]
Jul  8 22:29:08 node4 kernel: [    0.384319] pnp 00:08: [io  0x0062-0x0063]
Jul  8 22:29:08 node4 kernel: [    0.384320] pnp 00:08: [io  0x0065-0x006f]
Jul  8 22:29:08 node4 kernel: [    0.384321] pnp 00:08: [io  0x0072-0x007f]
Jul  8 22:29:08 node4 kernel: [    0.384322] pnp 00:08: [io  0x0080]
Jul  8 22:29:08 node4 kernel: [    0.384323] pnp 00:08: [io  0x0084-0x0086]
Jul  8 22:29:08 node4 kernel: [    0.384324] pnp 00:08: [io  0x0088]
Jul  8 22:29:08 node4 kernel: [    0.384325] pnp 00:08: [io  0x008c-0x008e]
Jul  8 22:29:08 node4 kernel: [    0.384326] pnp 00:08: [io  0x0090-0x009f]
Jul  8 22:29:08 node4 kernel: [    0.384327] pnp 00:08: [io  0x00a2-0x00bf]
Jul  8 22:29:08 node4 kernel: [    0.384328] pnp 00:08: [io  0x00e0-0x00ef]
Jul  8 22:29:08 node4 kernel: [    0.384329] pnp 00:08: [io  0x04d0-0x04d1]
Jul  8 22:29:08 node4 kernel: [    0.384359] system 00:08: [io  0x04d0-0x04d1] has been reserved
Jul  8 22:29:08 node4 kernel: [    0.384361] system 00:08: Plug and Play ACPI device, IDs PNP0c02 (active)
Jul  8 22:29:08 node4 kernel: [    0.384366] pnp 00:09: [io  0x00f0-0x00ff]
Jul  8 22:29:08 node4 kernel: [    0.384369] pnp 00:09: [irq 13]
Jul  8 22:29:08 node4 kernel: [    0.384380] pnp 00:09: Plug and Play ACPI device, IDs PNP0c04 (active)
Jul  8 22:29:08 node4 kernel: [    0.384531] pnp 00:0a: [io  0x0400-0x0453]
Jul  8 22:29:08 node4 kernel: [    0.384532] pnp 00:0a: [io  0x0458-0x047f]
Jul  8 22:29:08 node4 kernel: [    0.384533] pnp 00:0a: [io  0x1180-0x119f]
Jul  8 22:29:08 node4 kernel: [    0.384534] pnp 00:0a: [io  0x0500-0x057f]
Jul  8 22:29:08 node4 kernel: [    0.384535] pnp 00:0a: [mem 0xfed1c000-0xfed1ffff]
Jul  8 22:29:08 node4 kernel: [    0.384536] pnp 00:0a: [mem 0xfec00000-0xfecfffff]
Jul  8 22:29:08 node4 kernel: [    0.384538] pnp 00:0a: [mem 0xfed08000-0xfed08fff]
Jul  8 22:29:08 node4 kernel: [    0.384539] pnp 00:0a: [mem 0xff000000-0xffffffff]
Jul  8 22:29:08 node4 kernel: [    0.384572] system 00:0a: [io  0x0400-0x0453] has been reserved
Jul  8 22:29:08 node4 kernel: [    0.384574] system 00:0a: [io  0x0458-0x047f] has been reserved
Jul  8 22:29:08 node4 kernel: [    0.384575] system 00:0a: [io  0x1180-0x119f] has been reserved
Jul  8 22:29:08 node4 kernel: [    0.384576] system 00:0a: [io  0x0500-0x057f] has been reserved
Jul  8 22:29:08 node4 kernel: [    0.384578] system 00:0a: [mem 0xfed1c000-0xfed1ffff] has been reserved
Jul  8 22:29:08 node4 kernel: [    0.384579] system 00:0a: [mem 0xfec00000-0xfecfffff] could not be reserved
Jul  8 22:29:08 node4 kernel: [    0.384580] system 00:0a: [mem 0xfed08000-0xfed08fff] has been reserved
Jul  8 22:29:08 node4 kernel: [    0.384581] system 00:0a: [mem 0xff000000-0xffffffff] has been reserved
Jul  8 22:29:08 node4 kernel: [    0.384583] system 00:0a: Plug and Play ACPI device, IDs PNP0c01 (active)
Jul  8 22:29:08 node4 kernel: [    0.384603] pnp 00:0b: [io  0x0454-0x0457]
Jul  8 22:29:08 node4 kernel: [    0.384630] system 00:0b: [io  0x0454-0x0457] has been reserved
Jul  8 22:29:08 node4 kernel: [    0.384632] system 00:0b: Plug and Play ACPI device, IDs INT3f0d PNP0c02 (active)
Jul  8 22:29:08 node4 kernel: [    0.384693] pnp 00:0c: [mem 0xfed00000-0xfed003ff]
Jul  8 22:29:08 node4 kernel: [    0.384712] pnp 00:0c: Plug and Play ACPI device, IDs PNP0103 (active)
Jul  8 22:29:08 node4 kernel: [    0.384796] pnp 00:0d: [bus 40-ff]
Jul  8 22:29:08 node4 kernel: [    0.384797] pnp 00:0d: [io  0x0cf8-0x0cff]
Jul  8 22:29:08 node4 kernel: [    0.384798] pnp 00:0d: [io  0x0000-0x03af window]
Jul  8 22:29:08 node4 kernel: [    0.384799] pnp 00:0d: [io  0x03e0-0x0cf7 window]
Jul  8 22:29:08 node4 kernel: [    0.384800] pnp 00:0d: [io  0x0000 window]
Jul  8 22:29:08 node4 kernel: [    0.384801] pnp 00:0d: [io  0x0000-0xffff window]
Jul  8 22:29:08 node4 kernel: [    0.384802] pnp 00:0d: [mem 0x00000000 window]
Jul  8 22:29:08 node4 kernel: [    0.384803] pnp 00:0d: [mem 0x000c0000-0x000dffff window]
Jul  8 22:29:08 node4 kernel: [    0.384804] pnp 00:0d: [mem 0x00000000 window]
Jul  8 22:29:08 node4 kernel: [    0.384805] pnp 00:0d: [mem 0x00000000 window]
Jul  8 22:29:08 node4 kernel: [    0.384806] pnp 00:0d: [mem 0x00000000 window]
Jul  8 22:29:08 node4 kernel: [    0.384827] pnp 00:0d: Plug and Play ACPI device, IDs PNP0a08 PNP0a03 (active)
Jul  8 22:29:08 node4 kernel: [    0.384979] pnp 00:0e: [mem 0xfed40000-0xfed44fff]
Jul  8 22:29:08 node4 kernel: [    0.385019] system 00:0e: [mem 0xfed40000-0xfed44fff] has been reserved
Jul  8 22:29:08 node4 kernel: [    0.385021] system 00:0e: Plug and Play ACPI device, IDs PNP0c02 (active)
Jul  8 22:29:08 node4 kernel: [    0.385022] pnp: PnP ACPI: found 15 devices
Jul  8 22:29:08 node4 kernel: [    0.385023] ACPI: ACPI bus type pnp unregistered
Jul  8 22:29:08 node4 kernel: [    0.390654] pci 0000:00:01.0: PCI bridge to [bus 03-03]
Jul  8 22:29:08 node4 kernel: [    0.390662] pci 0000:00:02.0: PCI bridge to [bus 05-05]
Jul  8 22:29:08 node4 kernel: [    0.390664] pci 0000:00:02.0:   bridge window [io  0xc000-0xcfff]
Jul  8 22:29:08 node4 kernel: [    0.390667] pci 0000:00:02.0:   bridge window [mem 0xee000000-0xef0fffff]
Jul  8 22:29:08 node4 kernel: [    0.390670] pci 0000:00:02.0:   bridge window [mem 0xe0000000-0xe9ffffff 64bit pref]
Jul  8 22:29:08 node4 kernel: [    0.390674] pci 0000:00:03.0: PCI bridge to [bus 04-04]
Jul  8 22:29:08 node4 kernel: [    0.390681] pci 0000:00:11.0: PCI bridge to [bus 02-02]
Jul  8 22:29:08 node4 kernel: [    0.390684] pci 0000:00:11.0:   bridge window [io  0xd000-0xdfff]
Jul  8 22:29:08 node4 kernel: [    0.390691] pci 0000:00:11.0:   bridge window [mem 0xea400000-0xea8fffff 64bit pref]
Jul  8 22:29:08 node4 kernel: [    0.390697] pci 0000:00:1c.0: PCI bridge to [bus 01-01]
Jul  8 22:29:08 node4 kernel: [    0.390707] pci 0000:00:1c.5: PCI bridge to [bus 06-06]
Jul  8 22:29:08 node4 kernel: [    0.390723] pci 0000:00:1c.6: PCI bridge to [bus 07-07]
Jul  8 22:29:08 node4 kernel: [    0.390733] pci 0000:00:1c.7: PCI bridge to [bus 08-08]
Jul  8 22:29:08 node4 kernel: [    0.390736] pci 0000:00:1c.7:   bridge window [mem 0xef200000-0xef2fffff]
Jul  8 22:29:08 node4 kernel: [    0.390743] pci 0000:00:1e.0: PCI bridge to [bus 09-09]
Jul  8 22:29:08 node4 kernel: [    0.390747] pci 0000:00:1e.0:   bridge window [mem 0xef100000-0xef1fffff]
Jul  8 22:29:08 node4 kernel: [    0.390806] pci 0000:00:1e.0: setting latency timer to 64
Jul  8 22:29:08 node4 kernel: [    0.390809] pci_bus 0000:00: resource 4 [io  0x0000-0x03af]
Jul  8 22:29:08 node4 kernel: [    0.390810] pci_bus 0000:00: resource 5 [io  0x03e0-0x0cf7]
Jul  8 22:29:08 node4 kernel: [    0.390811] pci_bus 0000:00: resource 6 [io  0x03b0-0x03df]
Jul  8 22:29:08 node4 kernel: [    0.390812] pci_bus 0000:00: resource 7 [io  0x0d00-0xffff]
Jul  8 22:29:08 node4 kernel: [    0.390813] pci_bus 0000:00: resource 8 [mem 0x000a0000-0x000bffff]
Jul  8 22:29:08 node4 kernel: [    0.390815] pci_bus 0000:00: resource 9 [mem 0x000c0000-0x000dffff]
Jul  8 22:29:08 node4 kernel: [    0.390816] pci_bus 0000:00: resource 10 [mem 0xe0000000-0xefffffff]
Jul  8 22:29:08 node4 kernel: [    0.390817] pci_bus 0000:05: resource 0 [io  0xc000-0xcfff]
Jul  8 22:29:08 node4 kernel: [    0.390818] pci_bus 0000:05: resource 1 [mem 0xee000000-0xef0fffff]
Jul  8 22:29:08 node4 kernel: [    0.390819] pci_bus 0000:05: resource 2 [mem 0xe0000000-0xe9ffffff 64bit pref]
Jul  8 22:29:08 node4 kernel: [    0.390820] pci_bus 0000:02: resource 0 [io  0xd000-0xdfff]
Jul  8 22:29:08 node4 kernel: [    0.390822] pci_bus 0000:02: resource 2 [mem 0xea400000-0xea8fffff 64bit pref]
Jul  8 22:29:08 node4 kernel: [    0.390823] pci_bus 0000:08: resource 1 [mem 0xef200000-0xef2fffff]
Jul  8 22:29:08 node4 kernel: [    0.390824] pci_bus 0000:09: resource 1 [mem 0xef100000-0xef1fffff]
Jul  8 22:29:08 node4 kernel: [    0.390825] pci_bus 0000:09: resource 4 [io  0x0000-0x03af]
Jul  8 22:29:08 node4 kernel: [    0.390826] pci_bus 0000:09: resource 5 [io  0x03e0-0x0cf7]
Jul  8 22:29:08 node4 kernel: [    0.390827] pci_bus 0000:09: resource 6 [io  0x03b0-0x03df]
Jul  8 22:29:08 node4 kernel: [    0.390828] pci_bus 0000:09: resource 7 [io  0x0d00-0xffff]
Jul  8 22:29:08 node4 kernel: [    0.390830] pci_bus 0000:09: resource 8 [mem 0x000a0000-0x000bffff]
Jul  8 22:29:08 node4 kernel: [    0.390831] pci_bus 0000:09: resource 9 [mem 0x000c0000-0x000dffff]
Jul  8 22:29:08 node4 kernel: [    0.390832] pci_bus 0000:09: resource 10 [mem 0xe0000000-0xefffffff]
Jul  8 22:29:08 node4 kernel: [    0.390833] pci_bus 0000:40: resource 4 [io  0x0000-0x03af]
Jul  8 22:29:08 node4 kernel: [    0.390834] pci_bus 0000:40: resource 5 [io  0x03e0-0x0cf7]
Jul  8 22:29:08 node4 kernel: [    0.390835] pci_bus 0000:40: resource 6 [mem 0x000c0000-0x000dffff]
Jul  8 22:29:08 node4 kernel: [    0.390836] pci_bus 0000:7f: resource 4 [io  0x0000-0xffff]
Jul  8 22:29:08 node4 kernel: [    0.390838] pci_bus 0000:7f: resource 5 [mem 0x00000000-0x3fffffffffff]
Jul  8 22:29:08 node4 kernel: [    0.390857] NET: Registered protocol family 2
Jul  8 22:29:08 node4 kernel: [    0.390932] IP route cache hash table entries: 131072 (order: 8, 1048576 bytes)
Jul  8 22:29:08 node4 kernel: [    0.391344] TCP established hash table entries: 524288 (order: 11, 8388608 bytes)
Jul  8 22:29:08 node4 kernel: [    0.392300] TCP bind hash table entries: 65536 (order: 8, 1048576 bytes)
Jul  8 22:29:08 node4 kernel: [    0.392423] TCP: Hash tables configured (established 524288 bind 65536)
Jul  8 22:29:08 node4 kernel: [    0.392425] TCP: reno registered
Jul  8 22:29:08 node4 kernel: [    0.392431] UDP hash table entries: 2048 (order: 4, 65536 bytes)
Jul  8 22:29:08 node4 kernel: [    0.392442] UDP-Lite hash table entries: 2048 (order: 4, 65536 bytes)
Jul  8 22:29:08 node4 kernel: [    0.392493] NET: Registered protocol family 1
Jul  8 22:29:08 node4 kernel: [    0.432199] pci 0000:05:00.0: Boot video device
Jul  8 22:29:08 node4 kernel: [    0.432422] PCI: CLS 64 bytes, default 64
Jul  8 22:29:08 node4 kernel: [    0.432423] PCI-DMA: Using software bounce buffering for IO (SWIOTLB)
Jul  8 22:29:08 node4 kernel: [    0.432425] software IO TLB [mem 0xc4ed1000-0xc8ed0fff] (64MB) mapped at [ffff8800c4ed1000-ffff8800c8ed0fff]
Jul  8 22:29:08 node4 kernel: [    0.432865] audit: initializing netlink socket (disabled)
Jul  8 22:29:08 node4 kernel: [    0.432878] type=2000 audit(1373297336.324:1): initialized
Jul  8 22:29:08 node4 kernel: [    0.447901] HugeTLB registered 2 MB page size, pre-allocated 0 pages
Jul  8 22:29:08 node4 kernel: [    0.448862] VFS: Disk quotas dquot_6.5.2
Jul  8 22:29:08 node4 kernel: [    0.448885] Dquot-cache hash table entries: 512 (order 0, 4096 bytes)
Jul  8 22:29:08 node4 kernel: [    0.449139] fuse init (API version 7.19)
Jul  8 22:29:08 node4 kernel: [    0.449180] msgmni has been set to 7698
Jul  8 22:29:08 node4 kernel: [    0.449381] Block layer SCSI generic (bsg) driver version 0.4 loaded (major 252)
Jul  8 22:29:08 node4 kernel: [    0.449398] io scheduler noop registered
Jul  8 22:29:08 node4 kernel: [    0.449399] io scheduler deadline registered (default)
Jul  8 22:29:08 node4 kernel: [    0.449413] io scheduler cfq registered
Jul  8 22:29:08 node4 kernel: [    0.449835] ioapic: probe of 0000:00:05.4 failed with error -22
Jul  8 22:29:08 node4 kernel: [    0.449841] pci_hotplug: PCI Hot Plug PCI Core version: 0.5
Jul  8 22:29:08 node4 kernel: [    0.449851] pciehp: PCI Express Hot Plug Controller Driver version: 0.4
Jul  8 22:29:08 node4 kernel: [    0.449906] efifb: probing for efifb
Jul  8 22:29:08 node4 kernel: [    0.450074] efifb: framebuffer at 0xe9000000, mapped to 0xffffc90012280000, using 1920k, total 1920k
Jul  8 22:29:08 node4 kernel: [    0.450075] efifb: mode is 800x600x32, linelength=3200, pages=1
Jul  8 22:29:08 node4 kernel: [    0.450075] efifb: scrolling: redraw
Jul  8 22:29:08 node4 kernel: [    0.450076] efifb: Truecolor: size=8:8:8:8, shift=24:16:8:0
Jul  8 22:29:08 node4 kernel: [    0.450125] Console: switching to colour frame buffer device 100x37
Jul  8 22:29:08 node4 kernel: [    0.450133] fb0: EFI VGA frame buffer device
Jul  8 22:29:08 node4 kernel: [    0.450137] intel_idle: MWAIT substates: 0x21120
Jul  8 22:29:08 node4 kernel: [    0.450138] intel_idle: v0.4 model 0x2D
Jul  8 22:29:08 node4 kernel: [    0.450139] intel_idle: lapic_timer_reliable_states 0xffffffff
Jul  8 22:29:08 node4 kernel: [    0.450192] input: Power Button as /devices/LNXSYSTM:00/device:00/PNP0C0C:00/input/input0
Jul  8 22:29:08 node4 kernel: [    0.450196] ACPI: Power Button [PWRB]
Jul  8 22:29:08 node4 kernel: [    0.450216] input: Power Button as /devices/LNXSYSTM:00/LNXPWRBN:00/input/input1
Jul  8 22:29:08 node4 kernel: [    0.450218] ACPI: Power Button [PWRF]
Jul  8 22:29:08 node4 kernel: [    0.450262] ACPI: Requesting acpi_cpufreq
Jul  8 22:29:08 node4 kernel: [    0.454397] Freeing initrd memory: 15180k freed
Jul  8 22:29:08 node4 kernel: [    0.467770] GHES: HEST is not enabled!
Jul  8 22:29:08 node4 kernel: [    0.467826] Serial: 8250/16550 driver, 32 ports, IRQ sharing enabled
Jul  8 22:29:08 node4 kernel: [    0.468431] serial 0000:00:16.3: enabling device (0000 -> 0003)
Jul  8 22:29:08 node4 kernel: [    0.468460] serial8250: skipping TxEn test for device [8086:1d3d] subsystem [103c:1589]
Jul  8 22:29:08 node4 kernel: [    0.488656] 0000:00:16.3: ttyS4 at I/O 0xe060 (irq = 17) is a 16550A
Jul  8 22:29:08 node4 kernel: [    0.488796] Linux agpgart interface v0.103
Jul  8 22:29:08 node4 kernel: [    0.489519] brd: module loaded
Jul  8 22:29:08 node4 kernel: [    0.489873] loop: module loaded
Jul  8 22:29:08 node4 kernel: [    0.489933] ahci 0000:00:1f.2: version 3.0
Jul  8 22:29:08 node4 kernel: [    0.489975] ahci 0000:00:1f.2: irq 64 for MSI/MSI-X
Jul  8 22:29:08 node4 kernel: [    0.504168] ahci 0000:00:1f.2: AHCI 0001.0300 32 slots 6 ports 6 Gbps 0x5 impl RAID mode
Jul  8 22:29:08 node4 kernel: [    0.504170] ahci 0000:00:1f.2: flags: 64bit ncq sntf pm led clo pio slum part ems sxs apst 
Jul  8 22:29:08 node4 kernel: [    0.504173] ahci 0000:00:1f.2: setting latency timer to 64
Jul  8 22:29:08 node4 kernel: [    0.512380] scsi0 : ahci
Jul  8 22:29:08 node4 kernel: [    0.512419] scsi1 : ahci
Jul  8 22:29:08 node4 kernel: [    0.512452] scsi2 : ahci
Jul  8 22:29:08 node4 kernel: [    0.512483] scsi3 : ahci
Jul  8 22:29:08 node4 kernel: [    0.512515] scsi4 : ahci
Jul  8 22:29:08 node4 kernel: [    0.512546] scsi5 : ahci
Jul  8 22:29:08 node4 kernel: [    0.512613] ata1: SATA max UDMA/133 abar m2048@0xef329000 port 0xef329100 irq 64
Jul  8 22:29:08 node4 kernel: [    0.512614] ata2: DUMMY
Jul  8 22:29:08 node4 kernel: [    0.512616] ata3: SATA max UDMA/133 abar m2048@0xef329000 port 0xef329200 irq 64
Jul  8 22:29:08 node4 kernel: [    0.512616] ata4: DUMMY
Jul  8 22:29:08 node4 kernel: [    0.512617] ata5: DUMMY
Jul  8 22:29:08 node4 kernel: [    0.512618] ata6: DUMMY
Jul  8 22:29:08 node4 kernel: [    0.512685] pata_acpi 0000:00:16.2: setting latency timer to 64
Jul  8 22:29:08 node4 kernel: [    0.512726] ata_generic 0000:00:16.2: setting latency timer to 64
Jul  8 22:29:08 node4 kernel: [    0.512861] scsi6 : ata_generic
Jul  8 22:29:08 node4 kernel: [    0.512893] scsi7 : ata_generic
Jul  8 22:29:08 node4 kernel: [    0.512914] ata7: PATA max UDMA/100 cmd 0xe0b0 ctl 0xe0a0 bmdma 0xe070 irq 18
Jul  8 22:29:08 node4 kernel: [    0.512915] ata8: PATA max UDMA/100 cmd 0xe090 ctl 0xe080 bmdma 0xe078 irq 18
Jul  8 22:29:08 node4 kernel: [    0.513058] Fixed MDIO Bus: probed
Jul  8 22:29:08 node4 kernel: [    0.513078] tun: Universal TUN/TAP device driver, 1.6
Jul  8 22:29:08 node4 kernel: [    0.513078] tun: (C) 1999-2004 Max Krasnyansky <maxk@qualcomm.com>
Jul  8 22:29:08 node4 kernel: [    0.513102] PPP generic driver version 2.4.2
Jul  8 22:29:08 node4 kernel: [    0.513126] ehci_hcd: USB 2.0 'Enhanced' Host Controller (EHCI) Driver
Jul  8 22:29:08 node4 kernel: [    0.513147] ehci_hcd 0000:00:1a.0: setting latency timer to 64
Jul  8 22:29:08 node4 kernel: [    0.513149] ehci_hcd 0000:00:1a.0: EHCI Host Controller
Jul  8 22:29:08 node4 kernel: [    0.513153] ehci_hcd 0000:00:1a.0: new USB bus registered, assigned bus number 1
Jul  8 22:29:08 node4 kernel: [    0.513171] ehci_hcd 0000:00:1a.0: debug port 2
Jul  8 22:29:08 node4 kernel: [    0.517044] ehci_hcd 0000:00:1a.0: cache line size of 64 is not supported
Jul  8 22:29:08 node4 kernel: [    0.517054] ehci_hcd 0000:00:1a.0: irq 16, io mem 0xef32c000
Jul  8 22:29:08 node4 kernel: [    0.528130] ehci_hcd 0000:00:1a.0: USB 2.0 started, EHCI 1.00
Jul  8 22:29:08 node4 kernel: [    0.528160] usb usb1: New USB device found, idVendor=1d6b, idProduct=0002
Jul  8 22:29:08 node4 kernel: [    0.528161] usb usb1: New USB device strings: Mfr=3, Product=2, SerialNumber=1
Jul  8 22:29:08 node4 kernel: [    0.528162] usb usb1: Product: EHCI Host Controller
Jul  8 22:29:08 node4 kernel: [    0.528163] usb usb1: Manufacturer: Linux 3.5.0-23-generic ehci_hcd
Jul  8 22:29:08 node4 kernel: [    0.528164] usb usb1: SerialNumber: 0000:00:1a.0
Jul  8 22:29:08 node4 kernel: [    0.528222] hub 1-0:1.0: USB hub found
Jul  8 22:29:08 node4 kernel: [    0.528225] hub 1-0:1.0: 2 ports detected
Jul  8 22:29:08 node4 kernel: [    0.528282] ehci_hcd 0000:00:1d.0: setting latency timer to 64
Jul  8 22:29:08 node4 kernel: [    0.528284] ehci_hcd 0000:00:1d.0: EHCI Host Controller
Jul  8 22:29:08 node4 kernel: [    0.528287] ehci_hcd 0000:00:1d.0: new USB bus registered, assigned bus number 2
Jul  8 22:29:08 node4 kernel: [    0.528303] ehci_hcd 0000:00:1d.0: debug port 2
Jul  8 22:29:08 node4 kernel: [    0.532172] ehci_hcd 0000:00:1d.0: cache line size of 64 is not supported
Jul  8 22:29:08 node4 kernel: [    0.532181] ehci_hcd 0000:00:1d.0: irq 23, io mem 0xef32b000
Jul  8 22:29:08 node4 kernel: [    0.544126] ehci_hcd 0000:00:1d.0: USB 2.0 started, EHCI 1.00
Jul  8 22:29:08 node4 kernel: [    0.544149] usb usb2: New USB device found, idVendor=1d6b, idProduct=0002
Jul  8 22:29:08 node4 kernel: [    0.544150] usb usb2: New USB device strings: Mfr=3, Product=2, SerialNumber=1
Jul  8 22:29:08 node4 kernel: [    0.544151] usb usb2: Product: EHCI Host Controller
Jul  8 22:29:08 node4 kernel: [    0.544152] usb usb2: Manufacturer: Linux 3.5.0-23-generic ehci_hcd
Jul  8 22:29:08 node4 kernel: [    0.544153] usb usb2: SerialNumber: 0000:00:1d.0
Jul  8 22:29:08 node4 kernel: [    0.544205] hub 2-0:1.0: USB hub found
Jul  8 22:29:08 node4 kernel: [    0.544207] hub 2-0:1.0: 2 ports detected
Jul  8 22:29:08 node4 kernel: [    0.544246] ohci_hcd: USB 1.1 'Open' Host Controller (OHCI) Driver
Jul  8 22:29:08 node4 kernel: [    0.544256] uhci_hcd: USB Universal Host Controller Interface driver
Jul  8 22:29:08 node4 kernel: [    0.544290] xhci_hcd 0000:08:00.0: xHCI Host Controller
Jul  8 22:29:08 node4 kernel: [    0.544293] xhci_hcd 0000:08:00.0: new USB bus registered, assigned bus number 3
Jul  8 22:29:08 node4 kernel: [    0.544451] xhci_hcd 0000:08:00.0: irq 19, io mem 0xef200000
Jul  8 22:29:08 node4 kernel: [    0.544513] xhci_hcd 0000:08:00.0: irq 65 for MSI/MSI-X
Jul  8 22:29:08 node4 kernel: [    0.544517] xhci_hcd 0000:08:00.0: irq 66 for MSI/MSI-X
Jul  8 22:29:08 node4 kernel: [    0.544522] xhci_hcd 0000:08:00.0: irq 67 for MSI/MSI-X
Jul  8 22:29:08 node4 kernel: [    0.544525] xhci_hcd 0000:08:00.0: irq 68 for MSI/MSI-X
Jul  8 22:29:08 node4 kernel: [    0.544529] xhci_hcd 0000:08:00.0: irq 69 for MSI/MSI-X
Jul  8 22:29:08 node4 kernel: [    0.544533] xhci_hcd 0000:08:00.0: irq 70 for MSI/MSI-X
Jul  8 22:29:08 node4 kernel: [    0.544536] xhci_hcd 0000:08:00.0: irq 71 for MSI/MSI-X
Jul  8 22:29:08 node4 kernel: [    0.544539] xhci_hcd 0000:08:00.0: irq 72 for MSI/MSI-X
Jul  8 22:29:08 node4 kernel: [    0.544623] usb usb3: New USB device found, idVendor=1d6b, idProduct=0002
Jul  8 22:29:08 node4 kernel: [    0.544624] usb usb3: New USB device strings: Mfr=3, Product=2, SerialNumber=1
Jul  8 22:29:08 node4 kernel: [    0.544625] usb usb3: Product: xHCI Host Controller
Jul  8 22:29:08 node4 kernel: [    0.544626] usb usb3: Manufacturer: Linux 3.5.0-23-generic xhci_hcd
Jul  8 22:29:08 node4 kernel: [    0.544627] usb usb3: SerialNumber: 0000:08:00.0
Jul  8 22:29:08 node4 kernel: [    0.544662] xHCI xhci_add_endpoint called for root hub
Jul  8 22:29:08 node4 kernel: [    0.544664] xHCI xhci_check_bandwidth called for root hub
Jul  8 22:29:08 node4 kernel: [    0.544674] hub 3-0:1.0: USB hub found
Jul  8 22:29:08 node4 kernel: [    0.544682] hub 3-0:1.0: 4 ports detected
Jul  8 22:29:08 node4 kernel: [    0.544729] xhci_hcd 0000:08:00.0: xHCI Host Controller
Jul  8 22:29:08 node4 kernel: [    0.544731] xhci_hcd 0000:08:00.0: new USB bus registered, assigned bus number 4
Jul  8 22:29:08 node4 kernel: [    0.544748] usb usb4: New USB device found, idVendor=1d6b, idProduct=0003
Jul  8 22:29:08 node4 kernel: [    0.544749] usb usb4: New USB device strings: Mfr=3, Product=2, SerialNumber=1
Jul  8 22:29:08 node4 kernel: [    0.544750] usb usb4: Product: xHCI Host Controller
Jul  8 22:29:08 node4 kernel: [    0.544751] usb usb4: Manufacturer: Linux 3.5.0-23-generic xhci_hcd
Jul  8 22:29:08 node4 kernel: [    0.544752] usb usb4: SerialNumber: 0000:08:00.0
Jul  8 22:29:08 node4 kernel: [    0.544783] xHCI xhci_add_endpoint called for root hub
Jul  8 22:29:08 node4 kernel: [    0.544784] xHCI xhci_check_bandwidth called for root hub
Jul  8 22:29:08 node4 kernel: [    0.544795] hub 4-0:1.0: USB hub found
Jul  8 22:29:08 node4 kernel: [    0.544802] hub 4-0:1.0: 4 ports detected
Jul  8 22:29:08 node4 kernel: [    0.544885] usbcore: registered new interface driver libusual
Jul  8 22:29:08 node4 kernel: [    0.544907] i8042: PNP: PS/2 Controller [PNP0303:PS2K,PNP0f03:PS2M] at 0x60,0x64 irq 1,12
Jul  8 22:29:08 node4 kernel: [    0.547435] serio: i8042 KBD port at 0x60,0x64 irq 1
Jul  8 22:29:08 node4 kernel: [    0.547439] serio: i8042 AUX port at 0x60,0x64 irq 12
Jul  8 22:29:08 node4 kernel: [    0.547483] mousedev: PS/2 mouse device common for all mice
Jul  8 22:29:08 node4 kernel: [    0.547562] rtc_cmos 00:06: RTC can wake from S4
Jul  8 22:29:08 node4 kernel: [    0.547660] rtc_cmos 00:06: rtc core: registered rtc_cmos as rtc0
Jul  8 22:29:08 node4 kernel: [    0.547684] rtc0: alarms up to one month, y3k, 114 bytes nvram, hpet irqs
Jul  8 22:29:08 node4 kernel: [    0.547722] device-mapper: uevent: version 1.0.3
Jul  8 22:29:08 node4 kernel: [    0.547757] device-mapper: ioctl: 4.22.0-ioctl (2011-10-19) initialised: dm-devel@redhat.com
Jul  8 22:29:08 node4 kernel: [    0.547839] cpuidle: using governor ladder
Jul  8 22:29:08 node4 kernel: [    0.547946] cpuidle: using governor menu
Jul  8 22:29:08 node4 kernel: [    0.547947] EFI Variables Facility v0.08 2004-May-17
Jul  8 22:29:08 node4 kernel: [    0.555068] ashmem: initialized
Jul  8 22:29:08 node4 kernel: [    0.555137] TCP: cubic registered
Jul  8 22:29:08 node4 kernel: [    0.555186] NET: Registered protocol family 10
Jul  8 22:29:08 node4 kernel: [    0.555294] NET: Registered protocol family 17
Jul  8 22:29:08 node4 kernel: [    0.555304] Key type dns_resolver registered
Jul  8 22:29:08 node4 kernel: [    0.555386] PM: Hibernation image not present or could not be loaded.
Jul  8 22:29:08 node4 kernel: [    0.555394] registered taskstats version 1
Jul  8 22:29:08 node4 kernel: [    0.556696] Key type trusted registered
Jul  8 22:29:08 node4 kernel: [    0.558055] Key type encrypted registered
Jul  8 22:29:08 node4 kernel: [    0.559771]   Magic number: 5:124:487
Jul  8 22:29:08 node4 kernel: [    0.559862] rtc_cmos 00:06: setting system clock to 2013-07-08 15:28:57 UTC (1373297337)
Jul  8 22:29:08 node4 kernel: [    0.560662] BIOS EDD facility v0.16 2004-Jun-25, 0 devices found
Jul  8 22:29:08 node4 kernel: [    0.560663] EDD information not available.
Jul  8 22:29:08 node4 kernel: [    0.832005] ata1: SATA link up 6.0 Gbps (SStatus 133 SControl 300)
Jul  8 22:29:08 node4 kernel: [    0.832023] ata3: SATA link up 1.5 Gbps (SStatus 113 SControl 300)
Jul  8 22:29:08 node4 kernel: [    0.833023] ata1.00: ATA-8: ST500DM002-1BD142, HP73, max UDMA/100
Jul  8 22:29:08 node4 kernel: [    0.833025] ata1.00: 976773168 sectors, multi 16: LBA48 NCQ (depth 31/32)
Jul  8 22:29:08 node4 kernel: [    0.834308] ata1.00: configured for UDMA/100
Jul  8 22:29:08 node4 kernel: [    0.834387] scsi 0:0:0:0: Direct-Access     ATA      ST500DM002-1BD14 HP73 PQ: 0 ANSI: 5
Jul  8 22:29:08 node4 kernel: [    0.834424] ata3.00: ATAPI: hp      DVD A  DH16ACSHR, JHG7, max UDMA/100
Jul  8 22:29:08 node4 kernel: [    0.834472] sd 0:0:0:0: Attached scsi generic sg0 type 0
Jul  8 22:29:08 node4 kernel: [    0.834513] sd 0:0:0:0: [sda] 976773168 512-byte logical blocks: (500 GB/465 GiB)
Jul  8 22:29:08 node4 kernel: [    0.834515] sd 0:0:0:0: [sda] 4096-byte physical blocks
Jul  8 22:29:08 node4 kernel: [    0.834613] sd 0:0:0:0: [sda] Write Protect is off
Jul  8 22:29:08 node4 kernel: [    0.834616] sd 0:0:0:0: [sda] Mode Sense: 00 3a 00 00
Jul  8 22:29:08 node4 kernel: [    0.834756] sd 0:0:0:0: [sda] Write cache: enabled, read cache: enabled, doesn't support DPO or FUA
Jul  8 22:29:08 node4 kernel: [    0.835450] ata3.00: configured for UDMA/100
Jul  8 22:29:08 node4 kernel: [    0.839997] usb 1-1: new high-speed USB device number 2 using ehci_hcd
Jul  8 22:29:08 node4 kernel: [    0.885097]  sda: sda1 sda2 sda3
Jul  8 22:29:08 node4 kernel: [    0.885957] sd 0:0:0:0: [sda] Attached SCSI disk
Jul  8 22:29:08 node4 kernel: [    0.889578] scsi 2:0:0:0: CD-ROM            hp       DVD A  DH16ACSHR JHG7 PQ: 0 ANSI: 5
Jul  8 22:29:08 node4 kernel: [    0.893371] sr0: scsi3-mmc drive: 40x/40x writer dvd-ram cd/rw xa/form2 cdda tray
Jul  8 22:29:08 node4 kernel: [    0.893386] cdrom: Uniform CD-ROM driver Revision: 3.20
Jul  8 22:29:08 node4 kernel: [    0.893470] sr 2:0:0:0: Attached scsi CD-ROM sr0
Jul  8 22:29:08 node4 kernel: [    0.893544] sr 2:0:0:0: Attached scsi generic sg1 type 5
Jul  8 22:29:08 node4 kernel: [    0.972299] usb 1-1: New USB device found, idVendor=8087, idProduct=0024
Jul  8 22:29:08 node4 kernel: [    0.972301] usb 1-1: New USB device strings: Mfr=0, Product=0, SerialNumber=0
Jul  8 22:29:08 node4 kernel: [    0.972561] hub 1-1:1.0: USB hub found
Jul  8 22:29:08 node4 kernel: [    0.972667] hub 1-1:1.0: 6 ports detected
Jul  8 22:29:08 node4 kernel: [    1.059621] Freeing unused kernel memory: 948k freed
Jul  8 22:29:08 node4 kernel: [    1.059707] Write protecting the kernel read-only data: 12288k
Jul  8 22:29:08 node4 kernel: [    1.062104] Freeing unused kernel memory: 1352k freed
Jul  8 22:29:08 node4 kernel: [    1.064010] Freeing unused kernel memory: 1048k freed
Jul  8 22:29:08 node4 kernel: [    1.083861] usb 2-1: new high-speed USB device number 2 using ehci_hcd
Jul  8 22:29:08 node4 kernel: [    1.090159] e1000e: Intel(R) PRO/1000 Network Driver - 2.0.0-k
Jul  8 22:29:08 node4 kernel: [    1.090163] e1000e: Copyright(c) 1999 - 2012 Intel Corporation.
Jul  8 22:29:08 node4 kernel: [    1.090209] e1000e 0000:00:19.0: setting latency timer to 64
Jul  8 22:29:08 node4 kernel: [    1.090280] e1000e 0000:00:19.0: Interrupt Throttling Rate (ints/sec) set to dynamic conservative mode
Jul  8 22:29:08 node4 kernel: [    1.090308] e1000e 0000:00:19.0: irq 73 for MSI/MSI-X
Jul  8 22:29:08 node4 kernel: [    1.090652] isci: Intel(R) C600 SAS Controller Driver - version 1.1.0
Jul  8 22:29:08 node4 kernel: [    1.090665] isci 0000:02:00.0: driver configured for rev: 5 silicon
Jul  8 22:29:08 node4 kernel: [    1.090745] isci 0000:02:00.0: Unable to obtain EFI var data for OEM parms
Jul  8 22:29:08 node4 kernel: [    1.090748] isci 0000:02:00.0: OEM parameter table found in OROM
Jul  8 22:29:08 node4 kernel: [    1.090750] isci 0000:02:00.0: OEM SAS parameters (version: 1.1) loaded (platform)
Jul  8 22:29:08 node4 kernel: [    1.091881] isci 0000:02:00.0: SCU controller 0: phy 3-0 cables: {short, short, short, short}
Jul  8 22:29:08 node4 kernel: [    1.094100] scsi8 : isci
Jul  8 22:29:08 node4 kernel: [    1.094360] firewire_ohci 0000:09:05.0: enabling device (0100 -> 0102)
Jul  8 22:29:08 node4 kernel: [    1.094666] isci 0000:02:00.0: irq 74 for MSI/MSI-X
Jul  8 22:29:08 node4 kernel: [    1.094673] isci 0000:02:00.0: irq 75 for MSI/MSI-X
Jul  8 22:29:08 node4 kernel: [    1.147850] firewire_ohci 0000:09:05.0: added OHCI v1.0 device as card 0, 8 IR + 8 IT contexts, quirks 0x0
Jul  8 22:29:08 node4 kernel: [    1.216125] usb 2-1: New USB device found, idVendor=8087, idProduct=0024
Jul  8 22:29:08 node4 kernel: [    1.216131] usb 2-1: New USB device strings: Mfr=0, Product=0, SerialNumber=0
Jul  8 22:29:08 node4 kernel: [    1.216392] hub 2-1:1.0: USB hub found
Jul  8 22:29:08 node4 kernel: [    1.216489] hub 2-1:1.0: 8 ports detected
Jul  8 22:29:08 node4 kernel: [    1.293334] e1000e 0000:00:19.0: eth0: (PCI Express:2.5GT/s:Width x1) 10:60:4b:6b:f8:3b
Jul  8 22:29:08 node4 kernel: [    1.293336] e1000e 0000:00:19.0: eth0: Intel(R) PRO/1000 Network Connection
Jul  8 22:29:08 node4 kernel: [    1.293368] e1000e 0000:00:19.0: eth0: MAC: 10, PHY: 11, PBA No: 0100FF-0FF
Jul  8 22:29:08 node4 kernel: [    1.370553] EXT4-fs (sda2): INFO: recovery required on readonly filesystem
Jul  8 22:29:08 node4 kernel: [    1.370555] EXT4-fs (sda2): write access will be enabled during recovery
Jul  8 22:29:08 node4 kernel: [    1.431689] Refined TSC clocksource calibration: 3591.121 MHz.
Jul  8 22:29:08 node4 kernel: [    1.431692] Switching to clocksource tsc
Jul  8 22:29:08 node4 kernel: [    1.487728] usb 2-1.1: new low-speed USB device number 3 using ehci_hcd
Jul  8 22:29:08 node4 kernel: [    1.594678] usb 2-1.1: New USB device found, idVendor=03f0, idProduct=0024
Jul  8 22:29:08 node4 kernel: [    1.594684] usb 2-1.1: New USB device strings: Mfr=1, Product=2, SerialNumber=0
Jul  8 22:29:08 node4 kernel: [    1.594687] usb 2-1.1: Product: HP Basic USB Keyboard
Jul  8 22:29:08 node4 kernel: [    1.594690] usb 2-1.1: Manufacturer: CHICONY
Jul  8 22:29:08 node4 kernel: [    1.603847] usbcore: registered new interface driver usbhid
Jul  8 22:29:08 node4 kernel: [    1.603848] usbhid: USB HID core driver
Jul  8 22:29:08 node4 kernel: [    1.605041] input: CHICONY HP Basic USB Keyboard as /devices/pci0000:00/0000:00:1d.0/usb2/2-1/2-1.1/2-1.1:1.0/input/input2
Jul  8 22:29:08 node4 kernel: [    1.605166] hid-generic 0003:03F0:0024.0001: input,hidraw0: USB HID v1.11 Keyboard [CHICONY HP Basic USB Keyboard] on usb-0000:00:1d.0-1.1/input0
Jul  8 22:29:08 node4 kernel: [    1.647646] firewire_core 0000:09:05.0: created device fw0: GUID 0060b0000091f703, S400
Jul  8 22:29:08 node4 kernel: [    1.667652] usb 2-1.2: new low-speed USB device number 4 using ehci_hcd
Jul  8 22:29:08 node4 kernel: [    1.763973] usb 2-1.2: New USB device found, idVendor=046d, idProduct=c077
Jul  8 22:29:08 node4 kernel: [    1.763980] usb 2-1.2: New USB device strings: Mfr=1, Product=2, SerialNumber=0
Jul  8 22:29:08 node4 kernel: [    1.763993] usb 2-1.2: Product: USB Optical Mouse
Jul  8 22:29:08 node4 kernel: [    1.763994] usb 2-1.2: Manufacturer: Logitech
Jul  8 22:29:08 node4 kernel: [    1.766461] input: Logitech USB Optical Mouse as /devices/pci0000:00/0000:00:1d.0/usb2/2-1/2-1.2/2-1.2:1.0/input/input3
Jul  8 22:29:08 node4 kernel: [    1.766585] hid-generic 0003:046D:C077.0002: input,hidraw1: USB HID v1.11 Mouse [Logitech USB Optical Mouse] on usb-0000:00:1d.0-1.2/input0
Jul  8 22:29:08 node4 kernel: [    2.860681] EXT4-fs (sda2): orphan cleanup on readonly fs
Jul  8 22:29:08 node4 kernel: [    2.860686] EXT4-fs (sda2): ext4_orphan_cleanup: deleting unreferenced inode 13507599
Jul  8 22:29:08 node4 kernel: [    2.860723] EXT4-fs (sda2): 1 orphan inode deleted
Jul  8 22:29:08 node4 kernel: [    2.860723] EXT4-fs (sda2): recovery complete
Jul  8 22:29:08 node4 kernel: [    2.959532] EXT4-fs (sda2): mounted filesystem with ordered data mode. Opts: (null)
Jul  8 22:29:08 node4 kernel: [   10.918310] Adding 4105212k swap on /dev/sda3.  Priority:-1 extents:1 across:4105212k 
Jul  8 22:29:08 node4 kernel: [   10.920576] IPv6: ADDRCONF(NETDEV_UP): eth0: link is not ready
Jul  8 22:29:08 node4 kernel: [   11.022888] lp: driver loaded but no devices found
Jul  8 22:29:08 node4 kernel: [   11.024821] mei 0000:00:16.0: setting latency timer to 64
Jul  8 22:29:08 node4 kernel: [   11.024876] mei 0000:00:16.0: irq 76 for MSI/MSI-X
Jul  8 22:29:08 node4 kernel: [   11.025743] wmi: Mapper loaded
Jul  8 22:29:08 node4 kernel: [   11.028227] [drm] Initialized drm 1.1.0 20060810
Jul  8 22:29:08 node4 kernel: [   11.031314] ACPI Warning: 0x0000000000000430-0x0000000000000433 SystemIO conflicts with Region \_SB_.PCI0.SBRG.SMIE 1 (20120320/utaddress-251)
Jul  8 22:29:08 node4 kernel: [   11.031320] ACPI: If an ACPI driver is available for this device, you should use it instead of the native driver
Jul  8 22:29:08 node4 kernel: [   11.031322] lpc_ich: Resource conflict(s) found affecting iTCO_wdt
